###############################################################################
#
# IAR ELF Linker V9.20.1.318/W64 for ARM                  14/May/2023  01:49:15
# Copyright 2007-2021 IAR Systems AB.
#
#    Output file  =
#        F:\Zigbee_communication\sw\default\Exe\zr_sw_CC1352P_2_LAUNCHXL_tirtos7_iar.out
#    Map file     =
#        F:\Zigbee_communication\sw\default\List\zr_sw_CC1352P_2_LAUNCHXL_tirtos7_iar.map
#    Command line =
#        -f
#        F:\Zigbee_communication\sw\default\Exe\zr_sw_CC1352P_2_LAUNCHXL_tirtos7_iar.out.rsp
#        ("F:\Zigbee_communication\sw\default\Obj\ZR Sw\Stack\af\af.o"
#        "F:\Zigbee_communication\sw\default\Obj\ZR Sw\Stack\bdb\bdb.o"
#        "F:\Zigbee_communication\sw\default\Obj\ZR
#        Sw\Stack\bdb\bdb_finding_and_binding.o"
#        "F:\Zigbee_communication\sw\default\Obj\ZR
#        Sw\Stack\bdb\bdb_reporting.o"
#        "F:\Zigbee_communication\sw\default\Obj\ZR
#        Sw\Common\touchlink\bdb_tl_commissioning.o"
#        "F:\Zigbee_communication\sw\default\Obj\ZR
#        Sw\Stack\bdb\bdb_touchlink.o"
#        "F:\Zigbee_communication\sw\default\Obj\ZR
#        Sw\Stack\bdb\bdb_touchlink_initiator.o"
#        "F:\Zigbee_communication\sw\default\Obj\ZR
#        Sw\Stack\bdb\bdb_touchlink_target.o"
#        "F:\Zigbee_communication\sw\default\Obj\ZR
#        Sw\Stack\nwk\binding_table.o"
#        "F:\Zigbee_communication\sw\default\Obj\ZR
#        Sw\Application\Services\crc.o"
#        "F:\Zigbee_communication\sw\default\Obj\ZR Sw\Stack\MAC\Debug\dbg.o"
#        "F:\Zigbee_communication\sw\default\Obj\ZR Sw\Stack\ROM\fh_rom_init.o"
#        "F:\Zigbee_communication\sw\default\Obj\ZR
#        Sw\Common\gp\gp_bit_fields.o"
#        "F:\Zigbee_communication\sw\default\Obj\ZR Sw\Common\gp\gp_common.o"
#        "F:\Zigbee_communication\sw\default\Obj\ZR Sw\Common\gp\gp_proxy.o"
#        "F:\Zigbee_communication\sw\default\Obj\ZR
#        Sw\Common\gp\gp_proxy_table.o"
#        "F:\Zigbee_communication\sw\default\Obj\ZR
#        Sw\Stack\ROM\hmac_rom_init.o"
#        "F:\Zigbee_communication\sw\default\Obj\ZR
#        Sw\Stack\ROM\icall_osal_rom_init.o"
#        "F:\Zigbee_communication\sw\default\Obj\ZR
#        Sw\Stack\ROM\lmac_rom_init.o"
#        "F:\Zigbee_communication\sw\default\Obj\ZR
#        Sw\Stack\MAC\LowLevel\mac_activity.o"
#        "F:\Zigbee_communication\sw\default\Obj\ZR
#        Sw\Stack\MAC\HighLevel\mac_cfg.o"
#        "F:\Zigbee_communication\sw\default\Obj\ZR
#        Sw\Stack\MAC\LowLevel\mac_settings.o"
#        "F:\Zigbee_communication\sw\default\Obj\ZR
#        Sw\Stack\Config\mac_user_config.o"
#        "F:\Zigbee_communication\sw\default\Obj\ZR
#        Sw\Application\util\mac_util.o"
#        "F:\Zigbee_communication\sw\default\Obj\ZR
#        Sw\Application\StartUp\main.o"
#        "F:\Zigbee_communication\sw\default\Obj\ZR
#        Sw\Application\Services\nvocmp.o"
#        "F:\Zigbee_communication\sw\default\Obj\ZR Sw\Stack\nwk\nwk_globals.o"
#        "F:\Zigbee_communication\sw\default\Obj\ZR
#        Sw\Stack\osal_port\osal_nv.o"
#        "F:\Zigbee_communication\sw\default\Obj\ZR
#        Sw\Stack\osal_port\osal_port.o"
#        "F:\Zigbee_communication\sw\default\Obj\ZR
#        Sw\Stack\osal_port\osal_port_timers.o"
#        "F:\Zigbee_communication\sw\default\Obj\ZR
#        Sw\Stack\ROM\rom_init_154.o"
#        "F:\Zigbee_communication\sw\default\Obj\ZR
#        Sw\Application\Services\saddr.o"
#        "F:\Zigbee_communication\sw\default\Obj\ZR Sw\Stack\nwk\stub_aps.o"
#        "F:\Zigbee_communication\sw\default\Obj\SysConfig Generated
#        Files\ti_devices_config.o"
#        "F:\Zigbee_communication\sw\default\Obj\SysConfig Generated
#        Files\ti_drivers_config.o"
#        "F:\Zigbee_communication\sw\default\Obj\SysConfig Generated
#        Files\ti_radio_config.o"
#        "F:\Zigbee_communication\sw\default\Obj\SysConfig Generated
#        Files\ti_sysbios_config.o"
#        "F:\Zigbee_communication\sw\default\Obj\SysConfig Generated
#        Files\ti_zstack_config.o" "F:\Zigbee_communication\sw\default\Obj\ZR
#        Sw\Common\touchlink\touchlink_initiator_app.o"
#        "F:\Zigbee_communication\sw\default\Obj\ZR
#        Sw\Common\touchlink\touchlink_target_app.o"
#        "F:\Zigbee_communication\sw\default\Obj\ZR
#        Sw\Application\util\utc_clock.o"
#        "F:\Zigbee_communication\sw\default\Obj\ZR
#        Sw\Application\util\util_timer.o"
#        "F:\Zigbee_communication\sw\default\Obj\ZR Sw\Common\zcl\zcl.o"
#        "F:\Zigbee_communication\sw\default\Obj\ZR
#        Sw\Common\zcl\zcl_general.o"
#        "F:\Zigbee_communication\sw\default\Obj\ZR
#        Sw\Common\zcl\zcl_green_power.o"
#        "F:\Zigbee_communication\sw\default\Obj\ZR Sw\Common\zcl\zcl_ha.o"
#        "F:\Zigbee_communication\sw\default\Obj\ZR Sw\Common\zcl\zcl_port.o"
#        "F:\Zigbee_communication\sw\default\Obj\ZR
#        Sw\Application\zcl_samplesw.o"
#        "F:\Zigbee_communication\sw\default\Obj\ZR
#        Sw\Application\zcl_samplesw_data.o"
#        "F:\Zigbee_communication\sw\default\Obj\ZR Sw\Stack\zdo\zd_app.o"
#        "F:\Zigbee_communication\sw\default\Obj\ZR Sw\Stack\zdo\zd_config.o"
#        "F:\Zigbee_communication\sw\default\Obj\ZR Sw\Stack\zdo\zd_nwk_mgr.o"
#        "F:\Zigbee_communication\sw\default\Obj\ZR Sw\Stack\zdo\zd_object.o"
#        "F:\Zigbee_communication\sw\default\Obj\ZR Sw\Stack\zdo\zd_profile.o"
#        "F:\Zigbee_communication\sw\default\Obj\ZR Sw\Stack\zdo\zd_sec_mgr.o"
#        "F:\Zigbee_communication\sw\default\Obj\ZR Sw\Stack\sys\zdiags.o"
#        "F:\Zigbee_communication\sw\default\Obj\ZR Sw\Stack\sys\zglobals.o"
#        "F:\Zigbee_communication\sw\default\Obj\ZR Sw\Stack\zmac\zmac.o"
#        "F:\Zigbee_communication\sw\default\Obj\ZR Sw\Stack\zmac\zmac_cb.o"
#        "F:\Zigbee_communication\sw\default\Obj\ZR
#        Sw\Application\ZStackApi\zstackapi.o"
#        "F:\Zigbee_communication\sw\default\Obj\ZR
#        Sw\Application\StartUp\zstackstartup.o"
#        "F:\Zigbee_communication\sw\default\Obj\ZR
#        Sw\Stack\ZStackTask\zstacktask.o" --no_out_extension -o
#        F:\Zigbee_communication\sw\default\Exe\zr_sw_CC1352P_2_LAUNCHXL_tirtos7_iar.out
#        --map
#        F:\Zigbee_communication\sw\default\List\zr_sw_CC1352P_2_LAUNCHXL_tirtos7_iar.map
#        --config F:\Zigbee_communication\sw/cc13x2_cc26x2.icf --silent
#        --redirect _Printf=_PrintfSmall --config_def=NVOCMP_NVPAGES=2
#        -fF:\Zigbee_communication\sw/ti_utils_build_linker.cmd.genlibs
#        (third_party/spiffs/lib/iar/m4f/spiffs.a
#        ti/drivers/rf/lib/iar/m4f/rf_multiMode_cc13x2.a
#        ti/drivers/lib/iar/m4f/drivers_cc13x2.a ti/grlib/lib/iar/m4f/grlib.a
#        ti/sysbios/lib/iar/m4f/sysbios.a
#        ti/ti154stack/lib/iar/m4f/maclib_nosecure_cc13x2_2_4g_tirtos7.a
#        ti/zstack/lib/iar/m4f/libZStack_nwk_zr.a)
#        -Lc:/ti/simplelink_cc13xx_cc26xx_sdk_6_41_00_17/source
#        -fc:/ti/simplelink_cc13xx_cc26xx_sdk_6_41_00_17/source/ti/ti154stack/lib/rom/iar/timac_rom_PG2_0_rom_api_linker.icf
#        (--define_symbol FHAPI_reset=0x10030809 --define_symbol
#        FHAPI_start=0x10030101 --define_symbol FHAPI_startBS=0x10030989
#        --define_symbol FHAPI_completeTxCb=0x1003035d --define_symbol
#        FHAPI_completeRxCb=0x10030501 --define_symbol
#        FHAPI_sendData=0x10030689 --define_symbol
#        FHAPI_getTxParams_old=0x100308d1 --define_symbol
#        FHAPI_getTxChHoppingFunc=0x10030b81 --define_symbol
#        FHAPI_getRemDT=0x10030a81 --define_symbol FHAPI_stopAsync=0x10030b11
#        --define_symbol FHAPI_setStateCb=0x10030b51 --define_symbol
#        FHAPI_SFDRxCb=0x10030ad1 --define_symbol FHAPI_getBitCount=0x10030bad
#        --define_symbol FHDATA_checkPktFromQueue=0x10031029 --define_symbol
#        FHDATA_getPktFromQueue=0x10030d61 --define_symbol
#        FHDATA_purgePktFromQueue=0x10030e89 --define_symbol
#        FHDATA_purgeUnSupportedFrameTypes=0x10030e05 --define_symbol
#        FHDATA_chkASYNCStartReq=0x10030fb5 --define_symbol
#        FHDATA_procASYNCReq=0x10030bd1 --define_symbol
#        FHDATA_startEDFEReq=0x10031051 --define_symbol
#        FHDATA_procEDFEReq=0x1003103d --define_symbol
#        FHDATA_startEDFETimer=0x10031065 --define_symbol
#        FHDATA_requeuePkt=0x10030efd --define_symbol
#        FHDATA_updateCCA=0x10030fed --define_symbol
#        FHDATA_asyncMinTxOffTimerCb=0x10031011 --define_symbol
#        FHDH1CF_hashword=0x10031069 --define_symbol FHDH1CF_getCh=0x10031209
#        --define_symbol FHDH1CF_getBcCh=0x100312f5 --define_symbol
#        FHDH1CF_mapChIdxChannel=0x100311ad --define_symbol
#        FHDH1CF_getBCChannelNum=0x10031129 --define_symbol
#        FHDH1CF_getChannelNum=0x1003125d --define_symbol
#        FHDH1CF_getTxChannelNum=0x100312b1 --define_symbol
#        FHIE_genUTIE=0x10032755 --define_symbol FHIE_genBTIE=0x1003248d
#        --define_symbol FHIE_getChannelPlan=0x100326f1 --define_symbol
#        FHIE_isChannelPlanValid=0x10032805 --define_symbol
#        FHIE_genExcludedChannelMask=0x10032689 --define_symbol
#        FHIE_genExcludedChannelRanges=0x100323cd --define_symbol
#        FHIE_getExcludedChannelControl=0x10032859 --define_symbol
#        FHIE_genCommonInformation=0x10031fed --define_symbol
#        FHIE_genPieContent=0x10031325 --define_symbol FHIE_genPie=0x1003210d
#        --define_symbol FHIE_genHie=0x10031d91 --define_symbol
#        FHIE_getCommonInformationLen=0x100327b1 --define_symbol
#        FHIE_getPieContentLen=0x1003220d --define_symbol
#        FHIE_getPieLen=0x10032599 --define_symbol FHIE_getHieLen=0x10032619
#        --define_symbol FHIE_parseCommonInformation=0x10031ba9 --define_symbol
#        FHIE_getPie=0x100328cf --define_symbol FHIE_getSubPie=0x10032895
#        --define_symbol FHIE_getHie=0x10032939 --define_symbol
#        FHIE_gen=0x10032905 --define_symbol FHIE_getLen=0x1003296d
#        --define_symbol FHIE_parsePie=0x10031699 --define_symbol
#        FHIE_parseHie=0x10031ec9 --define_symbol FHIE_extractPie=0x1003197d
#        --define_symbol FHIE_extractHie=0x1003230d --define_symbol
#        FHMGR_macStartOneShotTimer=0x10032cc9 --define_symbol
#        FHMGR_macStartFHTimer=0x10032c1d --define_symbol
#        FHMGR_macGetElapsedFHTime=0x10032d29 --define_symbol
#        FHMGR_ucTimerIsrCb=0x10032bb5 --define_symbol
#        FHMGR_BCTimerEventUpd=0x10032cf5 --define_symbol
#        FHMGR_bcTimerIsrCb=0x1003299d --define_symbol
#        FHMGR_updateRadioUCChannel=0x10032acd --define_symbol
#        FHMGR_updateRadioBCChannel=0x10032b45 --define_symbol
#        FHMGR_pendUcChUpdate=0x10032d47 --define_symbol
#        FHMGR_macCancelFHTimer=0x10032d11 --define_symbol
#        FHMGR_pendBcChUpdate=0x10032d41 --define_symbol
#        FHMGR_updateHopping=0x10032c75 --define_symbol
#        FHNT_initTempTable=0x10033429 --define_symbol
#        FHNT_getFixedNTIndexFromTempIndex=0x100338c1 --define_symbol
#        FHNT_getNTIndexFromTempIndex=0x10033671 --define_symbol
#        FHNT_getRemoveEntryFromTemp=0x10032ea1 --define_symbol
#        FHNT_addTempEUI=0x10033381 --define_symbol FHNT_assessTime=0x10033aa9
#        --define_symbol FHNT_purgeTimerIsrCb=0x10033a3d --define_symbol
#        FHNT_getRemoveEntry=0x100334c5 --define_symbol FHNT_reset=0x10033811
#        --define_symbol FHNT_init=0x10033a75 --define_symbol
#        FHNT_purgeEntry=0x10032d4d --define_symbol FHNT_createEntry=0x10033209
#        --define_symbol FHNT_getEntry=0x10032fe1 --define_symbol
#        FHNT_putEntry=0x10033915 --define_symbol FHNT_getEUI=0x100339f9
#        --define_symbol FHNT_AddDeviceCB=0x10033119 --define_symbol
#        FHNT_DelDeviceCB=0x100337b1 --define_symbol
#        FHNT_getFixedEntry=0x100335f5 --define_symbol
#        FHNT_putFixedEntry=0x100339b1 --define_symbol
#        FHNT_getRemoveFixedEntry=0x1003355d --define_symbol
#        FHNT_createFixedEntry=0x100332c5 --define_symbol
#        FHNT_getOptEntry=0x100336e5 --define_symbol
#        FHNT_getAvailEntry=0x10033969 --define_symbol
#        FHNT_addOptEntry=0x1003374d --define_symbol FHPIB_getIndex=0x10033d25
#        --define_symbol FHPIB_reset=0x10033d41 --define_symbol
#        FHPIB_getLen=0x10033cf5 --define_symbol FHPIB_set=0x10033ac9
#        --define_symbol FHPIB_get=0x10033ca5 --define_symbol
#        FSM_transaction_debug=0x10033d9d --define_symbol FHSM_event=0x10033d59
#        --define_symbol FHUTIL_getTxUfsi=0x10034319 --define_symbol
#        FHUTIL_adjBackOffDur=0x10033dcd --define_symbol
#        FHUTIL_getUcChannel=0x100343a1 --define_symbol
#        FHUTIL_getTxChannel=0x1003404d --define_symbol
#        FHUTIL_getBcTxParams=0x10033f09 --define_symbol
#        FHUTIL_getCurUfsi=0x10034261 --define_symbol
#        FHUTIL_getCurBfio=0x100340cd --define_symbol
#        FHUTIL_getElapsedTime=0x100343c9 --define_symbol
#        FHUTIL_compBfioTxTime=0x100343e5 --define_symbol
#        FHUTIl_updateBTIE=0x10033fc9 --define_symbol
#        FHUTIL_calcUfsi=0x10034411 --define_symbol FHUTIL_assert=0x100343fd
#        --define_symbol FHUTIL_noAction=0x1003441f --define_symbol
#        FHUTIL_getCh0=0x100342a9 --define_symbol
#        FHUTIL_getChannelSpacing=0x10034219 --define_symbol
#        FHUTIL_getMaxChannels=0x100342e1 --define_symbol
#        FHUTIL_getBitCounts=0x100341c1 --define_symbol
#        FHUTIL_updateUcNumChannels=0x10034375 --define_symbol
#        FHUTIL_updateBcNumChannels=0x10034349 --define_symbol
#        FHUTIL_getGuardTime=0x10034149 --define_symbol
#        FHUTIL_elapsedTime=0x1003441b --define_symbol
#        macBeaconCoordReset=0x10034a01 --define_symbol
#        MAC_InitBeaconCoord=0x10034849 --define_symbol
#        macBeaconSetPrepareTime=0x100349d5 --define_symbol
#        macBeaconCheckStartTime=0x10034715 --define_symbol
#        macBeaconPeriodCallback=0x1003495d --define_symbol
#        macBeaconTxCallback=0x10034781 --define_symbol
#        macBeaconPrepareCallback=0x100346a1 --define_symbol
#        macStartBeaconPrepareCallback=0x10034895 --define_symbol
#        macBeaconStartContinue=0x10034545 --define_symbol
#        macBeaconBattLifeCallback=0x10034a25 --define_symbol
#        macTxBeaconCompleteCallback=0x10034421 --define_symbol
#        macBeaconSetupBroadcast=0x100347ed --define_symbol
#        macOutgoingNonSlottedTx=0x10034999 --define_symbol
#        macBeaconSchedRequested=0x100348e1 --define_symbol
#        macBeaconClearIndirect=0x10034921 --define_symbol
#        macBroadcastPendCallback=0x10035355 --define_symbol
#        macBeaconStopTrack=0x10035289 --define_symbol
#        macIncomingNonSlottedTx=0x100352cd --define_symbol
#        macBeaconSyncLoss=0x10035065 --define_symbol
#        macSyncTimeoutCallback=0x10034e8d --define_symbol
#        MAC_InitBeaconDevice=0x10035159 --define_symbol
#        macCheckPendAddr=0x100350ed --define_symbol macApiSyncReq=0x10034bcd
#        --define_symbol macBeaconStartFrameResponseTimer=0x10035229
#        --define_symbol macStartBroadcastPendTimer=0x10035311 --define_symbol
#        macBeaconReset=0x100355a9 --define_symbol macBeaconInit=0x10035575
#        --define_symbol macBeaconSetSched=0x10035369 --define_symbol
#        macBeaconCheckSched=0x100355dd --define_symbol
#        macBeaconRequeue=0x10035535 --define_symbol
#        macBeaconSetupCap=0x10035421 --define_symbol macCoordReset=0x10035c85
#        --define_symbol macBuildAssociateRsp=0x1003560d --define_symbol
#        macBuildRealign=0x10035d4d --define_symbol macPendAddrLen=0x100364a9
#        --define_symbol macBuildPendAddr=0x10035bb5 --define_symbol
#        macBuildBeacon=0x1003576d --define_symbol macIndirectMark=0x100361e5
#        --define_symbol macIndirectSend=0x10035e09 --define_symbol
#        macIndirectExpire=0x100358c5 --define_symbol
#        macIndirectTxFrame=0x10036085 --define_symbol
#        macIndirectRequeueFrame=0x10036171 --define_symbol
#        macRxAssociateReq=0x100362b1 --define_symbol
#        macApiAssociateRsp=0x10036399 --define_symbol macRxOrphan=0x10036355
#        --define_symbol macApiOrphanRsp=0x100360fd --define_symbol
#        macApiPurgeReq=0x10035eb1 --define_symbol macStartBegin=0x10035ad5
#        --define_symbol macStartSetParams=0x100359d5 --define_symbol
#        macStartContinue=0x10036309 --define_symbol
#        macStartComplete=0x100363d9 --define_symbol macRxBeaconReq=0x10036419
#        --define_symbol macRxDataReq=0x10035f55 --define_symbol
#        macRxPanConflict=0x100364c5 --define_symbol MAC_InitCoord=0x1003624d
#        --define_symbol MAC_MlmeAssociateRsp=0x10036471 --define_symbol
#        MAC_MlmeOrphanRsp=0x1003648d --define_symbol
#        MAC_McpsPurgeReq=0x10036455 --define_symbol
#        MAC_MlmeStartReq=0x100364e1 --define_symbol
#        macDataTxDelayCallback=0x10037529 --define_symbol
#        macDataReset=0x10037279 --define_symbol macAllocTxBuffer=0x10036ba1
#        --define_symbol macFrameDurationSubG=0x100372f5 --define_symbol
#        macFrameDurationIeee=0x1003749d --define_symbol
#        macFrameDuration=0x10037479 --define_symbol
#        macRxCheckPendingCallback=0x1003742d --define_symbol
#        macCheckIndPacket=0x10037361 --define_symbol
#        macRxCheckMACPendingCallback=0x100373fd --define_symbol
#        macDataRxMemAlloc=0x10037455 --define_symbol
#        macDataRxMemFree=0x10037515 --define_symbol
#        macRxCompleteCallback=0x10036cd9 --define_symbol
#        macDataTxTimeAvailable=0x100374fd --define_symbol
#        macCheckSched=0x100374e1 --define_symbol macSetSched=0x1003753d
#        --define_symbol macTxCompleteCallback=0x100364f9 --define_symbol
#        macDataTxSend=0x100368cd --define_symbol macDataTxEnqueue=0x1003712d
#        --define_symbol macDataSend=0x100374c1 --define_symbol
#        macApiDataReq=0x10036ef5 --define_symbol macDataRxInd=0x100373b9
#        --define_symbol MAC_McpsDataAlloc=0x10036e05 --define_symbol
#        macAutoPendMaintainSrcMatchTable=0x10036fc5 --define_symbol
#        macDeviceReset=0x100377a1 --define_symbol macAssociateCnf=0x10037d79
#        --define_symbol macPollCnf=0x10037e3d --define_symbol
#        macBuildAssociateReq=0x10037549 --define_symbol
#        macStartResponseTimer=0x10037e15 --define_symbol
#        macStartFrameResponseTimer=0x10037d35 --define_symbol
#        macApiAssociateReq=0x10037699 --define_symbol
#        macAssocDataReq=0x10037c99 --define_symbol
#        macAssocDataReqComplete=0x10037b25 --define_symbol
#        macRxAssocRsp=0x10037871 --define_symbol
#        macAssocFrameResponseTimeout=0x10037db5 --define_symbol
#        macAssocFailed=0x10037ced --define_symbol
#        macAssocRxDisassoc=0x10037e85 --define_symbol
#        macAssocDataRxInd=0x1003792d --define_symbol macApiPollReq=0x10037ab9
#        --define_symbol macPollDataReqComplete=0x10037b91 --define_symbol
#        macPollDataRxInd=0x100379b1 --define_symbol
#        macPollFrameResponseTimeout=0x10037bed --define_symbol
#        macPollRxDisassoc=0x10037de9 --define_symbol
#        macPollRxAssocRsp=0x10037e61 --define_symbol
#        macRxCoordRealign=0x10037a35 --define_symbol
#        macPanConflictComplete=0x10037ed5 --define_symbol
#        MAC_InitDevice=0x10037c45 --define_symbol
#        MAC_MlmeAssociateReq=0x10037ea5 --define_symbol
#        MAC_MlmePollReq=0x10037ebd --define_symbol
#        macBuildPayloadCoexistIe=0x100380d9 --define_symbol
#        macBuildPayloadIes=0x10037ee9 --define_symbol
#        macUpdateHeaderIEPtr=0x10038349 --define_symbol
#        macUpdatePayloadIEPtr=0x10038489 --define_symbol
#        macParseHeaderIes=0x1003818d --define_symbol
#        macParsePayloadIes=0x1003827d --define_symbol macIeFreeList=0x100384e5
#        --define_symbol macIeCoexistIePresent=0x1003842b --define_symbol
#        macMlmeSubIePresent=0x100383c5 --define_symbol macMainReset=0x10038791
#        --define_symbol macSetEvent=0x10038861 --define_symbol
#        macSetEvent16=0x10038845 --define_symbol macCbackForEvent=0x100385f1
#        --define_symbol macStateIdle=0x100388b1 --define_symbol
#        macStateIdleOrPolling=0x1003887d --define_symbol
#        macStateScanning=0x100388c9 --define_symbol macExecute=0x1003871d
#        --define_symbol macSendMsg=0x100386a1 --define_symbol
#        macSendDataMsg=0x10038501 --define_symbol macMainSetTaskId=0x100388e1
#        --define_symbol macMainReserve=0x10038899 --define_symbol
#        mac_msg_deallocate=0x100387f9 --define_symbol
#        macGetCoordAddress=0x10039c35 --define_symbol
#        macGetMyAddrMode=0x10039d81 --define_symbol macDestAddrCmp=0x10039ae9
#        --define_symbol macDestSAddrCmp=0x10039b35 --define_symbol
#        macCoordAddrCmp=0x10039bc1 --define_symbol
#        macCoordDestAddrCmp=0x10039a41 --define_symbol
#        macBuildHeader=0x100388f1 --define_symbol macBuildCommonReq=0x10038c1d
#        --define_symbol macBuildDisassociateReq=0x10038f61 --define_symbol
#        macBuildBeaconNotifyInd=0x100394f1 --define_symbol
#        macSecCpy=0x10039e91 --define_symbol macNoAction=0x10039ec1
#        --define_symbol macTxCsmaDelay=0x10039e3d --define_symbol
#        macBcTimerHandler=0x10039e69 --define_symbol
#        macApiUnsupported=0x10039e25 --define_symbol
#        macDefaultAction=0x10039d61 --define_symbol macApiBadState=0x10039e0d
#        --define_symbol macApiPending=0x10039b81 --define_symbol
#        macCommStatusInd=0x100393ed --define_symbol
#        macApiDisassociateReq=0x10039955 --define_symbol
#        macDisassocComplete=0x100397c9 --define_symbol
#        macRxDisassoc=0x100398d9 --define_symbol macRxBeacon=0x100395bd
#        --define_symbol macConflictSyncLossInd=0x10039c95 --define_symbol
#        MAC_MlmeDisassociateReq=0x10039dc1 --define_symbol
#        macUpdateCsmPhyParam=0x10039ea5 --define_symbol
#        macIsCsmOperational=0x10039e7d --define_symbol
#        MAC_MlmeResetReq=0x100391c9 --define_symbol MAC_YieldReq=0x10039c69
#        --define_symbol MAC_MlmeSyncReq=0x10039ddd --define_symbol
#        macSetDefaultsByPhyID=0x10039095 --define_symbol
#        macSetDefaultsByRE=0x10039bfd --define_symbol MAC_Init=0x100399cd
#        --define_symbol MAC_MlmeFHGetReqSize=0x10039d01 --define_symbol
#        MAC_MlmeFHGetReq=0x10039ce1 --define_symbol
#        MAC_MlmeFHSetReq=0x10039d21 --define_symbol MAC_StartFH=0x10039d41
#        --define_symbol MAC_EnableFH=0x10039cbd --define_symbol
#        MAC_MlmeWSAsyncReq=0x10039df5 --define_symbol macWSAsyncCnf=0x10039da1
#        --define_symbol macBuildWSAsyncMsg=0x10039855 --define_symbol
#        macBuildWSAsyncReq=0x100392e1 --define_symbol
#        macApiWSAsyncReq=0x10039a99 --define_symbol macGetCSMPhy=0x10039eb9
#        --define_symbol MAC_RandomByte=0x10039e55 --define_symbol
#        macPibReset=0x1003a239 --define_symbol MAC_MlmeGetReq=0x1003a169
#        --define_symbol MAC_MlmeGetReqSize=0x1003a275 --define_symbol
#        MAC_MlmeSetReq=0x10039ec5 --define_symbol
#        MAC_GetPHYParamReq=0x1003a1b9 --define_symbol
#        MAC_SetPHYParamReq=0x1003a1f9 --define_symbol
#        macMRFSKGetPhyDesc=0x1003a115 --define_symbol
#        macIEEEGetPhyDesc=0x1003a29d --define_symbol macScanCnfInit=0x1003a931
#        --define_symbol macApiScanReq=0x1003a2ad --define_symbol
#        macScanStartTimer=0x1003a8b9 --define_symbol
#        macScanRxBeacon=0x1003a599 --define_symbol macScanComplete=0x1003a839
#        --define_symbol macScanFailedInProgress=0x1003a96d --define_symbol
#        macSecurityPibReset=0x1003ac6d --define_symbol
#        macSecurityPibIndex=0x1003b199 --define_symbol
#        MAC_MlmeGetSecurityReq=0x1003af09 --define_symbol
#        MAC_MlmeGetPointerSecurityReq=0x1003b159 --define_symbol
#        MAC_MlmeGetSecurityReqSize=0x1003b101 --define_symbol
#        MAC_MlmeSetSecurityReq=0x1003a99d --define_symbol
#        macUpdatePanId=0x1003b9f1 --define_symbol macGetEUIIndex=0x1003ba75
#        --define_symbol macGetEUI=0x1003bb81 --define_symbol
#        macWrapperGetDefaultSourceKey=0x1003c6e9 --config_def
#        ROM_TIMACDataAddr=0x2000010c --keep RAM_MAC_BASE_ADDR)
#        -Lc:/ti/simplelink_cc13xx_cc26xx_sdk_6_41_00_17/kernel/tirtos7/packages
#        -fF:\Zigbee_communication\sw/ti_utils_build_linker.cmd.genlibs
#        (third_party/spiffs/lib/iar/m4f/spiffs.a
#        ti/drivers/rf/lib/iar/m4f/rf_multiMode_cc13x2.a
#        ti/drivers/lib/iar/m4f/drivers_cc13x2.a ti/grlib/lib/iar/m4f/grlib.a
#        ti/sysbios/lib/iar/m4f/sysbios.a
#        ti/ti154stack/lib/iar/m4f/maclib_nosecure_cc13x2_2_4g_tirtos7.a
#        ti/zstack/lib/iar/m4f/libZStack_nwk_zr.a)
#        c:/ti/simplelink_cc13xx_cc26xx_sdk_6_41_00_17/source/ti/devices/cc13x2_cc26x2/driverlib/bin/iar/driverlib.lib
#        --cpu=Cortex-M4F --semihosting --entry __iar_program_start --inline
#        --vfe --text_out locale)
#
###############################################################################

*******************************************************************************
*** RUNTIME MODEL ATTRIBUTES
***

CppFlavor       = *
__CPP_Runtime   = 1
__SystemLibrary = DLib
__dlib_version  = 6


*******************************************************************************
*** HEAP SELECTION
***

The basic heap was selected because no calls to memory allocation
functions were found in the application outside of system library
functions, and there are calls to deallocation functions in the
application.


*******************************************************************************
*** RESERVED RANGES
***

Ranges reserved by absolute symbols:

         From           To    Size
         ----           --    ----
     0x5'2000     0x5'5fff  0x4000
  0x2000'0000  0x2000'00d7    0xd8
  0x2000'1810  0x2000'181f    0x10
  0x2000'1820  0x2000'182f    0x10
  0x2000'1830  0x2000'183f    0x10
  0x2000'1840  0x2000'184f    0x10
  0x2000'1a30  0x2000'1a3f    0x10
  0x2000'1a40  0x2000'1a4f    0x10


*******************************************************************************
*** PLACEMENT SUMMARY
***

"A0":  place at end of [from 0x5'6000 to 0x5'7fff] { ro section .ccfg };
"A1":  place at address 0x0 { ro section .intvec };
define block ROCODE { ro };
"P1":  place in [from 0x0 to 0x5'5fff] |
                [from 0x5'6000 to 0x5'7fff] { block ROCODE };
"A3":  place at address 0x2000'010c { section .data_RAM_BASE_ADDR };
define block HEAP_END with size = 1 { section .heap_end };
define block CSTACK with size = 1K, alignment = 8 { section .stack };
define block END_OF_RAM with fixed order { block HEAP_END, block CSTACK };
"A4":  place at end of [from 0x2000'0000 to 0x2001'3fff] { block END_OF_RAM };
define block RWDATA { rw };
"P2":  place in [from 0x2000'0000 to 0x2001'3fff] {
          block RWDATA, last section .heap_start };
initialize by copy { rw };
keep { section .ccfg };
keep { ro section .intvec };

No sections matched the following patterns:

  section .stack       in block CSTACK
  section .vtable_ram  in "A2"


  Section              Kind         Address      Size  Object
  -------              ----         -------      ----  ------
"A1":                                            0x3c
  .intvec              const            0x0      0x3c  ti_sysbios_config.o [1]
                                     - 0x3c      0x3c

"P1":                                        0x3'b25a
  ROCODE                               0x40  0x3'b25a  <Block>
    .rodata            const           0x40      0x40  ti_radio_config.o [1]
    .rodata            const           0x80      0x30  bdb_finding_and_binding.o [17]
    .rodata            const           0xb0      0x60  bdb_finding_and_binding.o [17]
    .rodata            const          0x110     0x100  crc.o [3]
    .rodata            const          0x210      0x10  gp_common.o [7]
    .rodata            const          0x220      0x10  gp_common.o [7]
    .rodata            const          0x230      0x10  gp_common.o [7]
    .rodata            const          0x240      0x90  gp_common.o [7]
    .rodata            const          0x2d0       0x8  gp_proxy.o [7]
    .rodata            const          0x2d8       0xc  gp_proxy_table.o [7]
    .rodata            const          0x2e4       0xc  gp_proxy_table.o [7]
    .rodata            const          0x2f0       0xc  gp_proxy_table.o [7]
    .rodata            const          0x2fc     0x568  hmac_rom_init.o [14]
    .rodata            const          0x864      0x6c  icall_osal_rom_init.o [14]
    .rodata            const          0x8d0      0xcc  lmac_rom_init.o [14]
    .rodata            const          0x99c      0x88  mac_cfg.o [12]
    .rodata            const          0xa24      0xf8  mac_cfg.o [12]
    .rodata            const          0xb1c      0x6c  mac_user_config.o [10]
    .rodata            const          0xb88      0x40  mac_user_config.o [10]
    .rodata            const          0xbc8      0x24  mac_user_config.o [10]
    .rodata            const          0xbec      0x18  main.o [4]
    .rodata            const          0xc04       0x8  main.o [4]
    .rodata            const          0xc0c       0x4  nvocmp.o [3]
    .rodata            const          0xc10      0x3c  nwk_globals.o [18]
    .rodata            const          0xc4c       0x4  nwk_globals.o [18]
    .rodata            const          0xc50       0x4  nwk_globals.o [18]
    .rodata            const          0xc54      0x10  nwk_globals.o [18]
    .rodata            const          0xc64      0x10  nwk_globals.o [18]
    .rodata            const          0xc74      0x10  nwk_globals.o [18]
    .rodata            const          0xc84       0x8  ti_drivers_config.o [1]
    .rodata            const          0xc8c       0x8  ti_drivers_config.o [1]
    .rodata            const          0xc94       0x8  ti_drivers_config.o [1]
    .rodata            const          0xc9c       0x8  ti_drivers_config.o [1]
    .rodata            const          0xca4      0x10  ti_drivers_config.o [1]
    .rodata            const          0xcb4       0x8  ti_drivers_config.o [1]
    .rodata            const          0xcbc      0x28  ti_drivers_config.o [1]
    .rodata            const          0xce4      0x18  ti_drivers_config.o [1]
    .rodata            const          0xcfc      0x14  ti_drivers_config.o [1]
    .rodata            const          0xd10       0xc  ti_drivers_config.o [1]
    .rodata            const          0xd1c      0x40  ti_drivers_config.o [1]
    .rodata            const          0xd5c       0xc  ti_drivers_config.o [1]
    .rodata            const          0xd68       0xc  ti_drivers_config.o [1]
    .rodata            const          0xd74       0x8  ti_drivers_config.o [1]
    .rodata            const          0xd7c      0x58  ti_drivers_config.o [1]
    .rodata            const          0xdd4       0x8  ti_drivers_config.o [1]
    .rodata            const          0xddc      0x20  ti_radio_config.o [1]
    .rodata            const          0xdfc      0x18  ti_radio_config.o [1]
    .rodata            const          0xe14      0x18  ti_radio_config.o [1]
    .rodata            const          0xe2c      0x20  ti_radio_config.o [1]
    .rodata            const          0xe4c      0x14  ti_radio_config.o [1]
    .rodata            const          0xe60      0x10  ti_sysbios_config.o [1]
    .rodata            const          0xe70      0x10  ti_sysbios_config.o [1]
    .rodata            const          0xe80      0x20  ti_sysbios_config.o [1]
    .rodata            const          0xea0      0x1c  ti_sysbios_config.o [1]
    .rodata            const          0xebc       0x8  ti_sysbios_config.o [1]
    .rodata            const          0xec4      0x14  ti_sysbios_config.o [1]
    .rodata            const          0xed8       0x4  ti_sysbios_config.o [1]
    .rodata            const          0xedc       0x4  ti_sysbios_config.o [1]
    .rodata            const          0xee0      0x1c  ti_sysbios_config.o [1]
    .rodata            const          0xefc       0x4  ti_sysbios_config.o [1]
    .rodata            const          0xf00      0x18  ti_sysbios_config.o [1]
    .rodata            const          0xf18       0x4  ti_sysbios_config.o [1]
    .rodata            const          0xf1c       0x4  ti_sysbios_config.o [1]
    .rodata            const          0xf20       0x4  ti_sysbios_config.o [1]
    .rodata            const          0xf24       0x4  ti_sysbios_config.o [1]
    .rodata            const          0xf28       0x4  ti_sysbios_config.o [1]
    .rodata            const          0xf2c       0x4  ti_sysbios_config.o [1]
    .rodata            const          0xf30       0x4  ti_sysbios_config.o [1]
    .rodata            const          0xf34       0x4  ti_sysbios_config.o [1]
    .rodata            const          0xf38      0x88  ti_sysbios_config.o [1]
    .rodata            const          0xfc0      0x8c  ti_sysbios_config.o [1]
    .rodata            const         0x104c      0x88  ti_sysbios_config.o [1]
    .rodata            const         0x10d4      0x94  ti_sysbios_config.o [1]
    .rodata            const         0x1168      0x8c  ti_sysbios_config.o [1]
    .rodata            const         0x11f4       0x4  ti_sysbios_config.o [1]
    .rodata            const         0x11f8       0x4  ti_sysbios_config.o [1]
    .rodata            const         0x11fc       0x4  ti_sysbios_config.o [1]
    .rodata            const         0x1200       0xc  ti_sysbios_config.o [1]
    .rodata            const         0x120c       0x4  ti_sysbios_config.o [1]
    .rodata            const         0x1210       0x4  ti_sysbios_config.o [1]
    .rodata            const         0x1214       0x4  ti_sysbios_config.o [1]
    .rodata            const         0x1218       0x4  ti_sysbios_config.o [1]
    .rodata            const         0x121c       0xc  ti_sysbios_config.o [1]
    .rodata            const         0x1228      0x14  ti_sysbios_config.o [1]
    .rodata            const         0x123c       0x4  ti_sysbios_config.o [1]
    .rodata            const         0x1240      0x24  ti_sysbios_config.o [1]
    .rodata            const         0x1264       0x4  ti_sysbios_config.o [1]
    .rodata            const         0x1268       0x4  ti_sysbios_config.o [1]
    .rodata            const         0x126c       0x4  ti_sysbios_config.o [1]
    .rodata            const         0x1270       0x4  ti_sysbios_config.o [1]
    .rodata            const         0x1274       0x4  ti_sysbios_config.o [1]
    .rodata            const         0x1278       0x4  ti_sysbios_config.o [1]
    .rodata            const         0x127c       0x4  ti_sysbios_config.o [1]
    .rodata            const         0x1280      0x78  ti_sysbios_config.o [1]
    .rodata            const         0x12f8      0x7c  ti_sysbios_config.o [1]
    .rodata            const         0x1374      0x7c  ti_sysbios_config.o [1]
    .rodata            const         0x13f0      0x7c  ti_sysbios_config.o [1]
    .rodata            const         0x146c      0x7c  ti_sysbios_config.o [1]
    .rodata            const         0x14e8      0x84  ti_sysbios_config.o [1]
    .rodata            const         0x156c      0x84  ti_sysbios_config.o [1]
    .rodata            const         0x15f0      0x80  ti_sysbios_config.o [1]
    .rodata            const         0x1670      0x7c  ti_sysbios_config.o [1]
    .rodata            const         0x16ec      0x7c  ti_sysbios_config.o [1]
    .rodata            const         0x1768      0x8c  ti_sysbios_config.o [1]
    .rodata            const         0x17f4       0x4  ti_sysbios_config.o [1]
    .rodata            const         0x17f8       0x4  ti_sysbios_config.o [1]
    .rodata            const         0x17fc       0x4  ti_sysbios_config.o [1]
    .rodata            const         0x1800      0xb8  zcl.o [9]
    .rodata            const         0x18b8       0xc  zcl_green_power.o [9]
    .rodata            const         0x18c4      0x14  zcl_samplesw_data.o [2]
    .rodata            const         0x18d8      0x6c  zcl_samplesw_data.o [2]
    .rodata            const         0x1944       0x4  zcl_samplesw_data.o [2]
    .rodata            const         0x1948       0x8  zcl_samplesw_data.o [2]
    .rodata            const         0x1950       0x8  zd_object.o [21]
    .rodata            const         0x1958       0x8  zd_profile.o [21]
    .rodata            const         0x1960      0x88  zd_profile.o [21]
    .rodata            const         0x19e8       0x8  zd_sec_mgr.o [21]
    .rodata            const         0x19f0     0x190  zglobals.o [20]
    .rodata            const         0x1b80      0x14  zmac_cb.o [22]
    .rodata            const         0x1b94      0x20  zstackstartup.o [4]
    .rodata            const         0x1bb4      0x14  zstackstartup.o [4]
    .rodata            const         0x1bc8      0x14  zstackstartup.o [4]
    .rodata            const         0x1bdc      0x14  zstackstartup.o [4]
    .rodata            const         0x1bf0       0x8  zstackstartup.o [4]
    .rodata            const         0x1bf8      0x24  zstackstartup.o [4]
    .rodata            const         0x1c1c       0x8  nwk.o [26]
    .rodata            const         0x1c24      0x60  nwk.o [26]
    .rodata            const         0x1c84      0x38  hmac_global.o [28]
    .rodata            const         0x1cbc      0x10  hmac_global.o [28]
    .rodata            const         0x1ccc       0xc  hmac_global.o [28]
    .rodata            const         0x1cd8      0x10  hmac_global.o [28]
    .rodata            const         0x1ce8      0x10  hmac_global.o [28]
    .rodata            const         0x1cf8      0x74  hmac_global.o [28]
    .rodata            const         0x1d6c      0x74  hmac_global.o [28]
    .rodata            const         0x1de0      0x74  hmac_global.o [28]
    .rodata            const         0x1e54      0x74  hmac_global.o [28]
    .rodata            const         0x1ec8      0x74  hmac_global.o [28]
    .rodata            const         0x1f3c      0x18  hmac_global.o [28]
    .rodata            const         0x1f54       0xc  hmac_global.o [28]
    .rodata            const         0x1f60       0xc  hmac_global.o [28]
    .rodata            const         0x1f6c      0x10  hmac_global.o [28]
    .rodata            const         0x1f7c      0x40  hmac_global.o [28]
    .rodata            const         0x1fbc      0x28  mac_radio.o [28]
    .rodata            const         0x1fe4       0x4  mac_rx.o [28]
    .rodata            const         0x1fe8       0x4  mac_rx.o [28]
    .rodata            const         0x1fec      0x54  PowerCC26X2.c.obj [25]
    .rodata            const         0x2040      0x28  NVSCC26XX.c.obj [25]
    .rodata            const         0x2068      0x28  NVSSPI25X.c.obj [25]
    .rodata            const         0x2090      0x18  SPICC26X2DMA.c.obj [25]
    .rodata            const         0x20a8     0x1ac  rf_patch_cpe_ieee_802_15_4.c.cc13x2.iar.o [29]
    .rodata            const         0x2254      0x24  UART2.c.obj [25]
    .rodata            const         0x2278       0x4  aux_sysif.o [24]
    .rodata            const         0x227c       0x4  aux_sysif.o [24]
    .text              ro code       0x2280     0x74a  af.o [16]
    .rodata            const         0x29ca       0x2  gp_common.o [7]
    .text              ro code       0x29cc     0xa2e  osal_port.o [19]
    .rodata            const         0x33fa       0x2  nwk_globals.o [18]
    .text              ro code       0x33fc     0x870  bdb_finding_and_binding.o [17]
    .text              ro code       0x3c6c     0x2e4  aps_groups.o [26]
    .text              ro code       0x3f50    0x322c  nwk_util.o [26]
    .text              ro code       0x717c    0x2324  rtg.o [26]
    .text              ro code       0x94a0      0x8c  saddr.o [3]
    .text              ro code       0x952c    0x1994  aps_mede.o [26]
    .text              ro code       0xaec0    0x3268  ti_sysbios_config.o [1]
    .text              ro code       0xe128     0x764  PowerCC26X2.c.obj [25]
    .text              ro code       0xe88c      0xa4  Random.c.obj [25]
    .text              ro code       0xe930    0x1352  zd_object.o [21]
    .rodata            const         0xfc82       0x2  nwk_globals.o [18]
    .text              ro code       0xfc84     0x638  addr_mgr.o [26]
    .text              ro code     0x1'02bc     0x26c  osal_port_timers.o [19]
    .text              ro code     0x1'0528    0x17b0  bdb.o [17]
    .text              ro code     0x1'1cd8    0x2320  zcl.o [9]
    .text              ro code     0x1'3ff8    0x11f0  zcl_general.o [9]
    .text              ro code     0x1'51e8     0xf48  zd_profile.o [21]
    .text              ro code     0x1'6130      0x66  ABImemset.o [30]
    .rodata            const       0x1'6196       0x2  nwk_globals.o [18]
    .text              ro code     0x1'6198     0x230  osal_nv.o [19]
    .text              ro code     0x1'63c8     0x644  nwk_bufs.o [26]
    .text              ro code     0x1'6a0c       0x6  ABImemclr4.o [30]
    .rodata            const       0x1'6a12       0x2  nwk_globals.o [18]
    .text              ro code     0x1'6a14     0x508  nl_mede_cb.o [26]
    .text              ro code     0x1'6f1c     0xc24  assoc_list.o [26]
    .text              ro code     0x1'7b40     0x670  ssp.o [26]
    Veneer             ro code     0x1'81b0       0x8  - Linker created -
    .text              ro code     0x1'81b8     0x814  zmac.o [22]
    .text              ro code     0x1'89cc    0x19e8  zd_sec_mgr.o [21]
    .text              ro code     0x1'a3b4     0x1d0  nwk_globals.o [18]
    .text              ro code     0x1'a584    0x1f4c  nwk.o [26]
    .text              ro code     0x1'c4d0     0x83a  nl_mede.o [26]
    .rodata            const       0x1'cd0a       0x2  nwk_globals.o [18]
    .text              ro code     0x1'cd0c    0x1590  zd_app.o [21]
    .text              ro code     0x1'e29c     0x238  reflecttrack.o [26]
    .text              ro code     0x1'e4d4     0x274  aps_mede_cb.o [26]
    .text              ro code     0x1'e748     0x30c  ssp_hash.o [26]
    .text              ro code     0x1'ea54      0x18  cpu.o [24]
    .text              ro code     0x1'ea6c     0x128  PowerCC26X2_helpers.c.obj [25]
    .text              ro code     0x1'eb94     0x194  setup.o [24]
    .text              ro code     0x1'ed28     0x274  I64DivMod.o [30]
    .text              ro code     0x1'ef9c      0xa6  ABImemcpy.o [30]
    .rodata            const       0x1'f042       0x2  nwk_globals.o [18]
    CODE               ro code     0x1'f044      0x78  Hwi_asm_switch_iar.obj [32]
    CODE               ro code     0x1'f0bc      0x2a  TaskSupport_asm_iar.obj [32]
    .rodata            const       0x1'f0e6       0x2  zcl_samplesw.o [2]
    .text              ro code     0x1'f0e8     0x480  ti_sysbios_config.o [1]
    .text              ro code     0x1'f568      0xca  List.c.obj [25]
    .rodata            const       0x1'f632       0x2  zcl_samplesw_data.o [2]
    .text              ro code     0x1'f634      0x78  prcm.o [24]
    .text              ro code     0x1'f6ac     0x2e4  PowerCC26X2_calibrateRCOSC.c.obj [25]
    .text              ro code     0x1'f990     0x424  TRNGCC26XX.c.obj [25]
    .text              ro code     0x1'fdb4      0x10  CryptoKeyPlaintext.c.obj [25]
    .text              ro code     0x1'fdc4     0xa8c  aps.o [26]
    .text              ro code     0x2'0850    0x131a  gp_proxy.o [7]
    .rodata            const       0x2'1b6a       0x2  zcl_samplesw_data.o [2]
    .text              ro code     0x2'1b6c     0x1f8  zglobals.o [20]
    .text              ro code     0x2'1d64     0x890  zcl_port.o [9]
    .text              ro code     0x2'25f4      0x32  ABImemset48.o [30]
    .rodata            const       0x2'2626       0x2  zcl_samplesw_data.o [2]
    .text              ro code     0x2'2628     0x29c  aps_util.o [26]
    .text              ro code     0x2'28c4      0x3c  AESCCM.c.obj [25]
    .text              ro code     0x2'2900     0x2a0  AESCCMCC26XX.c.obj [25]
    .text              ro code     0x2'2ba0     0x464  mac_symbol_timer.o [28]
    .text              ro code     0x2'3004     0x41c  mac_autopend.o [28]
    .text              ro code     0x2'3420      0xa4  zd_config.o [21]
    .text              ro code     0x2'34c4      0x40  AESECB.c.obj [25]
    .text              ro code     0x2'3504     0x300  AESECBCC26XX.c.obj [25]
    .text              ro code     0x2'3804     0x1bc  osc.o [24]
    .text              ro code     0x2'39c0     0x184  sys_ctrl.o [24]
    .text              ro code     0x2'3b44      0xe2  chipinfo.o [24]
    .rodata            const       0x2'3c26       0x2  zd_sec_mgr.o [21]
    .text              ro code     0x2'3c28      0x38  aux_sysif.o [24]
    .text              ro code     0x2'3c60       0x2  I64DivZer.o [30]
    .rodata            const       0x2'3c62       0x2  zd_sec_mgr.o [21]
    .text              ro code     0x2'3c64      0x36  strlen.o [30]
    .rodata            const       0x2'3c9a       0x2  zd_sec_mgr.o [21]
    .text              ro code     0x2'3c9c     0x168  PowerCC26X2_calibrateRCOSC_helpers.c.obj [25]
    .text              ro code     0x2'3e04      0xca  StructRingBuf.c.obj [25]
    .rodata            const       0x2'3ece       0x1  gp_common.o [7]
    .rodata            const       0x2'3ecf       0x1  gp_common.o [7]
    .text              ro code     0x2'3ed0     0x948  binding_table.o [18]
    .text              ro code     0x2'4818     0xa16  zcl_green_power.o [9]
    .rodata            const       0x2'522e       0x1  gp_common.o [7]
    .rodata            const       0x2'522f       0x1  nwk_globals.o [18]
    .text              ro code     0x2'5230     0xc30  gp_proxy_table.o [7]
    .text              ro code     0x2'5e60     0x934  gp_common.o [7]
    .text              ro code     0x2'6794      0x92  util_timer.o [6]
    .rodata            const       0x2'6826       0x1  nwk_globals.o [18]
    .rodata            const       0x2'6827       0x1  nwk_globals.o [18]
    .text              ro code     0x2'6828     0xfd4  dgp_stub.o [26]
    .text              ro code     0x2'77fc     0x30a  zstackapi.o [5]
    .rodata            const       0x2'7b06       0x1  nwk_globals.o [18]
    .rodata            const       0x2'7b07       0x1  nwk_globals.o [18]
    .text              ro code     0x2'7b08      0x36  CryptoUtils.c.obj [25]
    .rodata            const       0x2'7b3e       0x1  nwk_globals.o [18]
    .rodata            const       0x2'7b3f       0x1  nwk_globals.o [18]
    .text              ro code     0x2'7b40      0x5c  CryptoResourceCC26XX.c.obj [25]
    .text              ro code     0x2'7b9c     0x140  aes.o [24]
    .text              ro code     0x2'7cdc     0x19c  mac_mcu.o [28]
    .text              ro code     0x2'7e78     0xa2c  mac.o [28]
    .text              ro code     0x2'88a4     0x1c0  cgp_stub.o [26]
    .text              ro code     0x2'8a64     0x220  mac_rx_onoff.o [28]
    .text              ro code     0x2'8c84     0xc4c  mac_rx.o [28]
    .text              ro code     0x2'98d0     0x2e4  mac_duty_cycle.o [28]
    .text              ro code     0x2'9bb4     0xa98  mac_tx.o [28]
    .text              ro code     0x2'a64c    0x367c  RFCC26X2_multiMode.c.cc13x2.iar.o [29]
    .text              ro code     0x2'dcc8     0x900  mac_radio.o [28]
    .text              ro code     0x2'e5c8     0x140  mac_low_level.o [28]
    .text              ro code     0x2'e708     0x692  mac_radio_tx.o [28]
    .rodata            const       0x2'ed9a       0x1  nwk_globals.o [18]
    .rodata            const       0x2'ed9b       0x1  nwk_globals.o [18]
    .text              ro code     0x2'ed9c     0x130  rfc.c.cc13x2.iar.o [29]
    .text              ro code     0x2'eecc       0x6  ABImemclr.o [30]
    .rodata            const       0x2'eed2       0x1  nwk_globals.o [18]
    .rodata            const       0x2'eed3       0x1  nwk_globals.o [18]
    .text              ro code     0x2'eed4      0x20  crc.o [3]
    .text              ro code     0x2'eef4      0x10  hmac_rom_init.o [14]
    .text              ro code     0x2'ef04      0x10  icall_osal_rom_init.o [14]
    .text              ro code     0x2'ef14      0x10  lmac_rom_init.o [14]
    .text              ro code     0x2'ef24     0x144  mac_settings.o [13]
    .text              ro code     0x2'f068      0x24  mac_user_config.o [10]
    .text              ro code     0x2'f08c     0x128  main.o [4]
    .text              ro code     0x2'f1b4     0x52c  zstackstartup.o [4]
    .text              ro code     0x2'f6e0     0x530  zcl_samplesw.o [2]
    .text              ro code     0x2'fc10     0x114  ti_drivers_config.o [1]
    .text              ro code     0x2'fd24      0x68  memcmp.o [30]
    .text              ro code     0x2'fd8c    0x186a  nvocmp.o [3]
    .text              ro code     0x3'15f6      0x10  rom_init_154.o [14]
    .rodata            const       0x3'1606       0x1  nwk_globals.o [18]
    .rodata            const       0x3'1607       0x1  nwk_globals.o [18]
    .text              ro code     0x3'1608     0x790  aps_frag.o [26]
    .text              ro code     0x3'1d98     0x578  zd_nwk_mgr.o [21]
    .text              ro code     0x3'2310    0x3a00  zstacktask.o [15]
    .text              ro code     0x3'5d10      0x38  TRNG.c.obj [25]
    .text              ro code     0x3'5d48     0x27e  UART2.c.obj [25]
    .rodata            const       0x3'5fc6       0x1  nwk_globals.o [18]
    .rodata            const       0x3'5fc7       0x1  nwk_globals.o [18]
    .text              ro code     0x3'5fc8     0x8bc  UART2CC26X2.c.obj [25]
    .text              ro code     0x3'6884      0x18  zcl_samplesw_data.o [2]
    .text              ro code     0x3'689c       0xe  UART2.c.obj [25]
    .text              ro code     0x3'68aa     0x12c  ti_drivers_config.o [1]
    .rodata            const       0x3'69d6       0x1  nwk_globals.o [18]
    .rodata            const       0x3'69d7       0x1  nwk_globals.o [18]
    .text              ro code     0x3'69d8      0xf0  GPIOCC26XX.c.obj [25]
    .text              ro code     0x3'6ac8      0x64  GPIO.c.obj [25]
    .text              ro code     0x3'6b2c     0x144  GPIOCC26X2.c.obj [25]
    .text              ro code     0x3'6c70      0x94  NVS.c.obj [25]
    .text              ro code     0x3'6d04     0x118  RingBuf.c.obj [25]
    .text              ro code     0x3'6e1c      0xb0  UDMACC26XX.c.obj [25]
    .text              ro code     0x3'6ecc      0x1a  UART2.c.obj [25]
    .rodata            const       0x3'6ee6       0x1  nwk_globals.o [18]
    .rodata            const       0x3'6ee7       0x1  nwk_globals.o [18]
    .text              ro code     0x3'6ee8     0x3cc  zmac_cb.o [22]
    .text              ro code     0x3'72b4    0x19c0  mac_hl_patch.o [28]
    .text              ro code     0x3'8c74     0x100  mac_pwr.o [28]
    .text              ro code     0x3'8d74     0x138  mac_sleep.o [28]
    .text              ro code     0x3'8eac     0x6d4  mac_timer.o [28]
    .text              ro code     0x3'9580     0x368  NVSCC26XX.c.obj [25]
    .text              ro code     0x3'98e8      0x2c  flash.o [24]
    .text              ro code     0x3'9914     0x774  NVSSPI25X.c.obj [25]
    .text              ro code     0x3'a088      0x14  NVSSPI25X.c.obj [25]
    .text              ro code     0x3'a09c      0x14  NVSSPI25X.c.obj [25]
    .text              ro code     0x3'a0b0      0xac  SPI.c.obj [25]
    .text              ro code     0x3'a15c     0xb88  SPICC26X2DMA.c.obj [25]
    .text              ro code     0x3'ace4      0x48  rf_patch_cpe_ieee_802_15_4.c.cc13x2.iar.o [29]
    .text              ro code     0x3'ad2c      0x2a  cstartup_M.obj [32]
    .rodata            const       0x3'ad56       0x1  nwk_globals.o [18]
    .rodata            const       0x3'ad57       0x1  nwk_globals.o [18]
    .text              ro code     0x3'ad58      0x1a  cmain_iar.obj [32]
    .rodata            const       0x3'ad72       0x1  nwk_globals.o [18]
    .rodata            const       0x3'ad73       0x1  nwk_globals.o [18]
    .text              ro code     0x3'ad74      0x28  data_init.o [30]
    .text              ro code     0x3'ad9c      0x22  fpinit_M.o [27]
    .rodata            const       0x3'adbe       0x1  nwk_globals.o [18]
    .rodata            const       0x3'adbf       0x1  nwk_globals.o [18]
    CODE               ro code     0x3'adc0      0x10  boot_iar.obj [32]
    CODE               ro code     0x3'add0     0x14c  Hwi_asm_iar.obj [32]
    .text              ro code     0x3'af1c       0xc  memcpy.o [30]
    .text              ro code     0x3'af28      0x14  memset.o [30]
    .text              ro code     0x3'af3c      0x38  zero_init3.o [30]
    .text              ro code     0x3'af74      0x78  lz77_init_single.o [30]
    .iar.init_table    const       0x3'afec      0x28  - Linker created -
    .rodata            const       0x3'b014       0x1  nwk_globals.o [18]
    .rodata            const       0x3'b015       0x1  nwk_globals.o [18]
    .rodata            const       0x3'b016       0x1  nwk_globals.o [18]
    .rodata            const       0x3'b017       0x1  ti_drivers_config.o [1]
    .rodata            const       0x3'b018       0x1  ti_drivers_config.o [1]
    .rodata            const       0x3'b019       0x1  ti_drivers_config.o [1]
    .rodata            const       0x3'b01a       0x1  ti_drivers_config.o [1]
    .rodata            const       0x3'b01b       0x1  ti_drivers_config.o [1]
    .rodata            const       0x3'b01c       0x1  ti_drivers_config.o [1]
    .rodata            const       0x3'b01d       0x1  ti_drivers_config.o [1]
    .rodata            const       0x3'b01e       0x1  ti_sysbios_config.o [1]
    .rodata            const       0x3'b01f       0x1  ti_sysbios_config.o [1]
    .rodata            const       0x3'b020       0x1  ti_sysbios_config.o [1]
    .rodata            const       0x3'b021       0x1  ti_sysbios_config.o [1]
    .rodata            const       0x3'b022       0x1  ti_sysbios_config.o [1]
    .rodata            const       0x3'b023       0x1  ti_sysbios_config.o [1]
    .rodata            const       0x3'b024       0x1  ti_sysbios_config.o [1]
    .rodata            const       0x3'b025       0x1  ti_sysbios_config.o [1]
    .rodata            const       0x3'b026       0x1  ti_sysbios_config.o [1]
    .rodata            const       0x3'b027       0x1  ti_sysbios_config.o [1]
    .rodata            const       0x3'b028       0x1  ti_sysbios_config.o [1]
    .rodata            const       0x3'b029       0x1  ti_sysbios_config.o [1]
    .rodata            const       0x3'b02a       0x1  ti_sysbios_config.o [1]
    .rodata            const       0x3'b02b       0x1  ti_sysbios_config.o [1]
    .rodata            const       0x3'b02c       0x1  ti_sysbios_config.o [1]
    .rodata            const       0x3'b02d       0x1  ti_sysbios_config.o [1]
    .rodata            const       0x3'b02e       0x1  zcl_samplesw_data.o [2]
    .rodata            const       0x3'b02f       0x1  zcl_samplesw_data.o [2]
    .rodata            const       0x3'b030       0x1  zcl_samplesw_data.o [2]
    .rodata            const       0x3'b031       0x1  zcl_samplesw_data.o [2]
    .rodata            const       0x3'b032       0x1  zd_profile.o [21]
    .rodata            const       0x3'b033       0x1  zstackstartup.o [4]
    .rodata            const       0x3'b034       0x0  zero_init3.o [30]
    .rodata            const       0x3'b034       0x0  lz77_init_single.o [30]
    Initializer bytes  const       0x3'b034     0x266  <for RWDATA-1>
                                 - 0x3'b29a  0x3'b25a

"A0":                                            0x58
  .ccfg                const       0x5'7fa8      0x58  ti_devices_config.o [1]
                                 - 0x5'8000      0x58

"A3":                                            0x10
  .data_RAM_BASE_ADDR  zero     0x2000'010c      0x10  rom_init_154.o [14]
                              - 0x2000'011c      0x10

"P2":                                          0x4890
  RWDATA                        0x2000'1a50    0x4890  <Block>
    RWDATA-1                    0x2000'1a50     0x5de  <Init block>
      .data            inited   0x2000'1a50      0x14  bdb.o [17]
      .data            inited   0x2000'1a64       0x8  bdb_finding_and_binding.o [17]
      .data            inited   0x2000'1a6c       0x4  bdb_finding_and_binding.o [17]
      .data            inited   0x2000'1a70      0x10  gp_common.o [7]
      .data            inited   0x2000'1a80       0x4  gp_common.o [7]
      .data            inited   0x2000'1a84       0x4  gp_common.o [7]
      .data            inited   0x2000'1a88      0x10  gp_common.o [7]
      .data            inited   0x2000'1a98      0x10  gp_common.o [7]
      .data            inited   0x2000'1aa8      0x14  gp_common.o [7]
      .data            inited   0x2000'1abc      0x10  mac_cfg.o [12]
      .data            inited   0x2000'1acc      0x10  mac_settings.o [13]
      .data            inited   0x2000'1adc      0x10  mac_settings.o [13]
      .data            inited   0x2000'1aec      0x10  mac_user_config.o [10]
      .data            inited   0x2000'1afc       0x8  mac_user_config.o [10]
      .data            inited   0x2000'1b04      0x5c  main.o [4]
      .data            inited   0x2000'1b60      0x7c  ti_drivers_config.o [1]
      .data            inited   0x2000'1bdc      0x50  ti_radio_config.o [1]
      .data            inited   0x2000'1c2c      0x10  ti_radio_config.o [1]
      .data            inited   0x2000'1c3c       0xc  ti_radio_config.o [1]
      .data            inited   0x2000'1c48       0x8  ti_sysbios_config.o [1]
      .data            inited   0x2000'1c50      0x2c  ti_sysbios_config.o [1]
      .data            inited   0x2000'1c7c       0xc  ti_sysbios_config.o [1]
      .data            inited   0x2000'1c88      0x3c  ti_sysbios_config.o [1]
      .data            inited   0x2000'1cc4       0x8  ti_sysbios_config.o [1]
      .data            inited   0x2000'1ccc       0x8  ti_sysbios_config.o [1]
      .data            inited   0x2000'1cd4      0x68  ti_sysbios_config.o [1]
      .data            inited   0x2000'1d3c       0x8  ti_sysbios_config.o [1]
      .data            inited   0x2000'1d44      0x28  ti_sysbios_config.o [1]
      .data            inited   0x2000'1d6c      0x3c  ti_sysbios_config.o [1]
      .data            inited   0x2000'1da8       0x8  ti_sysbios_config.o [1]
      .data            inited   0x2000'1db0       0xc  ti_sysbios_config.o [1]
      .data            inited   0x2000'1dbc      0x3c  zcl_samplesw.o [2]
      .data            inited   0x2000'1df8      0x14  zcl_samplesw_data.o [2]
      .data            inited   0x2000'1e0c      0x10  zd_app.o [21]
      .data            inited   0x2000'1e1c       0x8  zd_object.o [21]
      .data            inited   0x2000'1e24       0x4  zd_profile.o [21]
      .data            inited   0x2000'1e28       0x4  zd_sec_mgr.o [21]
      .data            inited   0x2000'1e2c       0x8  zglobals.o [20]
      .data            inited   0x2000'1e34       0x4  hmac_global.o [28]
      .data            inited   0x2000'1e38      0x14  hmac_global.o [28]
      .data            inited   0x2000'1e4c       0x4  hmac_global.o [28]
      .data            inited   0x2000'1e50       0x4  hmac_global.o [28]
      .data            inited   0x2000'1e54       0x8  RFCC26X2_multiMode.c.cc13x2.iar.o [29]
      .data            inited   0x2000'1e5c     0x174  PowerCC26X2.c.obj [25]
      .data            inited   0x2000'1fd0       0x4  cgp_stub.o [26]
      .data            inited   0x2000'1fd4       0x2  gp_common.o [7]
      .data            inited   0x2000'1fd6       0x2  gp_proxy.o [7]
      .data            inited   0x2000'1fd8       0x2  zcl_port.o [9]
      .data            inited   0x2000'1fda       0x2  zd_object.o [21]
      .data            inited   0x2000'1fdc       0x2  zglobals.o [20]
      .data            inited   0x2000'1fde       0x2  zglobals.o [20]
      .data            inited   0x2000'1fe0       0x2  zglobals.o [20]
      .data            inited   0x2000'1fe2       0x2  zglobals.o [20]
      .data            inited   0x2000'1fe4       0x2  zglobals.o [20]
      .data            inited   0x2000'1fe6       0x2  zglobals.o [20]
      .data            inited   0x2000'1fe8       0x2  nwk_util.o [26]
      .data            inited   0x2000'1fea       0x1  af.o [16]
      .data            inited   0x2000'1feb       0x1  bdb.o [17]
      .data            inited   0x2000'1fec       0x1  bdb_finding_and_binding.o [17]
      .data            inited   0x2000'1fed       0x1  gp_common.o [7]
      .data            inited   0x2000'1fee       0x1  gp_common.o [7]
      .data            inited   0x2000'1fef       0x1  gp_common.o [7]
      .data            inited   0x2000'1ff0       0x1  gp_common.o [7]
      .data            inited   0x2000'1ff1       0x1  gp_common.o [7]
      .data            inited   0x2000'1ff2       0x1  gp_proxy.o [7]
      .data            inited   0x2000'1ff3       0x1  nvocmp.o [3]
      .data            inited   0x2000'1ff4       0x1  nwk_globals.o [18]
      .data            inited   0x2000'1ff5       0x1  zcl.o [9]
      .data            inited   0x2000'1ff6       0x1  zcl_port.o [9]
      .data            inited   0x2000'1ff7       0x1  zd_app.o [21]
      .data            inited   0x2000'1ff8       0x1  zd_sec_mgr.o [21]
      .data            inited   0x2000'1ff9       0x1  zglobals.o [20]
      .data            inited   0x2000'1ffa       0x1  zglobals.o [20]
      .data            inited   0x2000'1ffb       0x1  zglobals.o [20]
      .data            inited   0x2000'1ffc       0x1  zglobals.o [20]
      .data            inited   0x2000'1ffd       0x1  zglobals.o [20]
      .data            inited   0x2000'1ffe       0x1  zglobals.o [20]
      .data            inited   0x2000'1fff       0x1  zglobals.o [20]
      .data            inited   0x2000'2000       0x1  zglobals.o [20]
      .data            inited   0x2000'2001       0x1  zglobals.o [20]
      .data            inited   0x2000'2002       0x1  zglobals.o [20]
      .data            inited   0x2000'2003       0x1  zglobals.o [20]
      .data            inited   0x2000'2004       0x1  zglobals.o [20]
      .data            inited   0x2000'2005       0x1  zglobals.o [20]
      .data            inited   0x2000'2006       0x1  zglobals.o [20]
      .data            inited   0x2000'2007       0x1  zglobals.o [20]
      .data            inited   0x2000'2008       0x1  zglobals.o [20]
      .data            inited   0x2000'2009       0x1  zglobals.o [20]
      .data            inited   0x2000'200a       0x1  zglobals.o [20]
      .data            inited   0x2000'200b       0x1  zglobals.o [20]
      .data            inited   0x2000'200c       0x1  zglobals.o [20]
      .data            inited   0x2000'200d       0x1  zglobals.o [20]
      .data            inited   0x2000'200e       0x1  zglobals.o [20]
      .data            inited   0x2000'200f       0x1  zglobals.o [20]
      .data            inited   0x2000'2010       0x1  zglobals.o [20]
      .data            inited   0x2000'2011       0x1  zglobals.o [20]
      .data            inited   0x2000'2012       0x1  zglobals.o [20]
      .data            inited   0x2000'2013       0x1  zglobals.o [20]
      .data            inited   0x2000'2014       0x1  zglobals.o [20]
      .data            inited   0x2000'2015       0x1  zglobals.o [20]
      .data            inited   0x2000'2016       0x1  zglobals.o [20]
      .data            inited   0x2000'2017       0x1  zglobals.o [20]
      .data            inited   0x2000'2018       0x1  zglobals.o [20]
      .data            inited   0x2000'2019       0x1  zglobals.o [20]
      .data            inited   0x2000'201a       0x1  zglobals.o [20]
      .data            inited   0x2000'201b       0x1  zglobals.o [20]
      .data            inited   0x2000'201c       0x1  zglobals.o [20]
      .data            inited   0x2000'201d       0x1  zglobals.o [20]
      .data            inited   0x2000'201e       0x1  zglobals.o [20]
      .data            inited   0x2000'201f       0x1  zstacktask.o [15]
      .data            inited   0x2000'2020       0x1  zstacktask.o [15]
      .data            inited   0x2000'2021       0x1  nwk_util.o [26]
      .data            inited   0x2000'2022       0x1  aps.o [26]
      .data            inited   0x2000'2023       0x1  nl_mede.o [26]
      .data            inited   0x2000'2024       0x1  nwk.o [26]
      .data            inited   0x2000'2025       0x1  lmac_global.o [28]
      .data            inited   0x2000'2026       0x1  lmac_global.o [28]
      .data            inited   0x2000'2027       0x1  mac_sleep.o [28]
      .data            inited   0x2000'2028       0x1  mac.o [28]
      .data            inited   0x2000'2029       0x1  mac.o [28]
      .data            inited   0x2000'202a       0x1  aps_frag.o [26]
      .data            inited   0x2000'202b       0x1  reflecttrack.o [26]
      .data            inited   0x2000'202c       0x1  reflecttrack.o [26]
      .data            inited   0x2000'202d       0x1  reflecttrack.o [26]
    .bss               zero     0x2000'2030      0x40  mac_settings.o [13]
    .bss               zero     0x2000'2070      0x60  ti_sysbios_config.o [1]
    .bss               zero     0x2000'20d0     0x200  ti_sysbios_config.o [1]
    .bss               zero     0x2000'22d0     0x100  mac_radio.o [28]
    .bss               zero     0x2000'23d0     0x51c  RFCC26X2_multiMode.c.cc13x2.iar.o [29]
    .bss               zero     0x2000'28ec       0x4  af.o [16]
    .bss               zero     0x2000'28f0      0x68  TRNGCC26XX.c.obj [25]
    .bss               zero     0x2000'2958       0x4  bdb.o [17]
    .bss               zero     0x2000'295c       0x4  bdb.o [17]
    .bss               zero     0x2000'2960       0x4  bdb.o [17]
    .bss               zero     0x2000'2964       0x4  bdb.o [17]
    .bss               zero     0x2000'2968       0x4  bdb.o [17]
    .bss               zero     0x2000'296c       0x4  bdb.o [17]
    .bss               zero     0x2000'2970       0x4  bdb.o [17]
    .bss               zero     0x2000'2974       0x4  bdb.o [17]
    .bss               zero     0x2000'2978       0x4  bdb.o [17]
    .bss               zero     0x2000'297c       0x4  bdb.o [17]
    .bss               zero     0x2000'2980       0x4  bdb_finding_and_binding.o [17]
    .bss               zero     0x2000'2984       0x4  bdb_finding_and_binding.o [17]
    .bss               zero     0x2000'2988      0x14  bdb_finding_and_binding.o [17]
    .bss               zero     0x2000'299c       0x4  binding_table.o [18]
    .bss               zero     0x2000'29a0       0x4  binding_table.o [18]
    .bss               zero     0x2000'29a4       0x4  binding_table.o [18]
    .bss               zero     0x2000'29a8       0x4  binding_table.o [18]
    .bss               zero     0x2000'29ac       0x4  binding_table.o [18]
    .bss               zero     0x2000'29b0       0x4  binding_table.o [18]
    .bss               zero     0x2000'29b4       0x4  binding_table.o [18]
    .bss               zero     0x2000'29b8       0x4  gp_common.o [7]
    .bss               zero     0x2000'29bc       0x4  gp_common.o [7]
    .bss               zero     0x2000'29c0       0x4  gp_common.o [7]
    .bss               zero     0x2000'29c4      0x14  gp_common.o [7]
    .bss               zero     0x2000'29d8      0x44  gp_common.o [7]
    .bss               zero     0x2000'2a1c       0x4  gp_common.o [7]
    .bss               zero     0x2000'2a20      0x44  gp_common.o [7]
    .bss               zero     0x2000'2a64       0x4  gp_common.o [7]
    .bss               zero     0x2000'2a68      0x44  gp_common.o [7]
    .bss               zero     0x2000'2aac       0x4  gp_common.o [7]
    .bss               zero     0x2000'2ab0       0x4  gp_common.o [7]
    .bss               zero     0x2000'2ab4       0x4  gp_common.o [7]
    .bss               zero     0x2000'2ab8     0x148  gp_common.o [7]
    .bss               zero     0x2000'2c00       0x4  gp_common.o [7]
    .bss               zero     0x2000'2c04      0x10  gp_common.o [7]
    .bss               zero     0x2000'2c14       0x4  gp_proxy.o [7]
    .bss               zero     0x2000'2c18       0x4  gp_proxy.o [7]
    .bss               zero     0x2000'2c1c       0x4  gp_proxy.o [7]
    .bss               zero     0x2000'2c20      0x20  mac_settings.o [13]
    .bss               zero     0x2000'2c40      0x18  mac_settings.o [13]
    .bss               zero     0x2000'2c58      0x18  mac_settings.o [13]
    .bss               zero     0x2000'2c70      0x18  mac_settings.o [13]
    .bss               zero     0x2000'2c88      0x14  mac_settings.o [13]
    .bss               zero     0x2000'2c9c      0x20  mac_settings.o [13]
    .bss               zero     0x2000'2cbc      0x58  main.o [4]
    .bss               zero     0x2000'2d14     0xbb8  main.o [4]
    .bss               zero     0x2000'38cc       0x4  nvocmp.o [3]
    .bss               zero     0x2000'38d0       0xc  nvocmp.o [3]
    .bss               zero     0x2000'38dc      0x30  nvocmp.o [3]
    .bss               zero     0x2000'390c       0x4  nvocmp.o [3]
    .bss               zero     0x2000'3910       0xc  nvocmp.o [3]
    .bss               zero     0x2000'391c       0x4  nvocmp.o [3]
    .bss               zero     0x2000'3920     0x2f4  nwk_globals.o [18]
    .bss               zero     0x2000'3c14     0x1c0  nwk_globals.o [18]
    .bss               zero     0x2000'3dd4     0x140  nwk_globals.o [18]
    .bss               zero     0x2000'3f14      0x60  nwk_globals.o [18]
    .bss               zero     0x2000'3f74      0x18  nwk_globals.o [18]
    .bss               zero     0x2000'3f8c      0x50  nwk_globals.o [18]
    .bss               zero     0x2000'3fdc      0x48  nwk_globals.o [18]
    .bss               zero     0x2000'4024       0xc  nwk_globals.o [18]
    .bss               zero     0x2000'4030      0x24  nwk_globals.o [18]
    .bss               zero     0x2000'4054      0x14  nwk_globals.o [18]
    .bss               zero     0x2000'4068      0x38  nwk_globals.o [18]
    .bss               zero     0x2000'40a0     0x168  osal_port.o [19]
    .bss               zero     0x2000'4208       0x4  osal_port.o [19]
    .bss               zero     0x2000'420c       0x4  osal_port.o [19]
    .bss               zero     0x2000'4210       0x4  osal_port.o [19]
    .bss               zero     0x2000'4214       0x4  osal_port.o [19]
    .bss               zero     0x2000'4218       0x4  osal_port.o [19]
    .bss               zero     0x2000'421c       0x4  osal_port.o [19]
    .bss               zero     0x2000'4220       0x4  osal_port.o [19]
    .bss               zero     0x2000'4224       0x4  osal_port.o [19]
    .bss               zero     0x2000'4228       0x4  osal_port.o [19]
    .bss               zero     0x2000'422c       0x4  osal_port_timers.o [19]
    .bss               zero     0x2000'4230       0x4  osal_port_timers.o [19]
    .bss               zero     0x2000'4234       0x4  osal_port_timers.o [19]
    .bss               zero     0x2000'4238      0x18  ti_drivers_config.o [1]
    .bss               zero     0x2000'4250      0x24  ti_drivers_config.o [1]
    .bss               zero     0x2000'4274      0x20  ti_drivers_config.o [1]
    .bss               zero     0x2000'4294      0x7c  ti_drivers_config.o [1]
    .bss               zero     0x2000'4310      0x7c  ti_drivers_config.o [1]
    .bss               zero     0x2000'438c      0x40  ti_drivers_config.o [1]
    .bss               zero     0x2000'43cc       0xc  ti_drivers_config.o [1]
    .bss               zero     0x2000'43d8     0x100  ti_drivers_config.o [1]
    .bss               zero     0x2000'44d8      0x84  ti_drivers_config.o [1]
    .bss               zero     0x2000'455c     0x170  ti_drivers_config.o [1]
    .bss               zero     0x2000'46cc      0x20  ti_drivers_config.o [1]
    .bss               zero     0x2000'46ec      0x20  ti_drivers_config.o [1]
    .bss               zero     0x2000'470c      0x1c  ti_sysbios_config.o [1]
    .bss               zero     0x2000'4728       0x4  ti_sysbios_config.o [1]
    .bss               zero     0x2000'472c       0x4  ti_sysbios_config.o [1]
    .bss               zero     0x2000'4730       0x4  ti_sysbios_config.o [1]
    .bss               zero     0x2000'4734      0xd8  ti_sysbios_config.o [1]
    .bss               zero     0x2000'480c      0x58  ti_sysbios_config.o [1]
    .bss               zero     0x2000'4864      0x30  ti_sysbios_config.o [1]
    .bss               zero     0x2000'4894      0x30  ti_sysbios_config.o [1]
    .bss               zero     0x2000'48c4       0x4  ti_sysbios_config.o [1]
    .bss               zero     0x2000'48c8       0x4  ti_sysbios_config.o [1]
    .bss               zero     0x2000'48cc       0xc  ti_sysbios_config.o [1]
    .bss               zero     0x2000'48d8       0x4  ti_sysbios_config.o [1]
    .bss               zero     0x2000'48dc       0x4  ti_sysbios_config.o [1]
    .bss               zero     0x2000'48e0       0x4  zcl.o [9]
    .bss               zero     0x2000'48e4       0x4  zcl.o [9]
    .bss               zero     0x2000'48e8       0x4  zcl.o [9]
    .bss               zero     0x2000'48ec       0x4  zcl.o [9]
    .bss               zero     0x2000'48f0       0x4  zcl.o [9]
    .bss               zero     0x2000'48f4       0x4  zcl.o [9]
    .bss               zero     0x2000'48f8       0x4  zcl_general.o [9]
    .bss               zero     0x2000'48fc       0x4  zcl_green_power.o [9]
    .bss               zero     0x2000'4900       0x4  zcl_green_power.o [9]
    .bss               zero     0x2000'4904       0x4  zcl_green_power.o [9]
    .bss               zero     0x2000'4908       0x4  zcl_port.o [9]
    .bss               zero     0x2000'490c      0xc8  zcl_port.o [9]
    .bss               zero     0x2000'49d4       0x4  zcl_port.o [9]
    .bss               zero     0x2000'49d8       0x4  zcl_samplesw.o [2]
    .bss               zero     0x2000'49dc      0x1c  zcl_samplesw.o [2]
    .bss               zero     0x2000'49f8       0x4  zcl_samplesw.o [2]
    .bss               zero     0x2000'49fc      0x10  zcl_samplesw.o [2]
    .bss               zero     0x2000'4a0c       0x4  zcl_samplesw.o [2]
    .bss               zero     0x2000'4a10       0xc  zcl_samplesw.o [2]
    .bss               zero     0x2000'4a1c       0x4  zcl_samplesw.o [2]
    .bss               zero     0x2000'4a20      0x1c  zcl_samplesw.o [2]
    .bss               zero     0x2000'4a3c       0xc  zd_app.o [21]
    .bss               zero     0x2000'4a48       0x8  zd_app.o [21]
    .bss               zero     0x2000'4a50      0x24  zd_app.o [21]
    .bss               zero     0x2000'4a74       0x4  zd_app.o [21]
    .bss               zero     0x2000'4a78       0x4  zd_app.o [21]
    .bss               zero     0x2000'4a7c      0x10  zd_config.o [21]
    .bss               zero     0x2000'4a8c       0x4  zd_config.o [21]
    .bss               zero     0x2000'4a90       0xc  zd_nwk_mgr.o [21]
    .bss               zero     0x2000'4a9c       0xc  zd_nwk_mgr.o [21]
    .bss               zero     0x2000'4aa8       0x4  zd_nwk_mgr.o [21]
    .bss               zero     0x2000'4aac       0x4  zd_nwk_mgr.o [21]
    .bss               zero     0x2000'4ab0       0x4  zd_nwk_mgr.o [21]
    .bss               zero     0x2000'4ab4       0x4  zd_nwk_mgr.o [21]
    .bss               zero     0x2000'4ab8       0x4  zd_nwk_mgr.o [21]
    .bss               zero     0x2000'4abc      0x34  zd_object.o [21]
    .bss               zero     0x2000'4af0       0x4  zd_object.o [21]
    .bss               zero     0x2000'4af4      0x54  zd_profile.o [21]
    .bss               zero     0x2000'4b48       0x4  zd_profile.o [21]
    .bss               zero     0x2000'4b4c       0x4  zd_sec_mgr.o [21]
    .bss               zero     0x2000'4b50      0x24  zd_sec_mgr.o [21]
    .bss               zero     0x2000'4b74      0x24  zd_sec_mgr.o [21]
    .bss               zero     0x2000'4b98       0x4  zglobals.o [20]
    .bss               zero     0x2000'4b9c       0x8  zglobals.o [20]
    .bss               zero     0x2000'4ba4       0x8  zglobals.o [20]
    .bss               zero     0x2000'4bac       0x4  zmac.o [22]
    .bss               zero     0x2000'4bb0       0x4  zmac_cb.o [22]
    .bss               zero     0x2000'4bb4       0x4  zstackstartup.o [4]
    .bss               zero     0x2000'4bb8       0x4  zstackstartup.o [4]
    .bss               zero     0x2000'4bbc       0x4  zstackstartup.o [4]
    .bss               zero     0x2000'4bc0       0x4  zstackstartup.o [4]
    .bss               zero     0x2000'4bc4       0x4  zstackstartup.o [4]
    .bss               zero     0x2000'4bc8       0x4  zstackstartup.o [4]
    .bss               zero     0x2000'4bcc       0x4  zstackstartup.o [4]
    .bss               zero     0x2000'4bd0       0x4  zstackstartup.o [4]
    .bss               zero     0x2000'4bd4       0x4  zstackstartup.o [4]
    .bss               zero     0x2000'4bd8       0x4  zstackstartup.o [4]
    .bss               zero     0x2000'4bdc      0x58  zstackstartup.o [4]
    .bss               zero     0x2000'4c34       0x4  zstackstartup.o [4]
    .bss               zero     0x2000'4c38      0x24  zstackstartup.o [4]
    .bss               zero     0x2000'4c5c     0xc00  zstackstartup.o [4]
    .bss               zero     0x2000'585c      0x1c  zstackstartup.o [4]
    .bss               zero     0x2000'5878       0x4  zstackstartup.o [4]
    .bss               zero     0x2000'587c       0x4  zstackstartup.o [4]
    .bss               zero     0x2000'5880       0x4  zstackstartup.o [4]
    .bss               zero     0x2000'5884       0x4  zstackstartup.o [4]
    .bss               zero     0x2000'5888       0x8  zstackstartup.o [4]
    .bss               zero     0x2000'5890       0x4  zstackstartup.o [4]
    .bss               zero     0x2000'5894       0x4  zstacktask.o [15]
    .bss               zero     0x2000'5898       0x8  aps_mede.o [26]
    .bss               zero     0x2000'58a0       0x4  aps_mede.o [26]
    .bss               zero     0x2000'58a4       0x4  aps_mede.o [26]
    .bss               zero     0x2000'58a8       0x4  aps_mede.o [26]
    .bss               zero     0x2000'58ac       0x4  aps_mede.o [26]
    .bss               zero     0x2000'58b0       0x4  aps_mede.o [26]
    .bss               zero     0x2000'58b4       0x4  aps_mede.o [26]
    .bss               zero     0x2000'58b8       0x4  nwk_util.o [26]
    .bss               zero     0x2000'58bc       0xc  nwk_util.o [26]
    .bss               zero     0x2000'58c8      0x28  nwk_util.o [26]
    .bss               zero     0x2000'58f0       0x8  nwk_util.o [26]
    .bss               zero     0x2000'58f8       0x4  nwk_util.o [26]
    .bss               zero     0x2000'58fc       0x4  nwk_util.o [26]
    .bss               zero     0x2000'5900       0x4  nwk_util.o [26]
    .bss               zero     0x2000'5904       0x4  nwk_util.o [26]
    .bss               zero     0x2000'5908       0x4  nwk_util.o [26]
    .bss               zero     0x2000'590c       0x4  nwk_util.o [26]
    .bss               zero     0x2000'5910       0x4  nwk_util.o [26]
    .bss               zero     0x2000'5914       0x4  nwk_util.o [26]
    .bss               zero     0x2000'5918       0x4  nwk_util.o [26]
    .bss               zero     0x2000'591c       0x4  nwk_util.o [26]
    .bss               zero     0x2000'5920       0x4  aps_groups.o [26]
    .bss               zero     0x2000'5924       0x8  aps.o [26]
[...]
zclGp_ProcessInBasicProxy
                           0x2'492f   0x10c  Code  Lc  zcl_green_power.o [9]
zclGp_ReadWriteAttrCB      0x2'64c1    0x5c  Code  Lc  gp_common.o [7]
zclGp_RegisterCmdCallbacks
                           0x2'4819    0x58  Code  Gb  zcl_green_power.o [9]
zclGp_SendGpCommissioningNotificationCommand
                           0x2'4b7b   0x1dc  Code  Gb  zcl_green_power.o [9]
zclGp_SendGpNotificationCommand
                           0x2'4a3b   0x140  Code  Gb  zcl_green_power.o [9]
zclGp_SendGpProxyTableResponse
                           0x2'4d57    0xc0  Code  Gb  zcl_green_power.o [9]
zclGp_clusterRevision   0x2000'1fd4     0x2  Data  Lc  gp_common.o [7]
zclGp_gpLinkKey         0x2000'1a98    0x10  Data  Lc  gp_common.o [7]
zclGp_gpSharedSecurityKey
                        0x2000'1a88    0x10  Data  Lc  gp_common.o [7]
zclGp_gpSharedSecurityKeyType
                        0x2000'1ff1     0x1  Data  Lc  gp_common.o [7]
zclGp_gppActiveFunctionality
                        0x2000'1a84     0x4  Data  Lc  gp_common.o [7]
zclGp_gppFunctionality  0x2000'1a80     0x4  Data  Lc  gp_common.o [7]
zclGp_gppMaxProxyTableEntries
                        0x2000'1fed     0x1  Data  Lc  gp_common.o [7]
zclGp_gppMaxSearchCounter
                        0x2000'1ff0     0x1  Data  Lc  gp_common.o [7]
zclGp_gppNotificationRetryNumber
                        0x2000'1fee     0x1  Data  Lc  gp_common.o [7]
zclGp_gppNotificationRetryTimer
                        0x2000'1fef     0x1  Data  Lc  gp_common.o [7]
zclGreenPowerEpDesc     0x2000'2c04    0x10  Data  Lc  gp_common.o [7]
zclGreenPower_CmdCallbacks
                        0x2000'1a70    0x10  Data  Gb  gp_common.o [7]
zclGreenPower_initializeClocks
                           0x2'66c1    0x50  Code  Lc  gp_common.o [7]
zclHandleExternalList   0x2000'49d4     0x4  Data  Lc  zcl_port.o [9]
zclParseHdr                0x1'2825    0x84  Code  Gb  zcl.o [9]
zclParseInDefaultRspCmd
                           0x1'347b    0x1a  Code  Lc  zcl.o [9]
zclParseInDiscAttrsCmd     0x1'3495    0x22  Code  Gb  zcl.o [9]
zclParseInDiscAttrsExtRspCmd
                           0x1'358d    0x78  Code  Lc  zcl.o [9]
zclParseInDiscAttrsRspCmd
                           0x1'34b7    0x74  Code  Lc  zcl.o [9]
zclParseInDiscCmdsCmd      0x1'352b    0x1c  Code  Gb  zcl.o [9]
zclParseInDiscCmdsRspCmd
                           0x1'3547    0x46  Code  Lc  zcl.o [9]
zclParseInReadCmd          0x1'30e7    0x52  Code  Gb  zcl.o [9]
zclParseInReadRspCmd       0x1'3139    0xf8  Code  Lc  zcl.o [9]
zclParseInReportCmd        0x1'3399    0xe2  Code  Gb  zcl.o [9]
zclParseInWriteCmd         0x1'3231    0xe2  Code  Gb  zcl.o [9]
zclParseInWriteRspCmd      0x1'3313    0x86  Code  Lc  zcl.o [9]
zclPortFind                0x2'20ab    0x48  Code  Gb  zcl_port.o [9]
zclPortFindEntity          0x2'20f3    0x46  Code  Gb  zcl_port.o [9]
zclProcessInDiscAttrs      0x1'3c57    0x72  Code  Lc  zcl.o [9]
zclProcessInDiscAttrsCmd
                           0x1'3cc9    0xf0  Code  Lc  zcl.o [9]
zclProcessInDiscAttrsExtCmd
                           0x1'3db9    0xf8  Code  Lc  zcl.o [9]
zclProcessInDiscCmd        0x1'3eb1   0x13c  Code  Lc  zcl.o [9]
zclProcessInReadCmd        0x1'3605   0x12e  Code  Lc  zcl.o [9]
zclProcessInWriteCmd       0x1'3733   0x202  Code  Lc  zcl.o [9]
zclProcessInWriteUndividedCmd
                           0x1'39ad   0x2aa  Code  Lc  zcl.o [9]
zclReadAttrData            0x1'2ef3    0x32  Code  Gb  zcl.o [9]
zclReadAttrDataUsingCB     0x1'2fa7    0x36  Code  Lc  zcl.o [9]
zclRevertWriteUndividedCmd
                           0x1'3935    0x78  Code  Lc  zcl.o [9]
zclSampleAppsGp_ProcessDataSendTimeoutCallback
                           0x2'666d    0x1c  Code  Lc  gp_common.o [7]
zclSampleAppsGp_ProcessExpireDuplicateTimeoutCallback
                           0x2'6689    0x1c  Code  Lc  gp_common.o [7]
zclSampleAppsGp_ProcessTempMasterTimeoutCallback
                           0x2'66a5    0x1c  Code  Lc  gp_common.o [7]
zclSampleSwEpDesc       0x2000'49fc    0x10  Data  Lc  zcl_samplesw.o [2]
zclSampleSw_Attrs            0x18d8    0x6c  Data  Gb  zcl_samplesw_data.o [2]
zclSampleSw_BasicResetCB
                           0x2'faad     0x8  Code  Lc  zcl_samplesw.o [2]
zclSampleSw_CmdCallbacks
                        0x2000'1dbc    0x3c  Data  Lc  zcl_samplesw.o [2]
zclSampleSw_DstAddr     0x2000'4a10     0xc  Data  Gb  zcl_samplesw.o [2]
zclSampleSw_HWRevision     0x3'b02e     0x1  Data  Gb  zcl_samplesw_data.o [2]
zclSampleSw_IdentifyTime
                        0x2000'6222     0x2  Data  Gb  zcl_samplesw_data.o [2]
zclSampleSw_InClusterList
                             0x1944     0x4  Data  Gb  zcl_samplesw_data.o [2]
zclSampleSw_Init           0x2'f769    0x90  Code  Lc  zcl_samplesw.o [2]
zclSampleSw_ManufacturerName
                             0x18c4    0x14  Data  Gb  zcl_samplesw_data.o [2]
zclSampleSw_NumAttributes
                           0x3'b031     0x1  Data  Gb  zcl_samplesw_data.o [2]
zclSampleSw_OutClusterList
                             0x1948     0x8  Data  Gb  zcl_samplesw_data.o [2]
zclSampleSw_PhysicalEnvironment
                        0x2000'626e     0x1  Data  Gb  zcl_samplesw_data.o [2]
zclSampleSw_PowerSource
                           0x3'b030     0x1  Data  Gb  zcl_samplesw_data.o [2]
zclSampleSw_ProcessCommissioningStatus
                           0x2'fa93    0x1a  Code  Lc  zcl_samplesw.o [2]
zclSampleSw_ProcessInDefaultRspCmd
                           0x2'fb8b     0x4  Code  Lc  zcl_samplesw.o [2]
zclSampleSw_ProcessInDiscAttrsExtRspCmd
                           0x2'fbbb    0x16  Code  Lc  zcl_samplesw.o [2]
zclSampleSw_ProcessInDiscAttrsRspCmd
                           0x2'fba5    0x16  Code  Lc  zcl_samplesw.o [2]
zclSampleSw_ProcessInDiscCmdsRspCmd
                           0x2'fb8f    0x16  Code  Lc  zcl_samplesw.o [2]
zclSampleSw_ProcessInReadRspCmd
                           0x2'fb3b    0x16  Code  Lc  zcl_samplesw.o [2]
zclSampleSw_ProcessInReportCmd
                           0x2'fb67    0x24  Code  Lc  zcl_samplesw.o [2]
zclSampleSw_ProcessInWriteRspCmd
                           0x2'fb51    0x16  Code  Lc  zcl_samplesw.o [2]
zclSampleSw_ProcessIncomingMsg
                           0x2'fab5    0x86  Code  Lc  zcl_samplesw.o [2]
zclSampleSw_ResetAttributesToDefaultValues
                           0x3'6885    0x18  Code  Gb  zcl_samplesw_data.o [2]
zclSampleSw_SimpleDesc  0x2000'1df8    0x14  Data  Gb  zcl_samplesw_data.o [2]
zclSampleSw_ZCLVersion     0x3'b02f     0x1  Data  Gb  zcl_samplesw_data.o [2]
zclSampleSw_basic_clusterRevision
                           0x1'f632     0x2  Data  Gb  zcl_samplesw_data.o [2]
zclSampleSw_identify_clusterRevision
                           0x2'1b6a     0x2  Data  Gb  zcl_samplesw_data.o [2]
zclSampleSw_initParameters
                           0x2'f7f9    0x5c  Code  Lc  zcl_samplesw.o [2]
zclSampleSw_initialization
                           0x2'f6ff    0x6a  Code  Lc  zcl_samplesw.o [2]
zclSampleSw_initializeClocks
                           0x2'f855     0x2  Code  Lc  zcl_samplesw.o [2]
zclSampleSw_onoff_clusterRevision
                           0x2'2626     0x2  Data  Gb  zcl_samplesw_data.o [2]
zclSampleSw_processAfIncomingMsgInd
                           0x2'f9e3    0xb0  Code  Lc  zcl_samplesw.o [2]
zclSampleSw_processZStackMsgs
                           0x2'f917    0xcc  Code  Lc  zcl_samplesw.o [2]
zclSampleSw_process_loop
                           0x2'f883    0x94  Code  Lc  zcl_samplesw.o [2]
zclSceneNVID            0x2000'1fd8     0x2  Data  Lc  zcl_port.o [9]
zclSerializeData           0x1'2c5d   0x15c  Code  Gb  zcl.o [9]
zclSetSecurityOption       0x1'2a81    0x2a  Code  Lc  zcl.o [9]
zclWriteAttrData           0x1'3005    0x56  Code  Lc  zcl.o [9]
zclWriteAttrDataUsingCB
                           0x1'3075    0x4a  Code  Lc  zcl.o [9]
zcl_AF_DataRequest         0x2'2183    0x94  Code  Gb  zcl_port.o [9]
zcl_DeviceOperational      0x1'1dbb    0x50  Code  Lc  zcl.o [9]
zcl_Groups_Options      0x2000'1a6c     0x4  Data  Lc  bdb_finding_and_binding.o [17]
zcl_HandleExternal         0x2'1fa5    0x2a  Code  Gb  zcl_port.o [9]
zcl_InSeqNum            0x2000'626a     0x1  Data  Gb  zcl.o [9]
zcl_ProcessMessageMSG      0x1'2481   0x39e  Code  Gb  zcl.o [9]
zcl_ReadAttrData           0x1'2f25    0x50  Code  Gb  zcl.o [9]
zcl_SendCommandEx          0x1'1e0b   0x19c  Code  Gb  zcl.o [9]
zcl_SendDefaultRspCmd      0x1'21bf    0x46  Code  Gb  zcl.o [9]
zcl_SendDiscoverAttrsExtRsp
                           0x1'23b3    0xce  Code  Gb  zcl.o [9]
zcl_SendDiscoverAttrsRspCmd
                           0x1'22e5    0xce  Code  Gb  zcl.o [9]
zcl_SendDiscoverCmdsRspCmd
                           0x1'2205    0xe0  Code  Gb  zcl.o [9]
zcl_SendReadRsp            0x1'1fb5   0x13a  Code  Gb  zcl.o [9]
zcl_SendWriteRsp           0x1'20ef    0xd0  Code  Gb  zcl.o [9]
zcl_TransID             0x2000'6269     0x1  Data  Gb  zcl.o [9]
zcl_ValidateAttrDataCB  0x2000'48e0     0x4  Data  Gb  zcl.o [9]
zcl_afFindEndPointDesc     0x2'2139    0x4a  Code  Gb  zcl_port.o [9]
zcl_buffer_uint32          0x2'203d    0x1c  Code  Gb  zcl_port.o [9]
zcl_build_uint32           0x2'2059    0x52  Code  Gb  zcl_port.o [9]
zcl_cpyExtAddr             0x2'2027     0xa  Code  Gb  zcl_port.o [9]
zcl_getFrameCounter        0x1'3fed     0x6  Code  Gb  zcl.o [9]
zcl_getRawAFMsg            0x1'1cd9     0x6  Code  Gb  zcl.o [9]
zcl_gpSendCommissioningNotification
                           0x2'5f29    0x60  Code  Gb  gp_common.o [7]
zcl_gpSendNotification     0x2'5e91    0x98  Code  Gb  gp_common.o [7]
zcl_mem_alloc              0x2'1fcf     0xa  Code  Gb  zcl_port.o [9]
zcl_mem_free               0x2'2031     0xc  Code  Gb  zcl_port.o [9]
zcl_memcmp                 0x2'2003    0x24  Code  Gb  zcl_port.o [9]
zcl_memcpy                 0x2'1fef    0x14  Code  Gb  zcl_port.o [9]
zcl_memset                 0x2'1fd9    0x16  Code  Gb  zcl_port.o [9]
zcl_radius              0x2000'1ff5     0x1  Data  Gb  zcl.o [9]
zcl_registerAttrList       0x1'1d1d    0x42  Code  Gb  zcl.o [9]
zcl_registerClusterOptionList
                           0x1'1d5f    0x40  Code  Gb  zcl.o [9]
zcl_registerPlugin         0x1'1cdf    0x3e  Code  Gb  zcl.o [9]
zcl_registerReadWriteCB
                           0x1'1d9f    0x1c  Code  Gb  zcl.o [9]
zclport_initializeNVItem
                           0x2'1e8d    0x64  Code  Gb  zcl_port.o [9]
zclport_readNV             0x2'1f61    0x44  Code  Gb  zcl_port.o [9]
zclport_registerEndpoint
                           0x2'1d65    0xb6  Code  Gb  zcl_port.o [9]
zclport_registerNV         0x2'1e1b     0xe  Code  Gb  zcl_port.o [9]
zclport_registerZclHandleExternal
                           0x2'1e29    0x64  Code  Gb  zcl_port.o [9]
zclport_writeNV            0x2'1ef1    0x70  Code  Gb  zcl_port.o [9]
zdAppServiceEvents      0x2000'4bc8     0x4  Data  Lc  zstackstartup.o [4]
zdoBeaconNotifyIndCB       0x3'2fc1    0x12  Code  Lc  zstacktask.o [15]
zdoBindUnbindAuthAddr   0x2000'1e1c     0x8  Data  Gb  zd_object.o [21]
zdoBindUnbindAuthClusterId
                        0x2000'622a     0x2  Data  Gb  zd_object.o [21]
zdoBindUnbindAuthEndpoint
                        0x2000'627c     0x1  Data  Gb  zd_object.o [21]
zdoCBFunc               0x2000'4a50    0x24  Data  Gb  zd_app.o [21]
zdoConcentratorIndCB       0x3'30e1    0x12  Code  Lc  zstacktask.o [15]
zdoJoinCnfCB               0x3'3139    0x12  Code  Lc  zstacktask.o [15]
zdoLeaveIndCB              0x3'3187    0x12  Code  Lc  zstacktask.o [15]
zdoMsgCBs               0x2000'4b48     0x4  Data  Gb  zd_profile.o [21]
zdoNwkDiscCnfCB            0x3'2f21    0x44  Code  Lc  zstacktask.o [15]
zdoPermitJoinIndCB         0x3'31f9    0x16  Code  Lc  zstacktask.o [15]
zdoSendStateChangeMsg        0xea5f    0x42  Code  Lc  zd_object.o [21]
zdoSrcRtgCB                0x3'305f    0x12  Code  Lc  zstacktask.o [15]
zdoTcDeviceIndCB           0x3'3245    0x16  Code  Lc  zstacktask.o [15]
zdpExternalStateTaskID  0x2000'1fda     0x2  Data  Gb  zd_object.o [21]
zdpMsgProcs                  0x1960    0x88  Data  Gb  zd_profile.o [21]
zdpNwkMgrServiceEvents  0x2000'4bcc     0x4  Data  Lc  zstackstartup.o [4]
zdpProcessAddrReq          0x1'55cb   0x23c  Code  Gb  zd_profile.o [21]
zgAllowInstallCodes     0x2000'1ffe     0x1  Data  Gb  zglobals.o [20]
zgAllowRadioRxOff       0x2000'200e     0x1  Data  Gb  zglobals.o [20]
zgAllowRejoinsWithWellKnownKey
                        0x2000'6285     0x1  Data  Gb  zglobals.o [20]
zgApsAckWaitMultiplier  0x2000'2011     0x1  Data  Gb  zglobals.o [20]
zgApsAllowR19Sec        0x2000'628c     0x1  Data  Gb  zglobals.o [20]
zgApsDefaultMaxBindingTime
                        0x2000'1fde     0x2  Data  Gb  zglobals.o [20]
zgApsLinkKeyType        0x2000'2015     0x1  Data  Gb  zglobals.o [20]
zgApsMinDupRejTableSize
                        0x2000'1fe4     0x2  Data  Gb  zglobals.o [20]
zgApsNonMemberRadius    0x2000'2013     0x1  Data  Gb  zglobals.o [20]
zgApsTrustCenterAddr    0x2000'4b9c     0x8  Data  Gb  zglobals.o [20]
zgApsUseExtendedPANID   0x2000'4ba4     0x8  Data  Gb  zglobals.o [20]
zgApsUseInsecureJoin    0x2000'2012     0x1  Data  Gb  zglobals.o [20]
zgApscAckWaitDurationPolled
                        0x2000'1fdc     0x2  Data  Gb  zglobals.o [20]
zgApscDupRejTimeoutCount
                        0x2000'2014     0x1  Data  Gb  zglobals.o [20]
zgApscDupRejTimeoutInc  0x2000'1fe2     0x2  Data  Gb  zglobals.o [20]
zgApscMaxFrameRetries   0x2000'2010     0x1  Data  Gb  zglobals.o [20]
zgBcastDeliveryTime     0x2000'2003     0x1  Data  Gb  zglobals.o [20]
zgBdbAttemptUnsecureRejoin
                        0x2000'201a     0x1  Data  Gb  zglobals.o [20]
zgBdbMaxSecureRejoinAttempts
                        0x2000'201b     0x1  Data  Gb  zglobals.o [20]
zgChildAgingEnable      0x2000'200d     0x1  Data  Gb  zglobals.o [20]
zgConcentratorDiscoveryTime
                        0x2000'6287     0x1  Data  Gb  zglobals.o [20]
zgConcentratorEnable    0x2000'6286     0x1  Data  Gb  zglobals.o [20]
zgConcentratorRC        0x2000'6288     0x1  Data  Gb  zglobals.o [20]
zgConcentratorRadius    0x2000'2004     0x1  Data  Gb  zglobals.o [20]
zgConfigPANID           0x2000'1fe6     0x2  Data  Gb  zglobals.o [20]
zgDefaultChannelList    0x2000'4b98     0x4  Data  Gb  zglobals.o [20]
zgDeviceLogicalType     0x2000'2016     0x1  Data  Gb  zglobals.o [20]
zgEndDeviceConfiguration
                        0x2000'6289     0x1  Data  Gb  zglobals.o [20]
zgEndDeviceTimeoutValue
                        0x2000'200c     0x1  Data  Gb  zglobals.o [20]
zgExtendedPANID         0x2000'1e2c     0x8  Data  Gb  zglobals.o [20]
zgGP_ProxyCommissioningMode
                        0x2000'625b     0x1  Data  Gb  gp_proxy.o [7]
zgIndirectMsgTimeout    0x2000'1ffc     0x1  Data  Gb  zglobals.o [20]
zgInit                     0x2'1bb7    0x5e  Code  Gb  zglobals.o [20]
zgInitItems                0x2'1c15    0x44  Code  Gb  zglobals.o [20]
zgItemInit                 0x2'1b6d    0x4a  Code  Lc  zglobals.o [20]
zgItemTable                  0x19f0   0x190  Data  Lc  zglobals.o [20]
zgMaxBcastRetires       0x2000'2001     0x1  Data  Gb  zglobals.o [20]
zgMaxDataRetries        0x2000'1ff9     0x1  Data  Gb  zglobals.o [20]
zgMaxMissingMacAckLinkFailure
                        0x2000'1ffa     0x1  Data  Gb  zglobals.o [20]
zgNwkCommissionedNwkAddr
                        0x2000'1fe0     0x2  Data  Gb  zglobals.o [20]
zgNwkEndDeviceLeaveTimeoutDefault
                        0x2000'200b     0x1  Data  Gb  zglobals.o [20]
zgNwkEndDeviceTimeoutDefault
                        0x2000'200a     0x1  Data  Gb  zglobals.o [20]
zgNwkLeaveRequestAllowed
                        0x2000'2007     0x1  Data  Gb  zglobals.o [20]
zgNwkMgrMinTransmissions
                        0x2000'2019     0x1  Data  Gb  zglobals.o [20]
zgNwkMgrMode            0x2000'201c     0x1  Data  Gb  zglobals.o [20]
zgNwkParentInformation  0x2000'2009     0x1  Data  Gb  zglobals.o [20]
zgNwkProcessLocalLeaveCnf
                        0x2000'2008     0x1  Data  Gb  zglobals.o [20]
zgNwkSrcRtgExpiryTime   0x2000'2005     0x1  Data  Gb  zglobals.o [20]
zgPassiveAckTimeout     0x2000'2002     0x1  Data  Gb  zglobals.o [20]
zgPreConfigKeys         0x2000'628a     0x1  Data  Gb  zglobals.o [20]
zgPreconfigKeyInit         0x2'1ccf    0x7c  Code  Lc  zglobals.o [20]
zgReadStartupOptions       0x2'1c59    0x28  Code  Gb  zglobals.o [20]
zgRouteDiscoveryTime    0x2000'1fff     0x1  Data  Gb  zglobals.o [20]
zgRouteExpiryTime       0x2000'2000     0x1  Data  Gb  zglobals.o [20]
zgRouterOffAssocCleanup
                        0x2000'2006     0x1  Data  Gb  zglobals.o [20]
zgRouterSilentRejoin    0x2000'201d     0x1  Data  Gb  zglobals.o [20]
zgRxAlwaysOn            0x2000'200f     0x1  Data  Gb  zglobals.o [20]
zgSapiEndpoint          0x2000'201e     0x1  Data  Gb  zglobals.o [20]
zgSecurePermitJoin      0x2000'1ffd     0x1  Data  Gb  zglobals.o [20]
zgStackProfile          0x2000'1ffb     0x1  Data  Gb  zglobals.o [20]
zgStartDelay            0x2000'2017     0x1  Data  Gb  zglobals.o [20]
zgSwitchCoordKey        0x2000'628d     0x1  Data  Gb  zglobals.o [20]
zgSwitchCoordKeyIndex   0x2000'628e     0x1  Data  Gb  zglobals.o [20]
zgUseDefaultTCLK        0x2000'628b     0x1  Data  Gb  zglobals.o [20]
zgWriteStartupOptions      0x2'1c81    0x4e  Code  Gb  zglobals.o [20]
zgZdoDirectCB           0x2000'2018     0x1  Data  Gb  zglobals.o [20]
zgpSharedKey                  0x230    0x10  Data  Gb  gp_common.o [7]
zmacCBSizeTable              0x1b80    0x14  Data  Gb  zmac_cb.o [22]
zmain_ext_addr             0x2'f563    0xfc  Code  Lc  zstackstartup.o [4]
zsProcessZDOMsgs           0x3'2b15   0x196  Code  Lc  zstacktask.o [15]
zstackServiceEvents     0x2000'4bd4     0x4  Data  Lc  zstackstartup.o [4]
zstackTasksArr               0x1bf8    0x24  Data  Gb  zstackstartup.o [4]
zstackTasksCnt             0x3'b033     0x1  Data  Gb  zstackstartup.o [4]
zstack_user0Cfg         0x2000'1b04    0x5c  Data  Gb  main.o [4]


[1] = F:\Zigbee_communication\sw\default\Obj\SysConfig Generated Files
[2] = F:\Zigbee_communication\sw\default\Obj\ZR Sw\Application
[3] = F:\Zigbee_communication\sw\default\Obj\ZR Sw\Application\Services
[4] = F:\Zigbee_communication\sw\default\Obj\ZR Sw\Application\StartUp
[5] = F:\Zigbee_communication\sw\default\Obj\ZR Sw\Application\ZStackApi
[6] = F:\Zigbee_communication\sw\default\Obj\ZR Sw\Application\util
[7] = F:\Zigbee_communication\sw\default\Obj\ZR Sw\Common\gp
[8] = F:\Zigbee_communication\sw\default\Obj\ZR Sw\Common\touchlink
[9] = F:\Zigbee_communication\sw\default\Obj\ZR Sw\Common\zcl
[10] = F:\Zigbee_communication\sw\default\Obj\ZR Sw\Stack\Config
[11] = F:\Zigbee_communication\sw\default\Obj\ZR Sw\Stack\MAC\Debug
[12] = F:\Zigbee_communication\sw\default\Obj\ZR Sw\Stack\MAC\HighLevel
[13] = F:\Zigbee_communication\sw\default\Obj\ZR Sw\Stack\MAC\LowLevel
[14] = F:\Zigbee_communication\sw\default\Obj\ZR Sw\Stack\ROM
[15] = F:\Zigbee_communication\sw\default\Obj\ZR Sw\Stack\ZStackTask
[16] = F:\Zigbee_communication\sw\default\Obj\ZR Sw\Stack\af
[17] = F:\Zigbee_communication\sw\default\Obj\ZR Sw\Stack\bdb
[18] = F:\Zigbee_communication\sw\default\Obj\ZR Sw\Stack\nwk
[19] = F:\Zigbee_communication\sw\default\Obj\ZR Sw\Stack\osal_port
[20] = F:\Zigbee_communication\sw\default\Obj\ZR Sw\Stack\sys
[21] = F:\Zigbee_communication\sw\default\Obj\ZR Sw\Stack\zdo
[22] = F:\Zigbee_communication\sw\default\Obj\ZR Sw\Stack\zmac
[23] = dl7M_tln.a
[24] = driverlib.lib
[25] = drivers_cc13x2.a
[26] = libZStack_nwk_zr.a
[27] = m7M_tls.a
[28] = maclib_nosecure_cc13x2_2_4g_tirtos7.a
[29] = rf_multiMode_cc13x2.a
[30] = rt7M_tl.a
[31] = shb_l.a
[32] = sysbios.a

  232'756 bytes of readonly  code memory
    9'658 bytes of readonly  data memory
   19'615 bytes of readwrite data memory

Errors: none
Warnings: none
