###############################################################################
#
# IAR ELF Linker V9.20.1.318/W64 for ARM                  22/May/2023  19:56:05
# Copyright 2007-2021 IAR Systems AB.
#
#    Output file  =
#        F:\Zigbee_communication\EndDevice\default\Exe\zed_sw_CC1352P_2_LAUNCHXL_tirtos7_iar.out
#    Map file     =
#        F:\Zigbee_communication\EndDevice\default\List\zed_sw_CC1352P_2_LAUNCHXL_tirtos7_iar.map
#    Command line =
#        -f
#        F:\Zigbee_communication\EndDevice\default\Exe\zed_sw_CC1352P_2_LAUNCHXL_tirtos7_iar.out.rsp
#        ("F:\Zigbee_communication\EndDevice\default\Obj\ZED Sw\Stack\af\af.o"
#        "F:\Zigbee_communication\EndDevice\default\Obj\ZED Sw\Stack\bdb\bdb.o"
#        "F:\Zigbee_communication\EndDevice\default\Obj\ZED
#        Sw\Stack\bdb\bdb_finding_and_binding.o"
#        "F:\Zigbee_communication\EndDevice\default\Obj\ZED
#        Sw\Stack\bdb\bdb_reporting.o"
#        "F:\Zigbee_communication\EndDevice\default\Obj\ZED
#        Sw\Common\touchlink\bdb_tl_commissioning.o"
#        "F:\Zigbee_communication\EndDevice\default\Obj\ZED
#        Sw\Stack\bdb\bdb_touchlink.o"
#        "F:\Zigbee_communication\EndDevice\default\Obj\ZED
#        Sw\Stack\bdb\bdb_touchlink_initiator.o"
#        "F:\Zigbee_communication\EndDevice\default\Obj\ZED
#        Sw\Stack\bdb\bdb_touchlink_target.o"
#        "F:\Zigbee_communication\EndDevice\default\Obj\ZED
#        Sw\Stack\nwk\binding_table.o"
#        "F:\Zigbee_communication\EndDevice\default\Obj\ZED
#        Sw\Application\Services\crc.o"
#        "F:\Zigbee_communication\EndDevice\default\Obj\ZED
#        Sw\Stack\MAC\Debug\dbg.o"
#        "F:\Zigbee_communication\EndDevice\default\Obj\ZED
#        Sw\Stack\ROM\fh_rom_init.o"
#        "F:\Zigbee_communication\EndDevice\default\Obj\ZED
#        Sw\Common\gp\gp_bit_fields.o"
#        "F:\Zigbee_communication\EndDevice\default\Obj\ZED
#        Sw\Common\gp\gp_common.o"
#        "F:\Zigbee_communication\EndDevice\default\Obj\ZED
#        Sw\Common\gp\gp_proxy.o"
#        "F:\Zigbee_communication\EndDevice\default\Obj\ZED
#        Sw\Common\gp\gp_proxy_table.o"
#        "F:\Zigbee_communication\EndDevice\default\Obj\ZED
#        Sw\Stack\ROM\hmac_rom_init.o"
#        "F:\Zigbee_communication\EndDevice\default\Obj\ZED
#        Sw\Stack\ROM\icall_osal_rom_init.o"
#        "F:\Zigbee_communication\EndDevice\default\Obj\ZED
#        Sw\Stack\ROM\lmac_rom_init.o"
#        "F:\Zigbee_communication\EndDevice\default\Obj\ZED
#        Sw\Stack\MAC\LowLevel\mac_activity.o"
#        "F:\Zigbee_communication\EndDevice\default\Obj\ZED
#        Sw\Stack\MAC\HighLevel\mac_cfg.o"
#        "F:\Zigbee_communication\EndDevice\default\Obj\ZED
#        Sw\Stack\MAC\LowLevel\mac_settings.o"
#        "F:\Zigbee_communication\EndDevice\default\Obj\ZED
#        Sw\Stack\Config\mac_user_config.o"
#        "F:\Zigbee_communication\EndDevice\default\Obj\ZED
#        Sw\Application\util\mac_util.o"
#        "F:\Zigbee_communication\EndDevice\default\Obj\ZED
#        Sw\Application\StartUp\main.o"
#        "F:\Zigbee_communication\EndDevice\default\Obj\ZED
#        Sw\Application\Services\nvocmp.o"
#        "F:\Zigbee_communication\EndDevice\default\Obj\ZED
#        Sw\Stack\nwk\nwk_globals.o"
#        "F:\Zigbee_communication\EndDevice\default\Obj\ZED
#        Sw\Stack\osal_port\osal_nv.o"
#        "F:\Zigbee_communication\EndDevice\default\Obj\ZED
#        Sw\Stack\osal_port\osal_port.o"
#        "F:\Zigbee_communication\EndDevice\default\Obj\ZED
#        Sw\Stack\osal_port\osal_port_timers.o"
#        "F:\Zigbee_communication\EndDevice\default\Obj\ZED
#        Sw\Stack\ROM\rom_init_154.o"
#        "F:\Zigbee_communication\EndDevice\default\Obj\ZED
#        Sw\Application\Services\saddr.o"
#        "F:\Zigbee_communication\EndDevice\default\Obj\ZED
#        Sw\Stack\nwk\stub_aps.o"
#        "F:\Zigbee_communication\EndDevice\default\Obj\SysConfig Generated
#        Files\ti_devices_config.o"
#        "F:\Zigbee_communication\EndDevice\default\Obj\SysConfig Generated
#        Files\ti_drivers_config.o"
#        "F:\Zigbee_communication\EndDevice\default\Obj\SysConfig Generated
#        Files\ti_radio_config.o"
#        "F:\Zigbee_communication\EndDevice\default\Obj\SysConfig Generated
#        Files\ti_sysbios_config.o"
#        "F:\Zigbee_communication\EndDevice\default\Obj\SysConfig Generated
#        Files\ti_zstack_config.o"
#        "F:\Zigbee_communication\EndDevice\default\Obj\ZED
#        Sw\Common\touchlink\touchlink_initiator_app.o"
#        "F:\Zigbee_communication\EndDevice\default\Obj\ZED
#        Sw\Common\touchlink\touchlink_target_app.o"
#        "F:\Zigbee_communication\EndDevice\default\Obj\ZED
#        Sw\Application\util\utc_clock.o"
#        "F:\Zigbee_communication\EndDevice\default\Obj\ZED
#        Sw\Application\util\util_timer.o"
#        "F:\Zigbee_communication\EndDevice\default\Obj\ZED
#        Sw\Common\zcl\zcl.o"
#        "F:\Zigbee_communication\EndDevice\default\Obj\ZED
#        Sw\Common\zcl\zcl_general.o"
#        "F:\Zigbee_communication\EndDevice\default\Obj\ZED
#        Sw\Common\zcl\zcl_ha.o"
#        "F:\Zigbee_communication\EndDevice\default\Obj\ZED
#        Sw\Common\zcl\zcl_port.o"
#        "F:\Zigbee_communication\EndDevice\default\Obj\ZED
#        Sw\Application\zcl_samplesw.o"
#        "F:\Zigbee_communication\EndDevice\default\Obj\ZED
#        Sw\Application\zcl_samplesw_data.o"
#        "F:\Zigbee_communication\EndDevice\default\Obj\ZED
#        Sw\Stack\zdo\zd_app.o"
#        "F:\Zigbee_communication\EndDevice\default\Obj\ZED
#        Sw\Stack\zdo\zd_config.o"
#        "F:\Zigbee_communication\EndDevice\default\Obj\ZED
#        Sw\Stack\zdo\zd_nwk_mgr.o"
#        "F:\Zigbee_communication\EndDevice\default\Obj\ZED
#        Sw\Stack\zdo\zd_object.o"
#        "F:\Zigbee_communication\EndDevice\default\Obj\ZED
#        Sw\Stack\zdo\zd_profile.o"
#        "F:\Zigbee_communication\EndDevice\default\Obj\ZED
#        Sw\Stack\zdo\zd_sec_mgr.o"
#        "F:\Zigbee_communication\EndDevice\default\Obj\ZED
#        Sw\Stack\sys\zdiags.o"
#        "F:\Zigbee_communication\EndDevice\default\Obj\ZED
#        Sw\Stack\sys\zglobals.o"
#        "F:\Zigbee_communication\EndDevice\default\Obj\ZED
#        Sw\Stack\zmac\zmac.o"
#        "F:\Zigbee_communication\EndDevice\default\Obj\ZED
#        Sw\Stack\zmac\zmac_cb.o"
#        "F:\Zigbee_communication\EndDevice\default\Obj\ZED
#        Sw\Application\ZStackApi\zstackapi.o"
#        "F:\Zigbee_communication\EndDevice\default\Obj\ZED
#        Sw\Application\StartUp\zstackstartup.o"
#        "F:\Zigbee_communication\EndDevice\default\Obj\ZED
#        Sw\Stack\ZStackTask\zstacktask.o" --no_out_extension -o
#        F:\Zigbee_communication\EndDevice\default\Exe\zed_sw_CC1352P_2_LAUNCHXL_tirtos7_iar.out
#        --map
#        F:\Zigbee_communication\EndDevice\default\List\zed_sw_CC1352P_2_LAUNCHXL_tirtos7_iar.map
#        --config F:\Zigbee_communication\EndDevice\cc13x2_cc26x2.icf --silent
#        --redirect _Printf=_PrintfSmall --config_def=NVOCMP_NVPAGES=2
#        -fF:\Zigbee_communication\EndDevice/ti_utils_build_linker.cmd.genlibs
#        (third_party/spiffs/lib/iar/m4f/spiffs.a
#        ti/drivers/rf/lib/iar/m4f/rf_multiMode_cc13x2.a
#        ti/drivers/lib/iar/m4f/drivers_cc13x2.a ti/grlib/lib/iar/m4f/grlib.a
#        ti/sysbios/lib/iar/m4f/sysbios.a
#        ti/ti154stack/lib/iar/m4f/maclib_nosecure_cc13x2_2_4g_tirtos7.a
#        ti/zstack/lib/iar/m4f/libZStack_nwk_zed.a)
#        -Lc:/ti/simplelink_cc13xx_cc26xx_sdk_7_10_00_98/source
#        -fc:/ti/simplelink_cc13xx_cc26xx_sdk_7_10_00_98/source/ti/ti154stack/lib/rom/iar/timac_rom_PG2_0_rom_api_linker.icf
#        (--define_symbol FHAPI_reset=0x10030809 --define_symbol
#        FHAPI_start=0x10030101 --define_symbol FHAPI_startBS=0x10030989
#        --define_symbol FHAPI_completeTxCb=0x1003035d --define_symbol
#        FHAPI_completeRxCb=0x10030501 --define_symbol
#        FHAPI_sendData=0x10030689 --define_symbol
#        FHAPI_getTxParams_old=0x100308d1 --define_symbol
#        FHAPI_getTxChHoppingFunc=0x10030b81 --define_symbol
#        FHAPI_getRemDT=0x10030a81 --define_symbol FHAPI_stopAsync=0x10030b11
#        --define_symbol FHAPI_setStateCb=0x10030b51 --define_symbol
#        FHAPI_SFDRxCb=0x10030ad1 --define_symbol FHAPI_getBitCount=0x10030bad
#        --define_symbol FHDATA_checkPktFromQueue=0x10031029 --define_symbol
#        FHDATA_getPktFromQueue=0x10030d61 --define_symbol
#        FHDATA_purgePktFromQueue=0x10030e89 --define_symbol
#        FHDATA_purgeUnSupportedFrameTypes=0x10030e05 --define_symbol
#        FHDATA_chkASYNCStartReq=0x10030fb5 --define_symbol
#        FHDATA_procASYNCReq=0x10030bd1 --define_symbol
#        FHDATA_startEDFEReq=0x10031051 --define_symbol
#        FHDATA_procEDFEReq=0x1003103d --define_symbol
#        FHDATA_startEDFETimer=0x10031065 --define_symbol
#        FHDATA_requeuePkt=0x10030efd --define_symbol
#        FHDATA_updateCCA=0x10030fed --define_symbol
#        FHDATA_asyncMinTxOffTimerCb=0x10031011 --define_symbol
#        FHDH1CF_hashword=0x10031069 --define_symbol FHDH1CF_getCh=0x10031209
#        --define_symbol FHDH1CF_getBcCh=0x100312f5 --define_symbol
#        FHDH1CF_mapChIdxChannel=0x100311ad --define_symbol
#        FHDH1CF_getBCChannelNum=0x10031129 --define_symbol
#        FHDH1CF_getChannelNum=0x1003125d --define_symbol
#        FHDH1CF_getTxChannelNum=0x100312b1 --define_symbol
#        FHIE_genUTIE=0x10032755 --define_symbol FHIE_genBTIE=0x1003248d
#        --define_symbol FHIE_getChannelPlan=0x100326f1 --define_symbol
#        FHIE_isChannelPlanValid=0x10032805 --define_symbol
#        FHIE_genExcludedChannelMask=0x10032689 --define_symbol
#        FHIE_genExcludedChannelRanges=0x100323cd --define_symbol
#        FHIE_getExcludedChannelControl=0x10032859 --define_symbol
#        FHIE_genCommonInformation=0x10031fed --define_symbol
#        FHIE_genPieContent=0x10031325 --define_symbol FHIE_genPie=0x1003210d
#        --define_symbol FHIE_genHie=0x10031d91 --define_symbol
#        FHIE_getCommonInformationLen=0x100327b1 --define_symbol
#        FHIE_getPieContentLen=0x1003220d --define_symbol
#        FHIE_getPieLen=0x10032599 --define_symbol FHIE_getHieLen=0x10032619
#        --define_symbol FHIE_parseCommonInformation=0x10031ba9 --define_symbol
#        FHIE_getPie=0x100328cf --define_symbol FHIE_getSubPie=0x10032895
#        --define_symbol FHIE_getHie=0x10032939 --define_symbol
#        FHIE_gen=0x10032905 --define_symbol FHIE_getLen=0x1003296d
#        --define_symbol FHIE_parsePie=0x10031699 --define_symbol
#        FHIE_parseHie=0x10031ec9 --define_symbol FHIE_extractPie=0x1003197d
#        --define_symbol FHIE_extractHie=0x1003230d --define_symbol
#        FHMGR_macStartOneShotTimer=0x10032cc9 --define_symbol
#        FHMGR_macStartFHTimer=0x10032c1d --define_symbol
#        FHMGR_macGetElapsedFHTime=0x10032d29 --define_symbol
#        FHMGR_ucTimerIsrCb=0x10032bb5 --define_symbol
#        FHMGR_BCTimerEventUpd=0x10032cf5 --define_symbol
#        FHMGR_bcTimerIsrCb=0x1003299d --define_symbol
#        FHMGR_updateRadioUCChannel=0x10032acd --define_symbol
#        FHMGR_updateRadioBCChannel=0x10032b45 --define_symbol
#        FHMGR_pendUcChUpdate=0x10032d47 --define_symbol
#        FHMGR_macCancelFHTimer=0x10032d11 --define_symbol
#        FHMGR_pendBcChUpdate=0x10032d41 --define_symbol
#        FHMGR_updateHopping=0x10032c75 --define_symbol
#        FHNT_initTempTable=0x10033429 --define_symbol
#        FHNT_getFixedNTIndexFromTempIndex=0x100338c1 --define_symbol
#        FHNT_getNTIndexFromTempIndex=0x10033671 --define_symbol
#        FHNT_getRemoveEntryFromTemp=0x10032ea1 --define_symbol
#        FHNT_addTempEUI=0x10033381 --define_symbol FHNT_assessTime=0x10033aa9
#        --define_symbol FHNT_purgeTimerIsrCb=0x10033a3d --define_symbol
#        FHNT_getRemoveEntry=0x100334c5 --define_symbol FHNT_reset=0x10033811
#        --define_symbol FHNT_init=0x10033a75 --define_symbol
#        FHNT_purgeEntry=0x10032d4d --define_symbol FHNT_createEntry=0x10033209
#        --define_symbol FHNT_getEntry=0x10032fe1 --define_symbol
#        FHNT_putEntry=0x10033915 --define_symbol FHNT_getEUI=0x100339f9
#        --define_symbol FHNT_AddDeviceCB=0x10033119 --define_symbol
#        FHNT_DelDeviceCB=0x100337b1 --define_symbol
#        FHNT_getFixedEntry=0x100335f5 --define_symbol
#        FHNT_putFixedEntry=0x100339b1 --define_symbol
#        FHNT_getRemoveFixedEntry=0x1003355d --define_symbol
#        FHNT_createFixedEntry=0x100332c5 --define_symbol
#        FHNT_getOptEntry=0x100336e5 --define_symbol
#        FHNT_getAvailEntry=0x10033969 --define_symbol
#        FHNT_addOptEntry=0x1003374d --define_symbol FHPIB_getIndex=0x10033d25
#        --define_symbol FHPIB_reset=0x10033d41 --define_symbol
#        FHPIB_getLen=0x10033cf5 --define_symbol FHPIB_set=0x10033ac9
#        --define_symbol FHPIB_get=0x10033ca5 --define_symbol
#        FSM_transaction_debug=0x10033d9d --define_symbol FHSM_event=0x10033d59
#        --define_symbol FHUTIL_getTxUfsi=0x10034319 --define_symbol
#        FHUTIL_adjBackOffDur=0x10033dcd --define_symbol
#        FHUTIL_getUcChannel=0x100343a1 --define_symbol
#        FHUTIL_getTxChannel=0x1003404d --define_symbol
#        FHUTIL_getBcTxParams=0x10033f09 --define_symbol
#        FHUTIL_getCurUfsi=0x10034261 --define_symbol
#        FHUTIL_getCurBfio=0x100340cd --define_symbol
#        FHUTIL_getElapsedTime=0x100343c9 --define_symbol
#        FHUTIL_compBfioTxTime=0x100343e5 --define_symbol
#        FHUTIl_updateBTIE=0x10033fc9 --define_symbol
#        FHUTIL_calcUfsi=0x10034411 --define_symbol FHUTIL_assert=0x100343fd
#        --define_symbol FHUTIL_noAction=0x1003441f --define_symbol
#        FHUTIL_getCh0=0x100342a9 --define_symbol
#        FHUTIL_getChannelSpacing=0x10034219 --define_symbol
#        FHUTIL_getMaxChannels=0x100342e1 --define_symbol
#        FHUTIL_getBitCounts=0x100341c1 --define_symbol
#        FHUTIL_updateUcNumChannels=0x10034375 --define_symbol
#        FHUTIL_updateBcNumChannels=0x10034349 --define_symbol
#        FHUTIL_getGuardTime=0x10034149 --define_symbol
#        FHUTIL_elapsedTime=0x1003441b --define_symbol
#        macBeaconCoordReset=0x10034a01 --define_symbol
#        MAC_InitBeaconCoord=0x10034849 --define_symbol
#        macBeaconSetPrepareTime=0x100349d5 --define_symbol
#        macBeaconCheckStartTime=0x10034715 --define_symbol
#        macBeaconPeriodCallback=0x1003495d --define_symbol
#        macBeaconTxCallback=0x10034781 --define_symbol
#        macBeaconPrepareCallback=0x100346a1 --define_symbol
#        macStartBeaconPrepareCallback=0x10034895 --define_symbol
#        macBeaconStartContinue=0x10034545 --define_symbol
#        macBeaconBattLifeCallback=0x10034a25 --define_symbol
#        macTxBeaconCompleteCallback=0x10034421 --define_symbol
#        macBeaconSetupBroadcast=0x100347ed --define_symbol
#        macOutgoingNonSlottedTx=0x10034999 --define_symbol
#        macBeaconSchedRequested=0x100348e1 --define_symbol
#        macBeaconClearIndirect=0x10034921 --define_symbol
#        macBroadcastPendCallback=0x10035355 --define_symbol
#        macBeaconStopTrack=0x10035289 --define_symbol
#        macIncomingNonSlottedTx=0x100352cd --define_symbol
#        macBeaconSyncLoss=0x10035065 --define_symbol
#        macSyncTimeoutCallback=0x10034e8d --define_symbol
#        MAC_InitBeaconDevice=0x10035159 --define_symbol
#        macCheckPendAddr=0x100350ed --define_symbol macApiSyncReq=0x10034bcd
#        --define_symbol macBeaconStartFrameResponseTimer=0x10035229
#        --define_symbol macStartBroadcastPendTimer=0x10035311 --define_symbol
#        macBeaconReset=0x100355a9 --define_symbol macBeaconInit=0x10035575
#        --define_symbol macBeaconSetSched=0x10035369 --define_symbol
#        macBeaconCheckSched=0x100355dd --define_symbol
#        macBeaconRequeue=0x10035535 --define_symbol
#        macBeaconSetupCap=0x10035421 --define_symbol macCoordReset=0x10035c85
#        --define_symbol macBuildAssociateRsp=0x1003560d --define_symbol
#        macBuildRealign=0x10035d4d --define_symbol macPendAddrLen=0x100364a9
#        --define_symbol macBuildPendAddr=0x10035bb5 --define_symbol
#        macBuildBeacon=0x1003576d --define_symbol macIndirectMark=0x100361e5
#        --define_symbol macIndirectSend=0x10035e09 --define_symbol
#        macIndirectExpire=0x100358c5 --define_symbol
#        macIndirectTxFrame=0x10036085 --define_symbol
#        macIndirectRequeueFrame=0x10036171 --define_symbol
#        macRxAssociateReq=0x100362b1 --define_symbol
#        macApiAssociateRsp=0x10036399 --define_symbol macRxOrphan=0x10036355
#        --define_symbol macApiOrphanRsp=0x100360fd --define_symbol
#        macApiPurgeReq=0x10035eb1 --define_symbol macStartBegin=0x10035ad5
#        --define_symbol macStartSetParams=0x100359d5 --define_symbol
#        macStartContinue=0x10036309 --define_symbol
#        macStartComplete=0x100363d9 --define_symbol macRxBeaconReq=0x10036419
#        --define_symbol macRxDataReq=0x10035f55 --define_symbol
#        macRxPanConflict=0x100364c5 --define_symbol MAC_InitCoord=0x1003624d
#        --define_symbol MAC_MlmeAssociateRsp=0x10036471 --define_symbol
#        MAC_MlmeOrphanRsp=0x1003648d --define_symbol
#        MAC_McpsPurgeReq=0x10036455 --define_symbol
#        MAC_MlmeStartReq=0x100364e1 --define_symbol
#        macDataTxDelayCallback=0x10037529 --define_symbol
#        macDataReset=0x10037279 --define_symbol macAllocTxBuffer=0x10036ba1
#        --define_symbol macFrameDurationSubG=0x100372f5 --define_symbol
#        macFrameDurationIeee=0x1003749d --define_symbol
#        macFrameDuration=0x10037479 --define_symbol
#        macRxCheckPendingCallback=0x1003742d --define_symbol
#        macCheckIndPacket=0x10037361 --define_symbol
#        macRxCheckMACPendingCallback=0x100373fd --define_symbol
#        macDataRxMemAlloc=0x10037455 --define_symbol
#        macDataRxMemFree=0x10037515 --define_symbol
#        macRxCompleteCallback=0x10036cd9 --define_symbol
#        macDataTxTimeAvailable=0x100374fd --define_symbol
#        macCheckSched=0x100374e1 --define_symbol macSetSched=0x1003753d
#        --define_symbol macTxCompleteCallback=0x100364f9 --define_symbol
#        macDataTxSend=0x100368cd --define_symbol macDataTxEnqueue=0x1003712d
#        --define_symbol macDataSend=0x100374c1 --define_symbol
#        macApiDataReq=0x10036ef5 --define_symbol macDataRxInd=0x100373b9
#        --define_symbol MAC_McpsDataAlloc=0x10036e05 --define_symbol
#        macDeviceReset=0x100377a1 --define_symbol macAssociateCnf=0x10037d79
#        --define_symbol macPollCnf=0x10037e3d --define_symbol
#        macBuildAssociateReq=0x10037549 --define_symbol
#        macStartResponseTimer=0x10037e15 --define_symbol
#        macStartFrameResponseTimer=0x10037d35 --define_symbol
#        macApiAssociateReq=0x10037699 --define_symbol
#        macAssocDataReq=0x10037c99 --define_symbol
#        macAssocDataReqComplete=0x10037b25 --define_symbol
#        macRxAssocRsp=0x10037871 --define_symbol
#        macAssocFrameResponseTimeout=0x10037db5 --define_symbol
#        macAssocFailed=0x10037ced --define_symbol
#        macAssocRxDisassoc=0x10037e85 --define_symbol
#        macAssocDataRxInd=0x1003792d --define_symbol macApiPollReq=0x10037ab9
#        --define_symbol macPollDataReqComplete=0x10037b91 --define_symbol
#        macPollDataRxInd=0x100379b1 --define_symbol
#        macPollFrameResponseTimeout=0x10037bed --define_symbol
#        macPollRxDisassoc=0x10037de9 --define_symbol
#        macPollRxAssocRsp=0x10037e61 --define_symbol
#        macRxCoordRealign=0x10037a35 --define_symbol
#        macPanConflictComplete=0x10037ed5 --define_symbol
#        MAC_InitDevice=0x10037c45 --define_symbol
#        MAC_MlmeAssociateReq=0x10037ea5 --define_symbol
#        MAC_MlmePollReq=0x10037ebd --define_symbol
#        macBuildPayloadCoexistIe=0x100380d9 --define_symbol
#        macBuildPayloadIes=0x10037ee9 --define_symbol
#        macUpdateHeaderIEPtr=0x10038349 --define_symbol
#        macUpdatePayloadIEPtr=0x10038489 --define_symbol
#        macParseHeaderIes=0x1003818d --define_symbol
#        macParsePayloadIes=0x1003827d --define_symbol macIeFreeList=0x100384e5
#        --define_symbol macIeCoexistIePresent=0x1003842b --define_symbol
#        macMlmeSubIePresent=0x100383c5 --define_symbol macMainReset=0x10038791
#        --define_symbol macSetEvent=0x10038861 --define_symbol
#        macSetEvent16=0x10038845 --define_symbol macCbackForEvent=0x100385f1
#        --define_symbol macStateIdle=0x100388b1 --define_symbol
#        macStateIdleOrPolling=0x1003887d --define_symbol
#        macStateScanning=0x100388c9 --define_symbol macExecute=0x1003871d
#        --define_symbol macSendMsg=0x100386a1 --define_symbol
#        macSendDataMsg=0x10038501 --define_symbol macMainSetTaskId=0x100388e1
#        --define_symbol macMainReserve=0x10038899 --define_symbol
#        mac_msg_deallocate=0x100387f9 --define_symbol
#        macGetCoordAddress=0x10039c35 --define_symbol
#        macGetMyAddrMode=0x10039d81 --define_symbol macDestAddrCmp=0x10039ae9
#        --define_symbol macDestSAddrCmp=0x10039b35 --define_symbol
#        macCoordAddrCmp=0x10039bc1 --define_symbol
#        macCoordDestAddrCmp=0x10039a41 --define_symbol
#        macBuildHeader=0x100388f1 --define_symbol macBuildCommonReq=0x10038c1d
#        --define_symbol macBuildDisassociateReq=0x10038f61 --define_symbol
#        macBuildBeaconNotifyInd=0x100394f1 --define_symbol
#        macSecCpy=0x10039e91 --define_symbol macNoAction=0x10039ec1
#        --define_symbol macTxCsmaDelay=0x10039e3d --define_symbol
#        macBcTimerHandler=0x10039e69 --define_symbol
#        macApiUnsupported=0x10039e25 --define_symbol
#        macDefaultAction=0x10039d61 --define_symbol macApiBadState=0x10039e0d
#        --define_symbol macApiPending=0x10039b81 --define_symbol
#        macCommStatusInd=0x100393ed --define_symbol
#        macApiDisassociateReq=0x10039955 --define_symbol
#        macDisassocComplete=0x100397c9 --define_symbol
#        macRxDisassoc=0x100398d9 --define_symbol macRxBeacon=0x100395bd
#        --define_symbol macConflictSyncLossInd=0x10039c95 --define_symbol
#        MAC_MlmeDisassociateReq=0x10039dc1 --define_symbol
#        macUpdateCsmPhyParam=0x10039ea5 --define_symbol
#        macIsCsmOperational=0x10039e7d --define_symbol
#        MAC_MlmeResetReq=0x100391c9 --define_symbol MAC_YieldReq=0x10039c69
#        --define_symbol MAC_MlmeSyncReq=0x10039ddd --define_symbol
#        macSetDefaultsByPhyID=0x10039095 --define_symbol
#        macSetDefaultsByRE=0x10039bfd --define_symbol MAC_Init=0x100399cd
#        --define_symbol MAC_MlmeFHGetReqSize=0x10039d01 --define_symbol
#        MAC_MlmeFHGetReq=0x10039ce1 --define_symbol
#        MAC_MlmeFHSetReq=0x10039d21 --define_symbol MAC_StartFH=0x10039d41
#        --define_symbol MAC_EnableFH=0x10039cbd --define_symbol
#        MAC_MlmeWSAsyncReq=0x10039df5 --define_symbol macWSAsyncCnf=0x10039da1
#        --define_symbol macBuildWSAsyncMsg=0x10039855 --define_symbol
#        macBuildWSAsyncReq=0x100392e1 --define_symbol
#        macApiWSAsyncReq=0x10039a99 --define_symbol macGetCSMPhy=0x10039eb9
#        --define_symbol MAC_RandomByte=0x10039e55 --define_symbol
#        macPibReset=0x1003a239 --define_symbol MAC_MlmeGetReq=0x1003a169
#        --define_symbol MAC_MlmeGetReqSize=0x1003a275 --define_symbol
#        MAC_MlmeSetReq=0x10039ec5 --define_symbol
#        MAC_GetPHYParamReq=0x1003a1b9 --define_symbol
#        MAC_SetPHYParamReq=0x1003a1f9 --define_symbol
#        macMRFSKGetPhyDesc=0x1003a115 --define_symbol
#        macIEEEGetPhyDesc=0x1003a29d --define_symbol macScanCnfInit=0x1003a931
#        --define_symbol macApiScanReq=0x1003a2ad --define_symbol
#        macScanStartTimer=0x1003a8b9 --define_symbol
#        macScanRxBeacon=0x1003a599 --define_symbol macScanComplete=0x1003a839
#        --define_symbol macScanFailedInProgress=0x1003a96d --define_symbol
#        macSecurityPibReset=0x1003ac6d --define_symbol
#        macSecurityPibIndex=0x1003b199 --define_symbol
#        MAC_MlmeGetSecurityReq=0x1003af09 --define_symbol
#        MAC_MlmeGetPointerSecurityReq=0x1003b159 --define_symbol
#        MAC_MlmeGetSecurityReqSize=0x1003b101 --define_symbol
#        MAC_MlmeSetSecurityReq=0x1003a99d --define_symbol
#        macUpdatePanId=0x1003b9f1 --define_symbol macGetEUIIndex=0x1003ba75
#        --define_symbol macGetEUI=0x1003bb81 --define_symbol
#        macWrapperGetDefaultSourceKey=0x1003c6e9 --config_def
#        ROM_TIMACDataAddr=0x2000010c --keep RAM_MAC_BASE_ADDR)
#        -Lc:/ti/simplelink_cc13xx_cc26xx_sdk_7_10_00_98/kernel/tirtos7/packages
#        -fF:\Zigbee_communication\EndDevice/ti_utils_build_linker.cmd.genlibs
#        (third_party/spiffs/lib/iar/m4f/spiffs.a
#        ti/drivers/rf/lib/iar/m4f/rf_multiMode_cc13x2.a
#        ti/drivers/lib/iar/m4f/drivers_cc13x2.a ti/grlib/lib/iar/m4f/grlib.a
#        ti/sysbios/lib/iar/m4f/sysbios.a
#        ti/ti154stack/lib/iar/m4f/maclib_nosecure_cc13x2_2_4g_tirtos7.a
#        ti/zstack/lib/iar/m4f/libZStack_nwk_zed.a)
#        c:/ti/simplelink_cc13xx_cc26xx_sdk_7_10_00_98/source/ti/devices/cc13x2_cc26x2/driverlib/bin/iar/driverlib.lib
#        --cpu=Cortex-M4F --semihosting --entry __iar_program_start --inline
#        --vfe --text_out locale)
#
###############################################################################

*******************************************************************************
*** MESSAGES
***

Error[Li005]: no definition for "ApiMac_mtDataReqTxOptionGp" [referenced from
          mac_tx.o(maclib_nosecure_cc13x2_2_4g_tirtos7.a)]


*******************************************************************************
*** RUNTIME MODEL ATTRIBUTES
***

CppFlavor       = *
__CPP_Runtime   = 1
__SystemLibrary = DLib
__dlib_version  = 6


*******************************************************************************
*** HEAP SELECTION
***

The basic heap was selected because no calls to memory allocation
functions were found in the application outside of system library
functions, and there are calls to deallocation functions in the
application.


*******************************************************************************
*** RESERVED RANGES
***

Ranges reserved by absolute symbols:

         From           To    Size
         ----           --    ----
     0x5'2000     0x5'5fff  0x4000
  0x2000'1810  0x2000'181f    0x10
  0x2000'1820  0x2000'182f    0x10
  0x2000'1830  0x2000'183f    0x10
  0x2000'1840  0x2000'184f    0x10
  0x2000'1a30  0x2000'1a3f    0x10
  0x2000'1a40  0x2000'1a4f    0x10


*******************************************************************************
*** PLACEMENT SUMMARY
***

"A0":  place at end of [from 0x5'6000 to 0x5'7fff] { ro section .ccfg };
define block ROCODE { ro };
"P1":  place in [from 0x0 to 0x5'5fff] |
                [from 0x5'6000 to 0x5'7fff] { block ROCODE };
"A3":  place at address 0x2000'010c { section .data_RAM_BASE_ADDR };
define block HEAP_END with size = 1 { section .heap_end };
define block CSTACK with size = 1K, alignment = 8 { section .stack };
define block END_OF_RAM with fixed order { block HEAP_END, block CSTACK };
"A4":  place at end of [from 0x2000'0000 to 0x2001'3fff] { block END_OF_RAM };
define block RWDATA { rw };
"P2":  place in [from 0x2000'0000 to 0x2001'3fff] {
          block RWDATA, last section .heap_start };
initialize by copy { rw };
keep { section .ccfg };

No sections matched the following patterns:

  ro section .intvec   in "A1"
  section .stack       in block CSTACK
  section .vtable_ram  in "A2"


  Section              Kind         Address      Size  Object
  -------              ----         -------      ----  ------
"P1":                                        0x3'0b47
  ROCODE                                0x0  0x3'0b47  <Block>
    .rodata            const            0x0      0x40  ti_radio_config.o [1]
    .resetVecs         const           0x40      0x3c  ti_sysbios_config.o [1]
    .rodata            const           0x7c      0x30  bdb_finding_and_binding.o [17]
    .rodata            const           0xac      0x60  bdb_finding_and_binding.o [17]
    .rodata            const          0x10c     0x100  crc.o [3]
    .rodata            const          0x20c     0x568  hmac_rom_init.o [14]
    .rodata            const          0x774      0x6c  icall_osal_rom_init.o [14]
    .rodata            const          0x7e0      0xcc  lmac_rom_init.o [14]
    .rodata            const          0x8ac      0x88  mac_cfg.o [12]
    .rodata            const          0x934      0xf8  mac_cfg.o [12]
    .rodata            const          0xa2c      0x6c  mac_user_config.o [10]
    .rodata            const          0xa98      0x40  mac_user_config.o [10]
    .rodata            const          0xad8      0x24  mac_user_config.o [10]
    .rodata            const          0xafc      0x18  main.o [4]
    .rodata            const          0xb14       0x8  main.o [4]
    .rodata            const          0xb1c       0x4  nvocmp.o [3]
    .rodata            const          0xb20      0x3c  nwk_globals.o [18]
    .rodata            const          0xb5c       0x4  nwk_globals.o [18]
    .rodata            const          0xb60      0x10  nwk_globals.o [18]
    .rodata            const          0xb70      0x10  nwk_globals.o [18]
    .rodata            const          0xb80       0x8  ti_drivers_config.o [1]
    .rodata            const          0xb88       0x8  ti_drivers_config.o [1]
    .rodata            const          0xb90       0x8  ti_drivers_config.o [1]
    .rodata            const          0xb98       0x8  ti_drivers_config.o [1]
    .rodata            const          0xba0      0x10  ti_drivers_config.o [1]
    .rodata            const          0xbb0       0x8  ti_drivers_config.o [1]
    .rodata            const          0xbb8      0x28  ti_drivers_config.o [1]
    .rodata            const          0xbe0      0x18  ti_drivers_config.o [1]
    .rodata            const          0xbf8      0x14  ti_drivers_config.o [1]
    .rodata            const          0xc0c       0xc  ti_drivers_config.o [1]
    .rodata            const          0xc18      0x40  ti_drivers_config.o [1]
    .rodata            const          0xc58       0xc  ti_drivers_config.o [1]
    .rodata            const          0xc64       0xc  ti_drivers_config.o [1]
    .rodata            const          0xc70       0x8  ti_drivers_config.o [1]
    .rodata            const          0xc78      0x58  ti_drivers_config.o [1]
    .rodata            const          0xcd0       0x8  ti_drivers_config.o [1]
    .rodata            const          0xcd8       0x4  ti_drivers_config.o [1]
    .rodata            const          0xcdc      0x10  ti_drivers_config.o [1]
    .rodata            const          0xcec      0x20  ti_radio_config.o [1]
    .rodata            const          0xd0c      0x18  ti_radio_config.o [1]
    .rodata            const          0xd24      0x18  ti_radio_config.o [1]
    .rodata            const          0xd3c      0x20  ti_radio_config.o [1]
    .rodata            const          0xd5c      0x14  ti_radio_config.o [1]
    .rodata            const          0xd70      0x10  ti_sysbios_config.o [1]
    .rodata            const          0xd80      0x10  ti_sysbios_config.o [1]
    .rodata            const          0xd90      0x20  ti_sysbios_config.o [1]
    .rodata            const          0xdb0      0x1c  ti_sysbios_config.o [1]
    .rodata            const          0xdcc       0x8  ti_sysbios_config.o [1]
    .rodata            const          0xdd4      0x14  ti_sysbios_config.o [1]
    .rodata            const          0xde8       0x4  ti_sysbios_config.o [1]
    .rodata            const          0xdec       0x4  ti_sysbios_config.o [1]
    .rodata            const          0xdf0       0x4  ti_sysbios_config.o [1]
    .rodata            const          0xdf4       0x4  ti_sysbios_config.o [1]
    .rodata            const          0xdf8      0x1c  ti_sysbios_config.o [1]
    .rodata            const          0xe14       0x4  ti_sysbios_config.o [1]
    .rodata            const          0xe18      0x18  ti_sysbios_config.o [1]
    .rodata            const          0xe30       0x4  ti_sysbios_config.o [1]
    .rodata            const          0xe34       0x4  ti_sysbios_config.o [1]
    .rodata            const          0xe38       0x4  ti_sysbios_config.o [1]
    .rodata            const          0xe3c       0x4  ti_sysbios_config.o [1]
    .rodata            const          0xe40       0x4  ti_sysbios_config.o [1]
    .rodata            const          0xe44       0x4  ti_sysbios_config.o [1]
    .rodata            const          0xe48       0x4  ti_sysbios_config.o [1]
    .rodata            const          0xe4c       0x4  ti_sysbios_config.o [1]
    .rodata            const          0xe50      0x88  ti_sysbios_config.o [1]
    .rodata            const          0xed8      0x8c  ti_sysbios_config.o [1]
    .rodata            const          0xf64      0x88  ti_sysbios_config.o [1]
    .rodata            const          0xfec      0x94  ti_sysbios_config.o [1]
    .rodata            const         0x1080      0x8c  ti_sysbios_config.o [1]
    .rodata            const         0x110c       0x4  ti_sysbios_config.o [1]
    .rodata            const         0x1110       0x4  ti_sysbios_config.o [1]
    .rodata            const         0x1114       0x4  ti_sysbios_config.o [1]
    .rodata            const         0x1118       0xc  ti_sysbios_config.o [1]
    .rodata            const         0x1124       0x4  ti_sysbios_config.o [1]
    .rodata            const         0x1128       0x4  ti_sysbios_config.o [1]
    .rodata            const         0x112c       0x4  ti_sysbios_config.o [1]
    .rodata            const         0x1130       0x4  ti_sysbios_config.o [1]
    .rodata            const         0x1134       0xc  ti_sysbios_config.o [1]
    .rodata            const         0x1140      0x14  ti_sysbios_config.o [1]
    .rodata            const         0x1154       0x4  ti_sysbios_config.o [1]
    .rodata            const         0x1158      0x24  ti_sysbios_config.o [1]
    .rodata            const         0x117c       0x4  ti_sysbios_config.o [1]
    .rodata            const         0x1180       0x4  ti_sysbios_config.o [1]
    .rodata            const         0x1184       0x4  ti_sysbios_config.o [1]
    .rodata            const         0x1188       0x4  ti_sysbios_config.o [1]
    .rodata            const         0x118c       0x4  ti_sysbios_config.o [1]
    .rodata            const         0x1190       0x4  ti_sysbios_config.o [1]
    .rodata            const         0x1194       0x4  ti_sysbios_config.o [1]
    .rodata            const         0x1198      0x78  ti_sysbios_config.o [1]
    .rodata            const         0x1210      0x7c  ti_sysbios_config.o [1]
    .rodata            const         0x128c      0x7c  ti_sysbios_config.o [1]
    .rodata            const         0x1308      0x7c  ti_sysbios_config.o [1]
    .rodata            const         0x1384      0x7c  ti_sysbios_config.o [1]
    .rodata            const         0x1400      0x84  ti_sysbios_config.o [1]
    .rodata            const         0x1484      0x84  ti_sysbios_config.o [1]
    .rodata            const         0x1508      0x80  ti_sysbios_config.o [1]
    .rodata            const         0x1588      0x7c  ti_sysbios_config.o [1]
    .rodata            const         0x1604      0x7c  ti_sysbios_config.o [1]
    .rodata            const         0x1680      0x8c  ti_sysbios_config.o [1]
    .rodata            const         0x170c       0x4  ti_sysbios_config.o [1]
    .rodata            const         0x1710       0x4  ti_sysbios_config.o [1]
    .rodata            const         0x1714       0x4  ti_sysbios_config.o [1]
    .rodata            const         0x1718      0xb8  zcl.o [9]
    .rodata            const         0x17d0      0x14  zcl_samplesw_data.o [2]
    .rodata            const         0x17e4      0x6c  zcl_samplesw_data.o [2]
    .rodata            const         0x1850       0x4  zcl_samplesw_data.o [2]
    .rodata            const         0x1854       0x8  zcl_samplesw_data.o [2]
    .rodata            const         0x185c       0x8  zd_object.o [21]
    .rodata            const         0x1864       0x8  zd_profile.o [21]
    .rodata            const         0x186c      0x68  zd_profile.o [21]
    .rodata            const         0x18d4       0x8  zd_sec_mgr.o [21]
    .rodata            const         0x18dc     0x190  zglobals.o [20]
    .rodata            const         0x1a6c      0x14  zmac_cb.o [22]
    .rodata            const         0x1a80      0x20  zstackstartup.o [4]
    .rodata            const         0x1aa0      0x14  zstackstartup.o [4]
    .rodata            const         0x1ab4      0x14  zstackstartup.o [4]
    .rodata            const         0x1ac8      0x14  zstackstartup.o [4]
    .rodata            const         0x1adc       0x8  zstackstartup.o [4]
    .rodata            const         0x1ae4      0x1c  zstackstartup.o [4]
    .rodata            const         0x1b00       0x8  nwk.o [26]
    .rodata            const         0x1b08      0x38  nwk.o [26]
    .rodata            const         0x1b40      0x38  hmac_global.o [28]
    .rodata            const         0x1b78      0x10  hmac_global.o [28]
    .rodata            const         0x1b88       0xc  hmac_global.o [28]
    .rodata            const         0x1b94      0x10  hmac_global.o [28]
    .rodata            const         0x1ba4      0x10  hmac_global.o [28]
    .rodata            const         0x1bb4      0x74  hmac_global.o [28]
    .rodata            const         0x1c28      0x74  hmac_global.o [28]
    .rodata            const         0x1c9c      0x74  hmac_global.o [28]
    .rodata            const         0x1d10      0x74  hmac_global.o [28]
    .rodata            const         0x1d84      0x74  hmac_global.o [28]
    .rodata            const         0x1df8      0x18  hmac_global.o [28]
    .rodata            const         0x1e10       0xc  hmac_global.o [28]
    .rodata            const         0x1e1c       0xc  hmac_global.o [28]
    .rodata            const         0x1e28      0x10  hmac_global.o [28]
    .rodata            const         0x1e38      0x40  hmac_global.o [28]
    .rodata            const         0x1e78      0x28  mac_radio.o [28]
    .rodata            const         0x1ea0       0x4  mac_rx.o [28]
    .rodata            const         0x1ea4       0x4  mac_rx.o [28]
    .rodata            const         0x1ea8      0x54  PowerCC26X2.c.obj [25]
    .rodata            const         0x1efc      0x28  NVSCC26XX.c.obj [25]
    .rodata            const         0x1f24      0x28  NVSSPI25X.c.obj [25]
    .rodata            const         0x1f4c      0x18  SPICC26X2DMA.c.obj [25]
    .rodata            const         0x1f64     0x1ac  rf_patch_cpe_ieee_802_15_4.c.cc13x2.iar.o [29]
    .rodata            const         0x2110      0x24  UART2.c.obj [25]
    .rodata            const         0x2134       0x4  aux_sysif.o [24]
    .rodata            const         0x2138       0x4  aux_sysif.o [24]
    .text              ro code       0x213c     0x74a  af.o [16]
    .rodata            const         0x2886       0x2  nwk_globals.o [18]
    .text              ro code       0x2888     0xa2e  osal_port.o [19]
    .rodata            const         0x32b6       0x2  nwk_globals.o [18]
    .text              ro code       0x32b8     0x878  bdb_finding_and_binding.o [17]
    .text              ro code       0x3b30     0x2e4  aps_groups.o [26]
    .text              ro code       0x3e14    0x1dbc  nwk_util.o [26]
    .text              ro code       0x5bd0     0xabc  rtg.o [26]
    .text              ro code       0x668c      0x8c  saddr.o [3]
    .text              ro code       0x6718    0x14ec  aps_mede.o [26]
    .text              ro code       0x7c04    0x3250  ti_sysbios_config.o [1]
    .text              ro code       0xae54     0x7f0  PowerCC26X2.c.obj [25]
    .text              ro code       0xb644      0xa4  Random.c.obj [25]
    .text              ro code       0xb6e8     0xf2a  zd_object.o [21]
    .rodata            const         0xc612       0x2  nwk_globals.o [18]
    .text              ro code       0xc614     0x60c  addr_mgr.o [26]
    .text              ro code       0xcc20     0x26c  osal_port_timers.o [19]
    .text              ro code       0xce8c    0x1804  bdb.o [17]
    .text              ro code       0xe690    0x257c  zcl.o [9]
    .text              ro code     0x1'0c0c    0x11f0  zcl_general.o [9]
    .text              ro code     0x1'1dfc     0xc8c  zd_profile.o [21]
    .text              ro code     0x1'2a88      0x66  ABImemset.o [30]
    .rodata            const       0x1'2aee       0x2  zcl_samplesw_data.o [2]
    .text              ro code     0x1'2af0     0x230  osal_nv.o [19]
    .text              ro code     0x1'2d20     0x53c  nwk_bufs.o [26]
    .text              ro code     0x1'325c       0x6  ABImemclr4.o [30]
    .rodata            const       0x1'3262       0x2  zcl_samplesw_data.o [2]
    .text              ro code     0x1'3264     0x492  nl_mede_cb.o [26]
    .rodata            const       0x1'36f6       0x2  zcl_samplesw_data.o [2]
    .text              ro code     0x1'36f8     0x670  ssp.o [26]
    Veneer             ro code     0x1'3d68       0x8  - Linker created -
    .text              ro code     0x1'3d70     0x6e4  zmac.o [22]
    .text              ro code     0x1'4454    0x1548  zd_sec_mgr.o [21]
    .text              ro code     0x1'599c     0x1b0  nwk_globals.o [18]
    .text              ro code     0x1'5b4c     0xfb4  nwk.o [26]
    .text              ro code     0x1'6b00     0x664  nl_mede.o [26]
    .text              ro code     0x1'7164     0x238  reflecttrack.o [26]
    .text              ro code     0x1'739c     0x248  aps_mede_cb.o [26]
    .text              ro code     0x1'75e4     0x304  ssp_hash.o [26]
    .text              ro code     0x1'78e8      0x18  cpu.o [24]
    .text              ro code     0x1'7900     0x134  PowerCC26X2_helpers.c.obj [25]
    .text              ro code     0x1'7a34     0x190  setup.o [24]
    .text              ro code     0x1'7bc4     0x274  I64DivMod.o [30]
    .text              ro code     0x1'7e38      0xa6  ABImemcpy.o [30]
    .rodata            const       0x1'7ede       0x2  zd_sec_mgr.o [21]
    CODE               ro code     0x1'7ee0      0x78  Hwi_asm_switch_iar.s.o [32]
    CODE               ro code     0x1'7f58      0x2a  TaskSupport_asm_iar.s.o [32]
    .rodata            const       0x1'7f82       0x2  zd_sec_mgr.o [21]
    .text              ro code     0x1'7f84     0x480  ti_sysbios_config.o [1]
    .text              ro code     0x1'8404      0xca  List.c.obj [25]
    .rodata            const       0x1'84ce       0x2  zd_sec_mgr.o [21]
    .text              ro code     0x1'84d0      0x78  prcm.o [24]
    .text              ro code     0x1'8548     0x2ec  PowerCC26X2_calibrateRCOSC.c.obj [25]
    .text              ro code     0x1'8834     0x404  TRNGCC26XX.c.obj [25]
    .text              ro code     0x1'8c38      0x10  CryptoKeyPlaintext.c.obj [25]
    .text              ro code     0x1'8c48     0xbb4  aps.o [26]
    .text              ro code     0x1'97fc    0x10ac  zd_app.o [21]
    .text              ro code     0x1'a8a8     0x154  assoc_list.o [26]
    .text              ro code     0x1'a9fc     0x1c0  zglobals.o [20]
    .text              ro code     0x1'abbc     0x810  zcl_port.o [9]
    .text              ro code     0x1'b3cc      0x32  ABImemset48.o [30]
    .rodata            const       0x1'b3fe       0x1  nwk_globals.o [18]
    .rodata            const       0x1'b3ff       0x1  nwk_globals.o [18]
    .text              ro code     0x1'b400     0x29c  aps_util.o [26]
    .text              ro code     0x1'b69c      0x2c  AESCCM.c.obj [25]
    .text              ro code     0x1'b6c8     0x2c0  AESCCMCC26XX.c.obj [25]
    .text              ro code     0x1'b988     0x464  mac_symbol_timer.o [28]
    .text              ro code     0x1'bdec     0x440  mac_autopend.o [28]
    .text              ro code     0x1'c22c      0x30  AESECB.c.obj [25]
    .text              ro code     0x1'c25c     0x328  AESECBCC26XX.c.obj [25]
    .text              ro code     0x1'c584     0x1b8  osc.o [24]
    .text              ro code     0x1'c73c     0x184  sys_ctrl.o [24]
    .text              ro code     0x1'c8c0      0xea  chipinfo.o [24]
    .rodata            const       0x1'c9aa       0x1  nwk_globals.o [18]
    .rodata            const       0x1'c9ab       0x1  nwk_globals.o [18]
    .text              ro code     0x1'c9ac      0x38  aux_sysif.o [24]
    .text              ro code     0x1'c9e4       0x2  I64DivZer.o [30]
    .rodata            const       0x1'c9e6       0x1  nwk_globals.o [18]
    .rodata            const       0x1'c9e7       0x1  nwk_globals.o [18]
    .text              ro code     0x1'c9e8      0x36  strlen.o [30]
    .rodata            const       0x1'ca1e       0x1  nwk_globals.o [18]
    .rodata            const       0x1'ca1f       0x1  nwk_globals.o [18]
    .text              ro code     0x1'ca20     0x168  PowerCC26X2_calibrateRCOSC_helpers.c.obj [25]
    .text              ro code     0x1'cb88      0xca  StructRingBuf.c.obj [25]
    .rodata            const       0x1'cc52       0x1  nwk_globals.o [18]
    .rodata            const       0x1'cc53       0x1  nwk_globals.o [18]
    .text              ro code     0x1'cc54     0x948  binding_table.o [18]
    .text              ro code     0x1'd59c      0xc4  zd_config.o [21]
    .text              ro code     0x1'd660     0x376  zstackapi.o [5]
    .rodata            const       0x1'd9d6       0x1  nwk_globals.o [18]
    .rodata            const       0x1'd9d7       0x1  nwk_globals.o [18]
    .text              ro code     0x1'd9d8      0x36  CryptoUtils.c.obj [25]
    .rodata            const       0x1'da0e       0x1  nwk_globals.o [18]
    .rodata            const       0x1'da0f       0x1  nwk_globals.o [18]
    .text              ro code     0x1'da10      0x5c  CryptoResourceCC26XX.c.obj [25]
    .text              ro code     0x1'da6c     0x140  aes.o [24]
    .text              ro code     0x1'dbac     0x19c  mac_mcu.o [28]
    .text              ro code     0x1'dd48     0xa2c  mac.o [28]
    .text              ro code     0x1'e774     0x220  mac_rx_onoff.o [28]
    .text              ro code     0x1'e994     0xc6c  mac_rx.o [28]
    .text              ro code     0x1'f600     0x2e4  mac_duty_cycle.o [28]
    .text              ro code     0x1'f8e4     0xab0  mac_tx.o [28]
    .text              ro code     0x2'0394    0x34b0  RFCC26X2_multiMode.c.cc13x2.iar.o [29]
    .text              ro code     0x2'3844     0x918  mac_radio.o [28]
    .text              ro code     0x2'415c     0x140  mac_low_level.o [28]
    .text              ro code     0x2'429c     0x692  mac_radio_tx.o [28]
    .rodata            const       0x2'492e       0x1  nwk_globals.o [18]
    .rodata            const       0x2'492f       0x1  nwk_globals.o [18]
    .text              ro code     0x2'4930     0x18c  rfc.c.cc13x2.iar.o [29]
    .text              ro code     0x2'4abc       0x6  ABImemclr.o [30]
    .rodata            const       0x2'4ac2       0x1  nwk_globals.o [18]
    .rodata            const       0x2'4ac3       0x1  nwk_globals.o [18]
    .text              ro code     0x2'4ac4      0x20  crc.o [3]
    .text              ro code     0x2'4ae4      0x10  hmac_rom_init.o [14]
    .text              ro code     0x2'4af4      0x10  icall_osal_rom_init.o [14]
    .text              ro code     0x2'4b04      0x10  lmac_rom_init.o [14]
    .text              ro code     0x2'4b14     0x144  mac_settings.o [13]
    .text              ro code     0x2'4c58      0x24  mac_user_config.o [10]
    .text              ro code     0x2'4c7c     0x128  main.o [4]
    .text              ro code     0x2'4da4     0x4c0  zstackstartup.o [4]
    .text              ro code     0x2'5264     0x6d8  zcl_samplesw.o [2]
    .text              ro code     0x2'593c     0x114  ti_drivers_config.o [1]
    .text              ro code     0x2'5a50      0x68  memcmp.o [30]
    .text              ro code     0x2'5ab8    0x186a  nvocmp.o [3]
    .text              ro code     0x2'7322      0x10  rom_init_154.o [14]
    .rodata            const       0x2'7332       0x1  nwk_globals.o [18]
    .rodata            const       0x2'7333       0x1  nwk_globals.o [18]
    .text              ro code     0x2'7334     0x790  aps_frag.o [26]
    .text              ro code     0x2'7ac4    0x356c  zstacktask.o [15]
    .text              ro code     0x2'b030      0x28  TRNG.c.obj [25]
    .text              ro code     0x2'b058      0x10  TRNG.c.obj [25]
    .text              ro code     0x2'b068      0x10  AESCCM.c.obj [25]
    .text              ro code     0x2'b078      0x10  AESECB.c.obj [25]
    .text              ro code     0x2'b088      0x26  UART2.c.obj [25]
    .rodata            const       0x2'b0ae       0x1  nwk_globals.o [18]
    .rodata            const       0x2'b0af       0x1  ti_drivers_config.o [1]
    .text              ro code     0x2'b0b0     0x19a  UART2.c.obj [25]
    .rodata            const       0x2'b24a       0x1  ti_drivers_config.o [1]
    .rodata            const       0x2'b24b       0x1  ti_drivers_config.o [1]
    .text              ro code     0x2'b24c     0x8f0  UART2CC26X2.c.obj [25]
    .text              ro code     0x2'bb3c      0x38  UART2.c.obj [25]
    .text              ro code     0x2'bb74     0x310  LED.c.obj [25]
    .text              ro code     0x2'be84      0x18  zcl_samplesw_data.o [2]
    .text              ro code     0x2'be9c      0x74  util_timer.o [6]
    .text              ro code     0x2'bf10     0x12c  ti_drivers_config.o [1]
    .text              ro code     0x2'c03c      0xfc  GPIOCC26XX.c.obj [25]
    .text              ro code     0x2'c138      0x64  GPIO.c.obj [25]
    .text              ro code     0x2'c19c     0x144  GPIOCC26X2.c.obj [25]
    .text              ro code     0x2'c2e0      0x94  NVS.c.obj [25]
    .text              ro code     0x2'c374      0x42  UART2.c.obj [25]
    .text              ro code     0x2'c3b6     0x116  RingBuf.c.obj [25]
    .text              ro code     0x2'c4cc      0xb0  UDMACC26XX.c.obj [25]
    .text              ro code     0x2'c57c      0xac  PWM.c.obj [25]
    .text              ro code     0x2'c628     0x398  zmac_cb.o [22]
    .text              ro code     0x2'c9c0    0x1aac  mac_hl_patch.o [28]
    .text              ro code     0x2'e46c     0x100  mac_pwr.o [28]
    .text              ro code     0x2'e56c     0x138  mac_sleep.o [28]
    .text              ro code     0x2'e6a4     0x6d4  mac_timer.o [28]
    .text              ro code     0x2'ed78     0x368  NVSCC26XX.c.obj [25]
    .text              ro code     0x2'f0e0      0x2c  flash.o [24]
    .text              ro code     0x2'f10c     0x761  NVSSPI25X.c.obj [25]
    .rodata            const       0x2'f86d       0x1  ti_drivers_config.o [1]
    .text              ro code     0x2'f86e      0x14  NVSSPI25X.c.obj [25]
    .rodata            const       0x2'f882       0x1  ti_drivers_config.o [1]
    .rodata            const       0x2'f883       0x1  ti_drivers_config.o [1]
    .text              ro code     0x2'f884      0xac  SPI.c.obj [25]
    .text              ro code     0x2'f930      0x14  NVSSPI25X.c.obj [25]
    .text              ro code     0x2'f944      0x24  NVSSPI25X.c.obj [25]
    .text              ro code     0x2'f968     0xc44  SPICC26X2DMA.c.obj [25]
    .text              ro code     0x3'05ac      0x48  rf_patch_cpe_ieee_802_15_4.c.cc13x2.iar.o [29]
    .text              ro code     0x3'05f4      0x26  cstartup_M.c.obj [32]
    .rodata            const       0x3'061a       0x1  ti_drivers_config.o [1]
    .rodata            const       0x3'061b       0x1  ti_drivers_config.o [1]
    .text              ro code     0x3'061c      0x1a  cmain_iar.s.o [32]
    .rodata            const       0x3'0636       0x1  ti_sysbios_config.o [1]
    .rodata            const       0x3'0637       0x1  ti_sysbios_config.o [1]
    .text              ro code     0x3'0638      0x28  data_init.o [30]
    .text              ro code     0x3'0660      0x22  fpinit_M.o [27]
    .rodata            const       0x3'0682       0x1  ti_sysbios_config.o [1]
    .rodata            const       0x3'0683       0x1  ti_sysbios_config.o [1]
    CODE               ro code     0x3'0684      0x10  boot_iar.s.o [32]
    CODE               ro code     0x3'0694     0x14c  Hwi_asm_iar.s.o [32]
    .text              ro code     0x3'07e0       0xc  memcpy.o [30]
    .text              ro code     0x3'07ec      0x14  memset.o [30]
    .text              ro code     0x3'0800      0x38  zero_init3.o [30]
    .text              ro code     0x3'0838      0x78  lz77_init_single.o [30]
    .iar.init_table    const       0x3'08b0      0x28  - Linker created -
    .rodata            const       0x3'08d8       0x1  ti_sysbios_config.o [1]
    .rodata            const       0x3'08d9       0x1  ti_sysbios_config.o [1]
    .rodata            const       0x3'08da       0x1  ti_sysbios_config.o [1]
    .rodata            const       0x3'08db       0x1  ti_sysbios_config.o [1]
    .rodata            const       0x3'08dc       0x1  ti_sysbios_config.o [1]
    .rodata            const       0x3'08dd       0x1  ti_sysbios_config.o [1]
    .rodata            const       0x3'08de       0x1  ti_sysbios_config.o [1]
    .rodata            const       0x3'08df       0x1  ti_sysbios_config.o [1]
    .rodata            const       0x3'08e0       0x1  ti_sysbios_config.o [1]
    .rodata            const       0x3'08e1       0x1  ti_sysbios_config.o [1]
    .rodata            const       0x3'08e2       0x1  ti_sysbios_config.o [1]
    .rodata            const       0x3'08e3       0x1  ti_sysbios_config.o [1]
    .rodata            const       0x3'08e4       0x1  zcl_samplesw_data.o [2]
    .rodata            const       0x3'08e5       0x1  zcl_samplesw_data.o [2]
    .rodata            const       0x3'08e6       0x1  zcl_samplesw_data.o [2]
    .rodata            const       0x3'08e7       0x1  zcl_samplesw_data.o [2]
    .rodata            const       0x3'08e8       0x1  zd_profile.o [21]
    .rodata            const       0x3'08e9       0x1  zstackstartup.o [4]
    .rodata            const       0x3'08ea       0x0  zero_init3.o [30]
    .rodata            const       0x3'08ea       0x0  lz77_init_single.o [30]
    Initializer bytes  const       0x3'08ea     0x25d  <for RWDATA-1>
                                 - 0x3'0b47  0x3'0b47

"A0":                                            0x58
  .ccfg                const       0x5'7fa8      0x58  ti_devices_config.o [1]
                                 - 0x5'8000      0x58

"A3":                                            0x10
  .data_RAM_BASE_ADDR  zero     0x2000'010c      0x10  rom_init_154.o [14]
                              - 0x2000'011c      0x10

"P2":                                          0x4688
  RWDATA                        0x2000'1a50    0x4688  <Block>
    RWDATA-1                    0x2000'1a50     0x5ef  <Init block>
      .data            inited   0x2000'1a50      0x14  bdb.o [17]
      .data            inited   0x2000'1a64       0x8  bdb_finding_and_binding.o [17]
      .data            inited   0x2000'1a6c       0x4  bdb_finding_and_binding.o [17]
      .data            inited   0x2000'1a70      0x10  mac_cfg.o [12]
      .data            inited   0x2000'1a80      0x10  mac_settings.o [13]
      .data            inited   0x2000'1a90      0x10  mac_settings.o [13]
      .data            inited   0x2000'1aa0      0x10  mac_user_config.o [10]
      .data            inited   0x2000'1ab0       0x8  mac_user_config.o [10]
      .data            inited   0x2000'1ab8      0x5c  main.o [4]
      .data            inited   0x2000'1b14      0x7c  ti_drivers_config.o [1]
      .data            inited   0x2000'1b90      0x74  ti_radio_config.o [1]
      .data            inited   0x2000'1c04      0x10  ti_radio_config.o [1]
      .data            inited   0x2000'1c14       0xc  ti_radio_config.o [1]
      .data            inited   0x2000'1c20      0x18  ti_radio_config.o [1]
      .data            inited   0x2000'1c38      0x18  ti_radio_config.o [1]
      .data            inited   0x2000'1c50       0x8  ti_sysbios_config.o [1]
      .data            inited   0x2000'1c58      0x2c  ti_sysbios_config.o [1]
      .data            inited   0x2000'1c84       0xc  ti_sysbios_config.o [1]
      .data            inited   0x2000'1c90      0x3c  ti_sysbios_config.o [1]
      .data            inited   0x2000'1ccc       0x8  ti_sysbios_config.o [1]
      .data            inited   0x2000'1cd4       0x8  ti_sysbios_config.o [1]
      .data            inited   0x2000'1cdc      0x68  ti_sysbios_config.o [1]
      .data            inited   0x2000'1d44       0x8  ti_sysbios_config.o [1]
      .data            inited   0x2000'1d4c      0x28  ti_sysbios_config.o [1]
      .data            inited   0x2000'1d74      0x3c  ti_sysbios_config.o [1]
      .data            inited   0x2000'1db0       0x8  ti_sysbios_config.o [1]
      .data            inited   0x2000'1db8       0xc  ti_sysbios_config.o [1]
      .data            inited   0x2000'1dc4      0x3c  zcl_samplesw.o [2]
      .data            inited   0x2000'1e00      0x14  zcl_samplesw_data.o [2]
      .data            inited   0x2000'1e14      0x10  zd_app.o [21]
      .data            inited   0x2000'1e24       0x8  zd_object.o [21]
      .data            inited   0x2000'1e2c       0x4  zd_profile.o [21]
      .data            inited   0x2000'1e30       0x4  zd_sec_mgr.o [21]
      .data            inited   0x2000'1e34       0x8  zglobals.o [20]
      .data            inited   0x2000'1e3c       0x4  hmac_global.o [28]
      .data            inited   0x2000'1e40      0x14  hmac_global.o [28]
      .data            inited   0x2000'1e54       0x4  hmac_global.o [28]
      .data            inited   0x2000'1e58       0x4  hmac_global.o [28]
      .data            inited   0x2000'1e5c       0x8  RFCC26X2_multiMode.c.cc13x2.iar.o [29]
      .data            inited   0x2000'1e64     0x174  PowerCC26X2.c.obj [25]
      .data            inited   0x2000'1fd8      0x1c  PowerCC26X2.c.obj [25]
      .data            inited   0x2000'1ff4       0x2  zcl_port.o [9]
      .data            inited   0x2000'1ff6       0x2  zd_object.o [21]
      .data            inited   0x2000'1ff8       0x2  zglobals.o [20]
      .data            inited   0x2000'1ffa       0x2  zglobals.o [20]
      .data            inited   0x2000'1ffc       0x2  zglobals.o [20]
      .data            inited   0x2000'1ffe       0x2  zglobals.o [20]
      .data            inited   0x2000'2000       0x2  zglobals.o [20]
      .data            inited   0x2000'2002       0x2  zglobals.o [20]
      .data            inited   0x2000'2004       0x1  af.o [16]
      .data            inited   0x2000'2005       0x1  bdb.o [17]
      .data            inited   0x2000'2006       0x1  bdb_finding_and_binding.o [17]
      .data            inited   0x2000'2007       0x1  nvocmp.o [3]
      .data            inited   0x2000'2008       0x1  nwk_globals.o [18]
      .data            inited   0x2000'2009       0x1  nwk_globals.o [18]
      .data            inited   0x2000'200a       0x1  zcl.o [9]
      .data            inited   0x2000'200b       0x1  zcl_port.o [9]
      .data            inited   0x2000'200c       0x1  zd_app.o [21]
      .data            inited   0x2000'200d       0x1  zd_sec_mgr.o [21]
      .data            inited   0x2000'200e       0x1  zglobals.o [20]
      .data            inited   0x2000'200f       0x1  zglobals.o [20]
      .data            inited   0x2000'2010       0x1  zglobals.o [20]
      .data            inited   0x2000'2011       0x1  zglobals.o [20]
      .data            inited   0x2000'2012       0x1  zglobals.o [20]
      .data            inited   0x2000'2013       0x1  zglobals.o [20]
      .data            inited   0x2000'2014       0x1  zglobals.o [20]
      .data            inited   0x2000'2015       0x1  zglobals.o [20]
      .data            inited   0x2000'2016       0x1  zglobals.o [20]
      .data            inited   0x2000'2017       0x1  zglobals.o [20]
      .data            inited   0x2000'2018       0x1  zglobals.o [20]
      .data            inited   0x2000'2019       0x1  zglobals.o [20]
      .data            inited   0x2000'201a       0x1  zglobals.o [20]
      .data            inited   0x2000'201b       0x1  zglobals.o [20]
      .data            inited   0x2000'201c       0x1  zglobals.o [20]
      .data            inited   0x2000'201d       0x1  zglobals.o [20]
      .data            inited   0x2000'201e       0x1  zglobals.o [20]
      .data            inited   0x2000'201f       0x1  zglobals.o [20]
      .data            inited   0x2000'2020       0x1  zglobals.o [20]
      .data            inited   0x2000'2021       0x1  zglobals.o [20]
      .data            inited   0x2000'2022       0x1  zglobals.o [20]
      .data            inited   0x2000'2023       0x1  zglobals.o [20]
      .data            inited   0x2000'2024       0x1  zglobals.o [20]
      .data            inited   0x2000'2025       0x1  zglobals.o [20]
      .data            inited   0x2000'2026       0x1  zglobals.o [20]
      .data            inited   0x2000'2027       0x1  zglobals.o [20]
      .data            inited   0x2000'2028       0x1  zglobals.o [20]
      .data            inited   0x2000'2029       0x1  zglobals.o [20]
      .data            inited   0x2000'202a       0x1  zglobals.o [20]
      .data            inited   0x2000'202b       0x1  zglobals.o [20]
      .data            inited   0x2000'202c       0x1  zglobals.o [20]
      .data            inited   0x2000'202d       0x1  zglobals.o [20]
      .data            inited   0x2000'202e       0x1  zglobals.o [20]
      .data            inited   0x2000'202f       0x1  zglobals.o [20]
      .data            inited   0x2000'2030       0x1  zglobals.o [20]
      .data            inited   0x2000'2031       0x1  zstacktask.o [15]
      .data            inited   0x2000'2032       0x1  zstacktask.o [15]
      .data            inited   0x2000'2033       0x1  nwk_util.o [26]
      .data            inited   0x2000'2034       0x1  aps.o [26]
      .data            inited   0x2000'2035       0x1  nwk.o [26]
      .data            inited   0x2000'2036       0x1  lmac_global.o [28]
      .data            inited   0x2000'2037       0x1  lmac_global.o [28]
      .data            inited   0x2000'2038       0x1  mac_sleep.o [28]
      .data            inited   0x2000'2039       0x1  mac.o [28]
      .data            inited   0x2000'203a       0x1  mac.o [28]
      .data            inited   0x2000'203b       0x1  aps_frag.o [26]
      .data            inited   0x2000'203c       0x1  reflecttrack.o [26]
      .data            inited   0x2000'203d       0x1  reflecttrack.o [26]
      .data            inited   0x2000'203e       0x1  reflecttrack.o [26]
    .bss               zero     0x2000'2040      0x40  mac_settings.o [13]
    .bss               zero     0x2000'2080      0x60  ti_sysbios_config.o [1]
    .bss               zero     0x2000'20e0     0x200  ti_sysbios_config.o [1]
    .bss               zero     0x2000'22e0     0x100  mac_radio.o [28]
    .bss               zero     0x2000'23e0     0x51c  RFCC26X2_multiMode.c.cc13x2.iar.o [29]
    .bss               zero     0x2000'28fc       0x4  af.o [16]
    .bss               zero     0x2000'2900      0x68  TRNGCC26XX.c.obj [25]
    .bss               zero     0x2000'2968       0x4  bdb.o [17]
    .bss               zero     0x2000'296c       0x4  bdb.o [17]
    .bss               zero     0x2000'2970       0x4  bdb.o [17]
    .bss               zero     0x2000'2974       0x4  bdb.o [17]
    .bss               zero     0x2000'2978       0x4  bdb.o [17]
    .bss               zero     0x2000'297c       0x4  bdb.o [17]
    .bss               zero     0x2000'2980       0x4  bdb.o [17]
    .bss               zero     0x2000'2984       0x4  bdb.o [17]
    .bss               zero     0x2000'2988       0x4  bdb.o [17]
    .bss               zero     0x2000'298c       0x4  bdb.o [17]
    .bss               zero     0x2000'2990       0x4  bdb_finding_and_binding.o [17]
    .bss               zero     0x2000'2994       0x4  bdb_finding_and_binding.o [17]
    .bss               zero     0x2000'2998      0x14  bdb_finding_and_binding.o [17]
    .bss               zero     0x2000'29ac       0x4  binding_table.o [18]
    .bss               zero     0x2000'29b0       0x4  binding_table.o [18]
    .bss               zero     0x2000'29b4       0x4  binding_table.o [18]
    .bss               zero     0x2000'29b8       0x4  binding_table.o [18]
    .bss               zero     0x2000'29bc       0x4  binding_table.o [18]
    .bss               zero     0x2000'29c0       0x4  binding_table.o [18]
    .bss               zero     0x2000'29c4       0x4  binding_table.o [18]
    .bss               zero     0x2000'29c8      0x20  mac_settings.o [13]
    .bss               zero     0x2000'29e8      0x18  mac_settings.o [13]
    .bss               zero     0x2000'2a00      0x18  mac_settings.o [13]
    .bss               zero     0x2000'2a18      0x18  mac_settings.o [13]
    .bss               zero     0x2000'2a30      0x14  mac_settings.o [13]
    .bss               zero     0x2000'2a44      0x20  mac_settings.o [13]
    .bss               zero     0x2000'2a64      0x58  main.o [4]
    .bss               zero     0x2000'2abc     0xbb8  main.o [4]
    .bss               zero     0x2000'3674       0x4  nvocmp.o [3]
    .bss               zero     0x2000'3678       0xc  nvocmp.o [3]
    .bss               zero     0x2000'3684      0x30  nvocmp.o [3]
    .bss               zero     0x2000'36b4       0x4  nvocmp.o [3]
    .bss               zero     0x2000'36b8       0xc  nvocmp.o [3]
    .bss               zero     0x2000'36c4       0x4  nvocmp.o [3]
    .bss               zero     0x2000'36c8     0x2f4  nwk_globals.o [18]
    .bss               zero     0x2000'39bc      0x70  nwk_globals.o [18]
    .bss               zero     0x2000'3a2c     0x140  nwk_globals.o [18]
    .bss               zero     0x2000'3b6c      0x60  nwk_globals.o [18]
    .bss               zero     0x2000'3bcc      0x18  nwk_globals.o [18]
    .bss               zero     0x2000'3be4      0x50  nwk_globals.o [18]
    .bss               zero     0x2000'3c34       0xc  nwk_globals.o [18]
    .bss               zero     0x2000'3c40      0x24  nwk_globals.o [18]
    .bss               zero     0x2000'3c64      0x38  nwk_globals.o [18]
    .bss               zero     0x2000'3c9c      0x6c  nwk_globals.o [18]
    .bss               zero     0x2000'3d08     0x168  osal_port.o [19]
    .bss               zero     0x2000'3e70       0x4  osal_port.o [19]
    .bss               zero     0x2000'3e74       0x4  osal_port.o [19]
    .bss               zero     0x2000'3e78       0x4  osal_port.o [19]
    .bss               zero     0x2000'3e7c       0x4  osal_port.o [19]
    .bss               zero     0x2000'3e80       0x4  osal_port.o [19]
    .bss               zero     0x2000'3e84       0x4  osal_port.o [19]
    .bss               zero     0x2000'3e88       0x4  osal_port.o [19]
    .bss               zero     0x2000'3e8c       0x4  osal_port.o [19]
    .bss               zero     0x2000'3e90       0x4  osal_port.o [19]
    .bss               zero     0x2000'3e94       0x4  osal_port_timers.o [19]
    .bss               zero     0x2000'3e98       0x4  osal_port_timers.o [19]
    .bss               zero     0x2000'3e9c       0x4  osal_port_timers.o [19]
    .bss               zero     0x2000'3ea0      0x18  ti_drivers_config.o [1]
    .bss               zero     0x2000'3eb8      0x28  ti_drivers_config.o [1]
    .bss               zero     0x2000'3ee0      0x20  ti_drivers_config.o [1]
    .bss               zero     0x2000'3f00      0x7c  ti_drivers_config.o [1]
    .bss               zero     0x2000'3f7c      0x7c  ti_drivers_config.o [1]
    .bss               zero     0x2000'3ff8      0x40  ti_drivers_config.o [1]
    .bss               zero     0x2000'4038       0xc  ti_drivers_config.o [1]
    .bss               zero     0x2000'4044     0x100  ti_drivers_config.o [1]
    .bss               zero     0x2000'4144      0x84  ti_drivers_config.o [1]
    .bss               zero     0x2000'41c8     0x170  ti_drivers_config.o [1]
    .bss               zero     0x2000'4338      0x40  ti_drivers_config.o [1]
    .bss               zero     0x2000'4378      0x40  ti_drivers_config.o [1]
    .bss               zero     0x2000'43b8      0xb8  ti_drivers_config.o [1]
    .bss               zero     0x2000'4470      0x1c  ti_sysbios_config.o [1]
    .bss               zero     0x2000'448c       0x4  ti_sysbios_config.o [1]
    .bss               zero     0x2000'4490       0x4  ti_sysbios_config.o [1]
    .bss               zero     0x2000'4494       0x4  ti_sysbios_config.o [1]
    .bss               zero     0x2000'4498      0xd8  ti_sysbios_config.o [1]
    .bss               zero     0x2000'4570      0x58  ti_sysbios_config.o [1]
    .bss               zero     0x2000'45c8      0x30  ti_sysbios_config.o [1]
    .bss               zero     0x2000'45f8      0x30  ti_sysbios_config.o [1]
    .bss               zero     0x2000'4628       0x4  ti_sysbios_config.o [1]
    .bss               zero     0x2000'462c       0x4  ti_sysbios_config.o [1]
    .bss               zero     0x2000'4630       0xc  ti_sysbios_config.o [1]
    .bss               zero     0x2000'463c       0x4  ti_sysbios_config.o [1]
    .bss               zero     0x2000'4640       0x4  ti_sysbios_config.o [1]
    .bss               zero     0x2000'4644       0x4  zcl.o [9]
    .bss               zero     0x2000'4648       0x4  zcl.o [9]
    .bss               zero     0x2000'464c       0x4  zcl.o [9]
    .bss               zero     0x2000'4650       0x4  zcl.o [9]
    .bss               zero     0x2000'4654       0x4  zcl.o [9]
    .bss               zero     0x2000'4658       0x4  zcl.o [9]
    .bss               zero     0x2000'465c       0x4  zcl_general.o [9]
    .bss               zero     0x2000'4660       0x4  zcl_port.o [9]
    .bss               zero     0x2000'4664      0xc8  zcl_port.o [9]
    .bss               zero     0x2000'472c       0x4  zcl_port.o [9]
    .bss               zero     0x2000'4730       0x4  zcl_samplesw.o [2]
    .bss               zero     0x2000'4734       0x4  zcl_samplesw.o [2]
    .bss               zero     0x2000'4738       0x4  zcl_samplesw.o [2]
    .bss               zero     0x2000'473c      0x1c  zcl_samplesw.o [2]
    .bss               zero     0x2000'4758       0x4  zcl_samplesw.o [2]
    .bss               zero     0x2000'475c      0x10  zcl_samplesw.o [2]
    .bss               zero     0x2000'476c       0x4  zcl_samplesw.o [2]
    .bss               zero     0x2000'4770      0x44  zcl_samplesw.o [2]
    .bss               zero     0x2000'47b4       0x4  zcl_samplesw.o [2]
    .bss               zero     0x2000'47b8       0xc  zcl_samplesw.o [2]
    .bss               zero     0x2000'47c4       0xc  zd_app.o [21]
    .bss               zero     0x2000'47d0       0x8  zd_app.o [21]
    .bss               zero     0x2000'47d8      0x24  zd_app.o [21]
    .bss               zero     0x2000'47fc       0x4  zd_app.o [21]
    .bss               zero     0x2000'4800       0x4  zd_app.o [21]
    .bss               zero     0x2000'4804      0x10  zd_config.o [21]
    .bss               zero     0x2000'4814       0x4  zd_config.o [21]
    .bss               zero     0x2000'4818       0x4  zd_nwk_mgr.o [21]
    .bss               zero     0x2000'481c       0x4  zd_nwk_mgr.o [21]
    .bss               zero     0x2000'4820      0x34  zd_object.o [21]
    .bss               zero     0x2000'4854       0x4  zd_object.o [21]
    .bss               zero     0x2000'4858      0x54  zd_profile.o [21]
    .bss               zero     0x2000'48ac       0x4  zd_profile.o [21]
    .bss               zero     0x2000'48b0       0x4  zd_sec_mgr.o [21]
    .bss               zero     0x2000'48b4      0x24  zd_sec_mgr.o [21]
    .bss               zero     0x2000'48d8      0x24  zd_sec_mgr.o [21]
    .bss               zero     0x2000'48fc       0x4  zglobals.o [20]
    .bss               zero     0x2000'4900       0x8  zglobals.o [20]
    .bss               zero     0x2000'4908       0x8  zglobals.o [20]
    .bss               zero     0x2000'4910       0x4  zmac.o [22]
    .bss               zero     0x2000'4914       0x4  zmac_cb.o [22]
    .bss               zero     0x2000'4918       0x4  zstackstartup.o [4]
    .bss               zero     0x2000'491c       0x4  zstackstartup.o [4]
    .bss               zero     0x2000'4920       0x4  zstackstartup.o [4]
    .bss               zero     0x2000'4924       0x4  zstackstartup.o [4]
    .bss               zero     0x2000'4928       0x4  zstackstartup.o [4]
    .bss               zero     0x2000'492c       0x4  zstackstartup.o [4]
    .bss               zero     0x2000'4930       0x4  zstackstartup.o [4]
    .bss               zero     0x2000'4934       0x4  zstackstartup.o [4]
    .bss               zero     0x2000'4938      0x58  zstackstartup.o [4]
    .bss               zero     0x2000'4990       0x4  zstackstartup.o [4]
    .bss               zero     0x2000'4994      0x24  zstackstartup.o [4]
    .bss               zero     0x2000'49b8     0xc00  zstackstartup.o [4]
    .bss               zero     0x2000'55b8      0x1c  zstackstartup.o [4]
    .bss               zero     0x2000'55d4       0x4  zstackstartup.o [4]
    .bss               zero     0x2000'55d8       0x4  zstackstartup.o [4]
    .bss               zero     0x2000'55dc       0x4  zstackstartup.o [4]
    .bss               zero     0x2000'55e0       0x4  zstackstartup.o [4]
    .bss               zero     0x2000'55e4       0x8  zstackstartup.o [4]
    .bss               zero     0x2000'55ec       0x4  zstackstartup.o [4]
    .bss               zero     0x2000'55f0       0x4  zstacktask.o [15]
    .bss               zero     0x2000'55f4       0x8  aps_mede.o [26]
    .bss               zero     0x2000'55fc       0x4  aps_mede.o [26]
    .bss               zero     0x2000'5600       0x4  aps_mede.o [26]
    .bss               zero     0x2000'5604       0x4  aps_mede.o [26]
    .bss               zero     0x2000'5608       0x4  aps_mede.o [26]
    .bss               zero     0x2000'560c       0x4  aps_mede.o [26]
    .bss               zero     0x2000'5610       0x4  aps_mede.o [26]
    .bss               zero     0x2000'5614       0x4  nwk_util.o [26]
    .bss               zero     0x2000'5618       0xc  nwk_util.o [26]
    .bss               zero     0x2000'5624      0x28  nwk_util.o [26]
    .bss               zero     0x2000'564c       0x8  nwk_util.o [26]
    .bss               zero     0x2000'5654       0x4  nwk_util.o [26]
    .bss               zero     0x2000'5658       0x4  aps_groups.o [26]
    .bss               zero     0x2000'565c       0x8  aps.o [26]
    .bss               zero     0x2000'5664       0x4  aps.o [26]
    .bss               zero     0x2000'5668       0x4  aps.o [26]
    .bss               zero     0x2000'566c       0x4  aps.o [26]
    .bss               zero     0x2000'5670       0x4  aps.o [26]
    .bss               zero     0x2000'5674       0x4  aps.o [26]
    .bss               zero     0x2000'5678       0x4  aps.o [26]
    .bss               zero     0x2000'567c       0x4  aps.o [26]
    .bss               zero     0x2000'5680       0x4  aps.o [26]
    .bss               zero     0x2000'5684       0x4  aps.o [26]
    .bss               zero     0x2000'5688       0x4  aps.o [26]
    .bss               zero     0x2000'568c       0x4  nl_mede.o [26]
    .bss               zero     0x2000'5690       0x4  nl_mede.o [26]
    .bss               zero     0x2000'5694       0x4  nl_mede.o [26]
    .bss               zero     0x2000'5698      0x74  nwk.o [26]
    .bss               zero     0x2000'570c       0x4  nwk.o [26]
    .bss               zero     0x2000'5710      0x10  nwk.o [26]
    .bss               zero     0x2000'5720       0x4  nwk.o [26]
    .bss               zero     0x2000'5724       0x4  addr_mgr.o [26]
    .bss               zero     0x2000'5728       0x4  mac_hl_patch.o [28]
    .bss               zero     0x2000'572c       0x8  hmac_global.o [28]
    .bss               zero     0x2000'5734      0x3c  hmac_global.o [28]
    .bss               zero     0x2000'5770      0x10  hmac_global.o [28]
    .bss               zero     0x2000'5780      0x34  hmac_global.o [28]
    .bss               zero     0x2000'57b4      0x20  hmac_global.o [28]
    .bss               zero     0x2000'57d4       0x8  hmac_global.o [28]
    .bss               zero     0x2000'57dc      0x1c  hmac_global.o [28]
    .bss               zero     0x2000'57f8      0x10  hmac_global.o [28]
    .bss               zero     0x2000'5808      0x2c  hmac_global.o [28]
    .bss               zero     0x2000'5834      0x10  hmac_global.o [28]
    .bss               zero     0x2000'5844       0x4  hmac_global.o [28]
    .bss               zero     0x2000'5848       0x4  hmac_global.o [28]
    .bss               zero     0x2000'584c       0x4  hmac_global.o [28]
    .bss               zero     0x2000'5850       0x4  hmac_global.o [28]
    .bss               zero     0x2000'5854       0x4  hmac_global.o [28]
    .bss               zero     0x2000'5858       0x4  hmac_global.o [28]
    .bss               zero     0x2000'585c       0x4  hmac_global.o [28]
    .bss               zero     0x2000'5860       0x4  hmac_global.o [28]
    .bss               zero     0x2000'5864      0x10  hmac_global.o [28]
    .bss               zero     0x2000'5874      0x38  hmac_global.o [28]
    .bss               zero     0x2000'58ac      0x14  hmac_global.o [28]
    .bss               zero     0x2000'58c0      0x2c  hmac_global.o [28]
    .bss               zero     0x2000'58ec       0xc  hmac_global.o [28]
    .bss               zero     0x2000'58f8      0x1c  hmac_global.o [28]
    .bss               zero     0x2000'5914      0x24  hmac_global.o [28]
    .bss               zero     0x2000'5938      0x30  hmac_global.o [28]
    .bss               zero     0x2000'5968      0x14  hmac_global.o [28]
    .bss               zero     0x2000'597c      0x6c  hmac_global.o [28]
    .bss               zero     0x2000'59e8      0x88  hmac_global.o [28]
    .bss               zero     0x2000'5a70       0x4  hmac_global.o [28]
    .bss               zero     0x2000'5a74       0x4  hmac_global.o [28]
    .bss               zero     0x2000'5a78       0x4  hmac_global.o [28]
    .bss               zero     0x2000'5a7c      0x18  hmac_global.o [28]
    .bss               zero     0x2000'5a94      0x54  hmac_global.o [28]
    .bss               zero     0x2000'5ae8      0x34  hmac_global.o [28]
    .bss               zero     0x2000'5b1c      0xfc  hmac_global.o [28]
    .bss               zero     0x2000'5c18       0x4  mac_mcu.o [28]
    .bss               zero     0x2000'5c1c       0x4  lmac_global.o [28]
    .bss               zero     0x2000'5c20       0x4  mac_radio.o [28]
    .bss               zero     0x2000'5c24       0x4  mac_radio.o [28]
    .bss               zero     0x2000'5c28       0x4  mac_radio.o [28]
    .bss               zero     0x2000'5c2c       0x4  mac_radio.o [28]
    .bss               zero     0x2000'5c30       0x4  mac_radio.o [28]
    .bss               zero     0x2000'5c34       0x4  mac_radio.o [28]
[...]
zclGeneral_FindCallbacks
                           0x1'119d    0x1e  Code  Lc  zcl_general.o [9]
zclGeneral_FindScene       0x1'b189    0x96  Code  Gb  zcl_port.o [9]
zclGeneral_HdlInSpecificCommands
                           0x1'11ed    0x82  Code  Lc  zcl_general.o [9]
zclGeneral_HdlIncoming     0x1'11c5    0x28  Code  Lc  zcl_general.o [9]
zclGeneral_ProcessInBasic
                           0x1'126f    0x24  Code  Lc  zcl_general.o [9]
zclGeneral_ProcessInGroupsClient
                           0x1'1687   0x140  Code  Lc  zcl_general.o [9]
zclGeneral_ProcessInGroupsServer
                           0x1'13ed   0x29a  Code  Lc  zcl_general.o [9]
zclGeneral_ProcessInIdentity
                           0x1'1293   0x108  Code  Lc  zcl_general.o [9]
zclGeneral_ProcessInOnOff
                           0x1'1dd1    0x2c  Code  Lc  zcl_general.o [9]
zclGeneral_ProcessInScenesClient
                           0x1'1c7f   0x152  Code  Lc  zcl_general.o [9]
zclGeneral_ProcessInScenesServer
                           0x1'17c7   0x4b8  Code  Lc  zcl_general.o [9]
zclGeneral_RegisterCmdCallbacks
                           0x1'0c0d    0x5c  Code  Gb  zcl_general.o [9]
zclGeneral_RemoveAllScenes
                           0x1'b075    0x7e  Code  Gb  zcl_port.o [9]
zclGeneral_RemoveScene     0x1'b0f3    0x96  Code  Gb  zcl_port.o [9]
zclGeneral_ScenesInit      0x1'b041    0x34  Code  Gb  zcl_port.o [9]
zclGeneral_ScenesSave      0x1'b395    0x24  Code  Gb  zcl_port.o [9]
zclGeneral_SendAddGroupRequestEx
                           0x1'0cab    0xe8  Code  Gb  zcl_general.o [9]
zclGeneral_SendGroupGetMembershipRequest
                           0x1'0d93    0xd0  Code  Gb  zcl_general.o [9]
zclGeneral_SendGroupResponse
                           0x1'0e63    0x4c  Code  Gb  zcl_general.o [9]
zclGeneral_SendGroupViewResponse
                           0x1'0eaf    0xb2  Code  Gb  zcl_general.o [9]
zclGeneral_SendIdentifyQueryResponse
                           0x1'0c69    0x42  Code  Gb  zcl_general.o [9]
zclGeneral_SendSceneGetMembershipResponse
                           0x1'10d1    0xcc  Code  Gb  zcl_general.o [9]
zclGeneral_SendSceneResponse
                           0x1'0f61    0x5c  Code  Gb  zcl_general.o [9]
zclGeneral_SendSceneViewRsp
                           0x1'0fbd   0x114  Code  Gb  zcl_general.o [9]
zclGetAttrDataLength         0xf9b1    0x54  Code  Gb  zcl.o [9]
zclGetAttrDataLengthUsingCB
                             0xfa87    0x32  Code  Lc  zcl.o [9]
zclGetAuthorizeCB            0xf4ab    0x14  Code  Lc  zcl.o [9]
zclGetClusterOption          0xf515    0x18  Code  Lc  zcl.o [9]
zclGetDataTypeLength         0xf8cb    0xe6  Code  Gb  zcl.o [9]
zclGetReadWriteCB            0xf497    0x14  Code  Lc  zcl.o [9]
zclHandleExternalList   0x2000'472c     0x4  Data  Lc  zcl_port.o [9]
zclIsLittleEndianMachine
                             0xf883    0x10  Code  Lc  zcl.o [9]
zclParseHdr                  0xf2d7    0x84  Code  Gb  zcl.o [9]
zclParseInConfigReportCmd
                             0xfea9   0x174  Code  Gb  zcl.o [9]
zclParseInDefaultRspCmd
                           0x1'0091    0x1a  Code  Lc  zcl.o [9]
zclParseInDiscAttrsCmd     0x1'00ab    0x22  Code  Gb  zcl.o [9]
zclParseInDiscAttrsExtRspCmd
                           0x1'01a3    0x78  Code  Lc  zcl.o [9]
zclParseInDiscAttrsRspCmd
                           0x1'00cd    0x74  Code  Lc  zcl.o [9]
zclParseInDiscCmdsCmd      0x1'0141    0x1c  Code  Gb  zcl.o [9]
zclParseInDiscCmdsRspCmd
                           0x1'015d    0x46  Code  Lc  zcl.o [9]
zclParseInReadCmd            0xfbf7    0x52  Code  Gb  zcl.o [9]
zclParseInReadReportCfgCmd
                           0x1'001d    0x74  Code  Gb  zcl.o [9]
zclParseInReadRspCmd         0xfc49    0xf8  Code  Lc  zcl.o [9]
zclParseInWriteCmd           0xfd41    0xe2  Code  Gb  zcl.o [9]
zclParseInWriteRspCmd        0xfe23    0x86  Code  Lc  zcl.o [9]
zclPortFind                0x1'ae83    0x48  Code  Gb  zcl_port.o [9]
zclPortFindEntity          0x1'aecb    0x46  Code  Gb  zcl_port.o [9]
zclProcessInDiscAttrs      0x1'086d    0x72  Code  Lc  zcl.o [9]
zclProcessInDiscAttrsCmd
                           0x1'08df    0xf0  Code  Lc  zcl.o [9]
zclProcessInDiscAttrsExtCmd
                           0x1'09cf    0xf8  Code  Lc  zcl.o [9]
zclProcessInDiscCmd        0x1'0ac7   0x13c  Code  Lc  zcl.o [9]
zclProcessInReadCmd        0x1'021b   0x12e  Code  Lc  zcl.o [9]
zclProcessInWriteCmd       0x1'0349   0x202  Code  Lc  zcl.o [9]
zclProcessInWriteUndividedCmd
                           0x1'05c3   0x2aa  Code  Lc  zcl.o [9]
zclReadAttrData              0xfa05    0x32  Code  Gb  zcl.o [9]
zclReadAttrDataUsingCB       0xfab9    0x36  Code  Lc  zcl.o [9]
zclRevertWriteUndividedCmd
                           0x1'054b    0x78  Code  Lc  zcl.o [9]
zclSampleSwEpDesc       0x2000'475c    0x10  Data  Lc  zcl_samplesw.o [2]
zclSampleSw_Attrs            0x17e4    0x6c  Data  Gb  zcl_samplesw_data.o [2]
zclSampleSw_BasicResetCB
                           0x2'5813     0x8  Code  Lc  zcl_samplesw.o [2]
zclSampleSw_CmdCallbacks
                        0x2000'1dc4    0x3c  Data  Lc  zcl_samplesw.o [2]
zclSampleSw_DstAddr     0x2000'47b8     0xc  Data  Gb  zcl_samplesw.o [2]
zclSampleSw_HWRevision     0x3'08e4     0x1  Data  Gb  zcl_samplesw_data.o [2]
zclSampleSw_IdentifyTime
                        0x2000'5f2e     0x2  Data  Gb  zcl_samplesw_data.o [2]
zclSampleSw_InClusterList
                             0x1850     0x4  Data  Gb  zcl_samplesw_data.o [2]
zclSampleSw_Init           0x2'5453    0x6a  Code  Lc  zcl_samplesw.o [2]
zclSampleSw_ManufacturerName
                             0x17d0    0x14  Data  Gb  zcl_samplesw_data.o [2]
zclSampleSw_NumAttributes
                           0x3'08e7     0x1  Data  Gb  zcl_samplesw_data.o [2]
zclSampleSw_OutClusterList
                             0x1854     0x8  Data  Gb  zcl_samplesw_data.o [2]
zclSampleSw_PhysicalEnvironment
                        0x2000'5f68     0x1  Data  Gb  zcl_samplesw_data.o [2]
zclSampleSw_PowerSource
                           0x3'08e6     0x1  Data  Gb  zcl_samplesw_data.o [2]
zclSampleSw_ProcessCommissioningStatus
                           0x2'5749    0xca  Code  Lc  zcl_samplesw.o [2]
zclSampleSw_ProcessInDefaultRspCmd
                           0x2'58ab     0x4  Code  Lc  zcl_samplesw.o [2]
zclSampleSw_ProcessInDiscAttrsExtRspCmd
                           0x2'58db    0x16  Code  Lc  zcl_samplesw.o [2]
zclSampleSw_ProcessInDiscAttrsRspCmd
                           0x2'58c5    0x16  Code  Lc  zcl_samplesw.o [2]
zclSampleSw_ProcessInDiscCmdsRspCmd
                           0x2'58af    0x16  Code  Lc  zcl_samplesw.o [2]
zclSampleSw_ProcessInReadRspCmd
                           0x2'587f    0x16  Code  Lc  zcl_samplesw.o [2]
zclSampleSw_ProcessInWriteRspCmd
                           0x2'5895    0x16  Code  Lc  zcl_samplesw.o [2]
zclSampleSw_ProcessIncomingMsg
                           0x2'581d    0x62  Code  Lc  zcl_samplesw.o [2]
zclSampleSw_ResetAttributesToDefaultValues
                           0x2'be85    0x18  Code  Gb  zcl_samplesw_data.o [2]
zclSampleSw_SimpleDesc  0x2000'1e00    0x14  Data  Gb  zcl_samplesw_data.o [2]
zclSampleSw_ZCLVersion     0x3'08e5     0x1  Data  Gb  zcl_samplesw_data.o [2]
zclSampleSw_basic_clusterRevision
                           0x1'2aee     0x2  Data  Gb  zcl_samplesw_data.o [2]
zclSampleSw_identify_clusterRevision
                           0x1'3262     0x2  Data  Gb  zcl_samplesw_data.o [2]
zclSampleSw_initParameters
                           0x2'54bd    0x5c  Code  Lc  zcl_samplesw.o [2]
zclSampleSw_initialization
                           0x2'5393    0xc0  Code  Lc  zcl_samplesw.o [2]
zclSampleSw_initializeClocks
                           0x2'5519    0x24  Code  Lc  zcl_samplesw.o [2]
zclSampleSw_onoff_clusterRevision
                           0x1'36f6     0x2  Data  Gb  zcl_samplesw_data.o [2]
zclSampleSw_processAfIncomingMsgInd
                           0x2'5699    0xb0  Code  Lc  zcl_samplesw.o [2]
zclSampleSw_processEndDeviceRejoinTimeoutCallback
                           0x2'553d    0x1a  Code  Lc  zcl_samplesw.o [2]
zclSampleSw_processZStackMsgs
                           0x2'55f7    0xa2  Code  Lc  zcl_samplesw.o [2]
zclSampleSw_process_loop
                           0x2'5583    0x74  Code  Lc  zcl_samplesw.o [2]
zclSceneNVID            0x2000'1ff4     0x2  Data  Lc  zcl_port.o [9]
zclSerializeData             0xf709   0x15c  Code  Gb  zcl.o [9]
zclSetSecurityOption         0xf52d    0x2a  Code  Lc  zcl.o [9]
zclWriteAttrData             0xfb17    0x56  Code  Lc  zcl.o [9]
zclWriteAttrDataUsingCB
                             0xfb85    0x4a  Code  Lc  zcl.o [9]
zcl_AF_DataRequest         0x1'af5b    0x94  Code  Gb  zcl_port.o [9]
zcl_BuildAnalogData          0xf893    0x38  Code  Lc  zcl.o [9]
zcl_DeviceOperational        0xe755    0x50  Code  Lc  zcl.o [9]
zcl_Groups_Options      0x2000'1a6c     0x4  Data  Lc  bdb_finding_and_binding.o [17]
zcl_HandleExternal         0x1'adfd    0x2a  Code  Gb  zcl_port.o [9]
zcl_ProcessMessageMSG        0xef39   0x39e  Code  Gb  zcl.o [9]
zcl_ReadAttrData             0xfa37    0x50  Code  Gb  zcl.o [9]
zcl_SendCommandEx            0xe7a5   0x192  Code  Gb  zcl.o [9]
zcl_SendDefaultRspCmd        0xec77    0x46  Code  Gb  zcl.o [9]
zcl_SendDiscoverAttrsExtRsp
                             0xee6b    0xce  Code  Gb  zcl.o [9]
zcl_SendDiscoverAttrsRspCmd
                             0xed9d    0xce  Code  Gb  zcl.o [9]
zcl_SendDiscoverCmdsRspCmd
                             0xecbd    0xe0  Code  Gb  zcl.o [9]
zcl_SendReadRsp              0xe951   0x13a  Code  Gb  zcl.o [9]
zcl_SendReportCmdEx          0xeb5b   0x11c  Code  Gb  zcl.o [9]
zcl_SendWriteRsp             0xea8b    0xd0  Code  Gb  zcl.o [9]
zcl_TransID             0x2000'5f63     0x1  Data  Gb  zcl.o [9]
zcl_ValidateAttrDataCB  0x2000'4644     0x4  Data  Gb  zcl.o [9]
zcl_afFindEndPointDesc     0x1'af11    0x4a  Code  Gb  zcl_port.o [9]
zcl_buffer_uint32          0x1'ae67    0x1c  Code  Gb  zcl_port.o [9]
zcl_getFrameCounter        0x1'0c03     0x6  Code  Gb  zcl.o [9]
zcl_getRawAFMsg              0xe691     0x6  Code  Gb  zcl.o [9]
zcl_mem_alloc              0x1'ae27     0xa  Code  Gb  zcl_port.o [9]
zcl_mem_free               0x1'ae5b     0xc  Code  Gb  zcl_port.o [9]
zcl_memcpy                 0x1'ae47    0x14  Code  Gb  zcl_port.o [9]
zcl_memset                 0x1'ae31    0x16  Code  Gb  zcl_port.o [9]
zcl_radius              0x2000'200a     0x1  Data  Gb  zcl.o [9]
zcl_registerAttrList         0xe6d5    0x42  Code  Gb  zcl.o [9]
zcl_registerClusterOptionList
                             0xe717    0x3e  Code  Gb  zcl.o [9]
zcl_registerPlugin           0xe697    0x3e  Code  Gb  zcl.o [9]
zclport_initializeNVItem
                           0x1'ace5    0x64  Code  Gb  zcl_port.o [9]
zclport_readNV             0x1'adb9    0x44  Code  Gb  zcl_port.o [9]
zclport_registerEndpoint
                           0x1'abbd    0xb6  Code  Gb  zcl_port.o [9]
zclport_registerNV         0x1'ac73     0xe  Code  Gb  zcl_port.o [9]
zclport_registerZclHandleExternal
                           0x1'ac81    0x64  Code  Gb  zcl_port.o [9]
zclport_writeNV            0x1'ad49    0x70  Code  Gb  zcl_port.o [9]
zdAppServiceEvents      0x2000'4928     0x4  Data  Lc  zstackstartup.o [4]
zdoBeaconNotifyIndCB       0x2'868d    0x12  Code  Lc  zstacktask.o [15]
zdoBindUnbindAuthAddr   0x2000'1e24     0x8  Data  Gb  zd_object.o [21]
zdoBindUnbindAuthClusterId
                        0x2000'5f30     0x2  Data  Gb  zd_object.o [21]
zdoBindUnbindAuthEndpoint
                        0x2000'5f71     0x1  Data  Gb  zd_object.o [21]
zdoCBFunc               0x2000'47d8    0x24  Data  Gb  zd_app.o [21]
zdoConcentratorIndCB       0x2'87ad    0x12  Code  Lc  zstacktask.o [15]
zdoJoinCnfCB               0x2'8805    0x12  Code  Lc  zstacktask.o [15]
zdoLeaveIndCB              0x2'8853    0x12  Code  Lc  zstacktask.o [15]
zdoMsgCBs               0x2000'48ac     0x4  Data  Gb  zd_profile.o [21]
zdoNwkDiscCnfCB            0x2'85d1    0x42  Code  Lc  zstacktask.o [15]
zdoPermitJoinIndCB         0x2'88c5    0x16  Code  Lc  zstacktask.o [15]
zdoSendStateChangeMsg        0xb7ef    0x42  Code  Lc  zd_object.o [21]
zdoSrcRtgCB                0x2'872b    0x12  Code  Lc  zstacktask.o [15]
zdoTcDeviceIndCB           0x2'8911    0x16  Code  Lc  zstacktask.o [15]
zdpExternalStateTaskID  0x2000'1ff6     0x2  Data  Gb  zd_object.o [21]
zdpMsgProcs                  0x186c    0x68  Data  Gb  zd_profile.o [21]
zdpProcessAddrReq          0x1'20f5   0x114  Code  Gb  zd_profile.o [21]
zgAllowInstallCodes     0x2000'2013     0x1  Data  Gb  zglobals.o [20]
zgAllowRadioRxOff       0x2000'2022     0x1  Data  Gb  zglobals.o [20]
zgApsAckWaitMultiplier  0x2000'2024     0x1  Data  Gb  zglobals.o [20]
zgApsAllowR19Sec        0x2000'5f7e     0x1  Data  Gb  zglobals.o [20]
zgApsDefaultMaxBindingTime
                        0x2000'1ffa     0x2  Data  Gb  zglobals.o [20]
zgApsLinkKeyType        0x2000'2028     0x1  Data  Gb  zglobals.o [20]
zgApsMinDupRejTableSize
                        0x2000'2000     0x2  Data  Gb  zglobals.o [20]
zgApsNonMemberRadius    0x2000'2026     0x1  Data  Gb  zglobals.o [20]
zgApsTrustCenterAddr    0x2000'4900     0x8  Data  Gb  zglobals.o [20]
zgApsUseExtendedPANID   0x2000'4908     0x8  Data  Gb  zglobals.o [20]
zgApsUseInsecureJoin    0x2000'2025     0x1  Data  Gb  zglobals.o [20]
zgApscAckWaitDurationPolled
                        0x2000'1ff8     0x2  Data  Gb  zglobals.o [20]
zgApscDupRejTimeoutCount
                        0x2000'2027     0x1  Data  Gb  zglobals.o [20]
zgApscDupRejTimeoutInc  0x2000'1ffe     0x2  Data  Gb  zglobals.o [20]
zgApscMaxFrameRetries   0x2000'2023     0x1  Data  Gb  zglobals.o [20]
zgBcastDeliveryTime     0x2000'2018     0x1  Data  Gb  zglobals.o [20]
zgBdbAttemptUnsecureRejoin
                        0x2000'202d     0x1  Data  Gb  zglobals.o [20]
zgBdbMaxSecureRejoinAttempts
                        0x2000'202e     0x1  Data  Gb  zglobals.o [20]
zgChildAgingEnable      0x2000'2021     0x1  Data  Gb  zglobals.o [20]
zgConcentratorDiscoveryTime
                        0x2000'5f77     0x1  Data  Gb  zglobals.o [20]
zgConcentratorEnable    0x2000'5f76     0x1  Data  Gb  zglobals.o [20]
zgConcentratorRC        0x2000'5f78     0x1  Data  Gb  zglobals.o [20]
zgConcentratorRadius    0x2000'2019     0x1  Data  Gb  zglobals.o [20]
zgConfigPANID           0x2000'2002     0x2  Data  Gb  zglobals.o [20]
zgDefaultChannelList    0x2000'48fc     0x4  Data  Gb  zglobals.o [20]
zgDeviceLogicalType     0x2000'2029     0x1  Data  Gb  zglobals.o [20]
zgEndDeviceConfiguration
                        0x2000'5f7a     0x1  Data  Gb  zglobals.o [20]
zgEndDeviceKeepAliveMessagesPerTimeout
                        0x2000'201f     0x1  Data  Gb  zglobals.o [20]
zgEndDeviceTimeoutValue
                        0x2000'2020     0x1  Data  Gb  zglobals.o [20]
zgExtendedPANID         0x2000'1e34     0x8  Data  Gb  zglobals.o [20]
zgIndirectMsgTimeout    0x2000'2011     0x1  Data  Gb  zglobals.o [20]
zgInit                     0x1'aa47    0x5e  Code  Gb  zglobals.o [20]
zgInitItems                0x1'aaa5    0x44  Code  Gb  zglobals.o [20]
zgItemInit                 0x1'a9fd    0x4a  Code  Lc  zglobals.o [20]
zgItemTable                  0x18dc   0x190  Data  Lc  zglobals.o [20]
zgMaxBcastRetires       0x2000'2016     0x1  Data  Gb  zglobals.o [20]
zgMaxDataRetries        0x2000'200e     0x1  Data  Gb  zglobals.o [20]
zgMaxMissingMacAckLinkFailure
                        0x2000'200f     0x1  Data  Gb  zglobals.o [20]
zgNwkCommissionedNwkAddr
                        0x2000'1ffc     0x2  Data  Gb  zglobals.o [20]
zgNwkEndDeviceTimeoutDefault
                        0x2000'201e     0x1  Data  Gb  zglobals.o [20]
zgNwkLeaveRequestAllowed
                        0x2000'201c     0x1  Data  Gb  zglobals.o [20]
zgNwkMgrMinTransmissions
                        0x2000'202c     0x1  Data  Gb  zglobals.o [20]
zgNwkMgrMode            0x2000'202f     0x1  Data  Gb  zglobals.o [20]
zgNwkParentInformation  0x2000'5f79     0x1  Data  Gb  zglobals.o [20]
zgNwkProcessLocalLeaveCnf
                        0x2000'201d     0x1  Data  Gb  zglobals.o [20]
zgNwkSrcRtgExpiryTime   0x2000'201a     0x1  Data  Gb  zglobals.o [20]
zgPassiveAckTimeout     0x2000'2017     0x1  Data  Gb  zglobals.o [20]
zgPreConfigKeys         0x2000'5f7c     0x1  Data  Gb  zglobals.o [20]
zgPreconfigKeyInit         0x1'ab71    0x4c  Code  Lc  zglobals.o [20]
zgReadStartupOptions       0x1'aae9    0x28  Code  Gb  zglobals.o [20]
zgRouteDiscoveryTime    0x2000'2014     0x1  Data  Gb  zglobals.o [20]
zgRouteExpiryTime       0x2000'2015     0x1  Data  Gb  zglobals.o [20]
zgRouterOffAssocCleanup
                        0x2000'201b     0x1  Data  Gb  zglobals.o [20]
zgRxAlwaysOn            0x2000'5f7b     0x1  Data  Gb  zglobals.o [20]
zgSapiEndpoint          0x2000'2030     0x1  Data  Gb  zglobals.o [20]
zgSecurePermitJoin      0x2000'2012     0x1  Data  Gb  zglobals.o [20]
zgStackProfile          0x2000'2010     0x1  Data  Gb  zglobals.o [20]
zgStartDelay            0x2000'202a     0x1  Data  Gb  zglobals.o [20]
zgUseDefaultTCLK        0x2000'5f7d     0x1  Data  Gb  zglobals.o [20]
zgWriteStartupOptions      0x1'ab11    0x4e  Code  Gb  zglobals.o [20]
zgZdoDirectCB           0x2000'202b     0x1  Data  Gb  zglobals.o [20]
zmacCBSizeTable              0x1a6c    0x14  Data  Gb  zmac_cb.o [22]
zmain_ext_addr             0x2'50f9    0xfc  Code  Lc  zstackstartup.o [4]
zsProcessZDOMsgs           0x2'8245   0x196  Code  Lc  zstacktask.o [15]
zstackServiceEvents     0x2000'4930     0x4  Data  Lc  zstackstartup.o [4]
zstackTasksArr               0x1ae4    0x1c  Data  Gb  zstackstartup.o [4]
zstackTasksCnt             0x3'08e9     0x1  Data  Gb  zstackstartup.o [4]
zstack_user0Cfg         0x2000'1ab8    0x5c  Data  Gb  main.o [4]


[1] = F:\Zigbee_communication\EndDevice\default\Obj\SysConfig Generated Files
[2] = F:\Zigbee_communication\EndDevice\default\Obj\ZED Sw\Application
[3] = F:\Zigbee_communication\EndDevice\default\Obj\ZED Sw\Application\Services
[4] = F:\Zigbee_communication\EndDevice\default\Obj\ZED Sw\Application\StartUp
[5] = F:\Zigbee_communication\EndDevice\default\Obj\ZED Sw\Application\ZStackApi
[6] = F:\Zigbee_communication\EndDevice\default\Obj\ZED Sw\Application\util
[7] = F:\Zigbee_communication\EndDevice\default\Obj\ZED Sw\Common\gp
[8] = F:\Zigbee_communication\EndDevice\default\Obj\ZED Sw\Common\touchlink
[9] = F:\Zigbee_communication\EndDevice\default\Obj\ZED Sw\Common\zcl
[10] = F:\Zigbee_communication\EndDevice\default\Obj\ZED Sw\Stack\Config
[11] = F:\Zigbee_communication\EndDevice\default\Obj\ZED Sw\Stack\MAC\Debug
[12] = F:\Zigbee_communication\EndDevice\default\Obj\ZED Sw\Stack\MAC\HighLevel
[13] = F:\Zigbee_communication\EndDevice\default\Obj\ZED Sw\Stack\MAC\LowLevel
[14] = F:\Zigbee_communication\EndDevice\default\Obj\ZED Sw\Stack\ROM
[15] = F:\Zigbee_communication\EndDevice\default\Obj\ZED Sw\Stack\ZStackTask
[16] = F:\Zigbee_communication\EndDevice\default\Obj\ZED Sw\Stack\af
[17] = F:\Zigbee_communication\EndDevice\default\Obj\ZED Sw\Stack\bdb
[18] = F:\Zigbee_communication\EndDevice\default\Obj\ZED Sw\Stack\nwk
[19] = F:\Zigbee_communication\EndDevice\default\Obj\ZED Sw\Stack\osal_port
[20] = F:\Zigbee_communication\EndDevice\default\Obj\ZED Sw\Stack\sys
[21] = F:\Zigbee_communication\EndDevice\default\Obj\ZED Sw\Stack\zdo
[22] = F:\Zigbee_communication\EndDevice\default\Obj\ZED Sw\Stack\zmac
[23] = dl7M_tln.a
[24] = driverlib.lib
[25] = drivers_cc13x2.a
[26] = libZStack_nwk_zed.a
[27] = m7M_tls.a
[28] = maclib_nosecure_cc13x2_2_4g_tirtos7.a
[29] = rf_multiMode_cc13x2.a
[30] = rt7M_tl.a
[31] = shb_l.a
[32] = sysbios.a

  190'273 bytes of readonly  code memory
    9'310 bytes of readonly  data memory
   19'097 bytes of readwrite data memory

Errors: 1
Warnings: none
